"cd-cps"
"Iteration" "cd etc.."
("Iteration" "cd" "cps(t1)" "cps(t2)" "cps(t3)" "cps(t4)" "cps(t5)" "cps(t6)" "cps(t7)" "cps(t8)")
314 0.6136127669107712 -0.9957457780838013 -0.656129777431488 -0.1677563637495041 -0.1690535843372345 -0.3464365601539612 -0.6298857927322388 -0.402446836233139 -0.2652851045131683
315 0.6135908293655148 -0.9957296848297119 -0.6561156511306763 -0.1677252054214478 -0.1688047796487808 -0.3439771234989166 -0.6217729449272156 -0.4046461582183838 -0.2647390365600586
316 0.6136992119448251 -0.9957172870635986 -0.6560994386672974 -0.1676893383264542 -0.1685207635164261 -0.3414477705955505 -0.6134467720985413 -0.4129760265350342 -0.2633742988109589
317 0.613910570669024 -0.9957118034362793 -0.6560900211334229 -0.1676615029573441 -0.1682583838701248 -0.3393684923648834 -0.6061553359031677 -0.4267253875732422 -0.2621754705905914
318 0.614303232959169 -0.9957127571105957 -0.6560867428779602 -0.1676443815231323 -0.1680754870176315 -0.3382419943809509 -0.6017611622810364 -0.4433284401893616 -0.2633479237556458
319 0.6150052667344278 -0.9957194924354553 -0.6560869216918945 -0.1676388531923294 -0.168024480342865 -0.3384025394916534 -0.6027976870536804 -0.4588921666145325 -0.2671115696430206
320 0.6160127264581415 -0.9957287311553955 -0.6560848951339722 -0.1676408797502518 -0.1681183129549026 -0.3398169577121735 -0.6102949976921082 -0.4695146083831787 -0.2718549370765686
321 0.6171745273606228 -0.9957341551780701 -0.6560730934143066 -0.1676417589187622 -0.1683234870433807 -0.3421565294265747 -0.6228069663047791 -0.4724441170692444 -0.2758736908435822
322 0.6182806551495478 -0.9957405924797058 -0.6560546159744263 -0.1676401197910309 -0.1685908734798431 -0.3448764979839325 -0.6360028982162476 -0.4669769704341888 -0.2781969010829926
323 0.6191446724108775 -0.9957453608512878 -0.6560302972793579 -0.1676340848207474 -0.1688614934682846 -0.3474240005016327 -0.64571613073349 -0.4546327590942383 -0.2785415649414062
324 0.6196608912322128 -0.9957602024078369 -0.6560127735137939 -0.1676366925239563 -0.1690948307514191 -0.3492739498615265 -0.6498428583145142 -0.4385706782341003 -0.276744544506073
325 0.619779671558622 -0.9957802891731262 -0.6560081243515015 -0.1676442474126816 -0.1692457348108292 -0.350191056728363 -0.6489856839179993 -0.4222980737686157 -0.2734905183315277
326 0.6196761737668669 -0.9958068132400513 -0.6560178399085999 -0.1676546782255173 -0.1693010181188583 -0.3500713109970093 -0.6445987224578857 -0.4089913368225098 -0.2698920071125031
327 0.6194450381149886 -0.9958381652832031 -0.6560378074645996 -0.1676635593175888 -0.1692565381526947 -0.3489700257778168 -0.638233482837677 -0.400135725736618 -0.2664249241352081
328 0.6191371438584425 -0.9958670735359192 -0.6560577750205994 -0.1676600575447083 -0.1691071689128876 -0.3470615148544312 -0.6309758424758911 -0.3962861001491547 -0.2629438638687134
329 0.6187255253817343 -0.9958916902542114 -0.6560767889022827 -0.1676460206508636 -0.1688684374094009 -0.3446410894393921 -0.6235279440879822 -0.3983378708362579 -0.2588725686073303
330 0.6181956093710286 -0.995911180973053 -0.6560954451560974 -0.1676283180713654 -0.168587401509285 -0.3421796262264252 -0.6165118217468262 -0.4071590006351471 -0.2549692094326019
331 0.6176879694324482 -0.9959241151809692 -0.6561119556427002 -0.1676139235496521 -0.1683222949504852 -0.3400939106941223 -0.6107574105262756 -0.4214549958705902 -0.2535486817359924
332 0.6171547986653321 -0.9959418773651123 -0.6561403870582581 -0.167623296380043 -0.1681618243455887 -0.3390851318836212 -0.6080533862113953 -0.4378836750984192 -0.255428671836853
333 0.6167467009714945 -0.9959559440612793 -0.6561717391014099 -0.1676495373249054 -0.1681467443704605 -0.3394931852817535 -0.6102967262268066 -0.4527641534805298 -0.2597916126251221
334 0.616461281224794 -0.995961606502533 -0.6561965346336365 -0.1676856875419617 -0.1683203727006912 -0.3414626121520996 -0.6188825964927673 -0.462041050195694 -0.2647013366222382
335 0.6162683496872639 -0.9959501028060913 -0.6562017202377319 -0.1677162647247314 -0.1685923039913177 -0.3442464172840118 -0.6324895024299622 -0.4635879099369049 -0.2679915130138397
336 0.6159910917033594 -0.9959182143211365 -0.656185507774353 -0.1677347421646118 -0.1688886433839798 -0.3471131324768066 -0.6460416913032532 -0.4570901989936829 -0.2688497006893158
337 0.6155402442847963 -0.9958717226982117 -0.6561550498008728 -0.1677393317222595 -0.169134259223938 -0.3493916988372803 -0.6551682949066162 -0.4444195628166199 -0.2678642272949219
338 0.6148431861292213 -0.9958198070526123 -0.6561207175254822 -0.1677354127168655 -0.1692882627248764 -0.350659042596817 -0.6576274037361145 -0.4293992817401886 -0.2661025822162628
339 0.6139490788347003 -0.9957684874534607 -0.6560911536216736 -0.1677287220954895 -0.1693382263183594 -0.3507719933986664 -0.653603732585907 -0.4158006012439728 -0.2643909752368927
340 0.6129986809773972 -0.9957261681556702 -0.6560728549957275 -0.1677234619855881 -0.1692934930324554 -0.349820464849472 -0.6448346376419067 -0.4061791598796844 -0.2633495628833771
341 0.6124159016771121 -0.9956798553466797 -0.656046986579895 -0.1677037477493286 -0.1691604852676392 -0.3481000959873199 -0.6337594985961914 -0.401524692773819 -0.2634558975696564
342 0.6122604586261936 -0.9956422448158264 -0.6560275554656982 -0.1676786988973618 -0.1689467430114746 -0.3457546234130859 -0.6225792169570923 -0.4020950198173523 -0.2636159658432007
343 0.6123997670353784 -0.9956097006797791 -0.6560105085372925 -0.1676465719938278 -0.1686715185642242 -0.3430957496166229 -0.6127522587776184 -0.4084512591362 -0.2626070976257324
344 0.6127400813037726 -0.9955854415893555 -0.6559964418411255 -0.1676132380962372 -0.1683814972639084 -0.3405703604221344 -0.6056490540504456 -0.4209609031677246 -0.2609093189239502
345 0.6131848703262732 -0.9955864548683167 -0.6560016274452209 -0.1675994843244553 -0.1681507080793381 -0.3387553095817566 -0.6024452447891235 -0.4379828870296478 -0.2610158026218414
346 0.6137640945651101 -0.99559485912323 -0.6560099720954895 -0.1675971299409866 -0.1680349707603455 -0.3381748199462891 -0.6040257811546326 -0.4557101130485535 -0.2642844617366791
347 0.6144795117181826 -0.9956144094467163 -0.6560238599777222 -0.1676109582185745 -0.1680749654769897 -0.339063286781311 -0.6108192801475525 -0.4696860909461975 -0.2692469954490662
348 0.6152618238880776 -0.9956356287002563 -0.6560323238372803 -0.1676295101642609 -0.1682520806789398 -0.3412031829357147 -0.6221790909767151 -0.4764665365219116 -0.2738306224346161
349 0.6159879641059767 -0.9956469535827637 -0.6560294628143311 -0.1676484495401382 -0.168532520532608 -0.3440985977649689 -0.635325014591217 -0.4743129014968872 -0.276584804058075
350 0.6165494404889164 -0.9956507086753845 -0.6560122966766357 -0.1676609218120575 -0.168851375579834 -0.3470182716846466 -0.6462461948394775 -0.4636032581329346 -0.2769411504268646
351 0.6168546559552349 -0.9956477284431458 -0.6559918522834778 -0.1676655262708664 -0.1691159754991531 -0.3493537604808807 -0.6529314517974854 -0.4471906721591949 -0.275144100189209
352 0.6168941074125096 -0.9956438541412354 -0.6559765934944153 -0.1676658093929291 -0.1692915707826614 -0.3507285416126251 -0.6545366644859314 -0.4294213354587555 -0.2720764875411987
353 0.6167215854639423 -0.9956539273262024 -0.6559779644012451 -0.1676701456308365 -0.1693719476461411 -0.3510441482067108 -0.6520490646362305 -0.4140064418315887 -0.2685270607471466
354 0.616459471536524 -0.9956718683242798 -0.6559908390045166 -0.1676759570837021 -0.1693629622459412 -0.3504082560539246 -0.6468539834022522 -0.4029294550418854 -0.2650384902954102
355 0.6162154522881241 -0.9957001209259033 -0.6560162901878357 -0.1676851063966751 -0.1692819148302078 -0.3490280508995056 -0.6400960087776184 -0.3965468406677246 -0.2617164254188538
356 0.6160311728951068 -0.9957413077354431 -0.6560528874397278 -0.1676962822675705 -0.1691408008337021 -0.3471527993679047 -0.6327971220016479 -0.3951393961906433 -0.257922351360321
357 0.6159443682137201 -0.995783269405365 -0.6560894250869751 -0.1677027642726898 -0.1689532697200775 -0.3450051248073578 -0.6257758140563965 -0.3993211388587952 -0.2539511919021606
358 0.6160541017053712 -0.9958273768424988 -0.6561251282691956 -0.1677039265632629 -0.1687360405921936 -0.342914879322052 -0.6197783350944519 -0.4092121422290802 -0.2506016790866852
359 0.6165176457304349 -0.9958701729774475 -0.6561572551727295 -0.1677031219005585 -0.1685407161712646 -0.3413170278072357 -0.6156331300735474 -0.4234105050563812 -0.2500496506690979
360 0.6173577922008773 -0.9959136247634888 -0.6561882495880127 -0.1677091121673584 -0.168438196182251 -0.3406961858272552 -0.6146304607391357 -0.4389208853244781 -0.2529270648956299
361 0.6184220410159056 -0.9959635734558105 -0.6562203764915466 -0.1677233725786209 -0.1684499382972717 -0.3411951661109924 -0.6178461909294128 -0.4524532854557037 -0.2577581703662872
362 0.6194764892034822 -0.9960055351257324 -0.6562392711639404 -0.1677346676588058 -0.168567568063736 -0.3426806330680847 -0.625203549861908 -0.4610929191112518 -0.2625485062599182
363 0.6202344186206739 -0.996043860912323 -0.6562511324882507 -0.1677479147911072 -0.1687590032815933 -0.344748467206955 -0.6349740028381348 -0.4631091356277466 -0.2660707831382751
364 0.6204733395479116 -0.9960753321647644 -0.6562565565109253 -0.1677610576152802 -0.1689759641885757 -0.3469011187553406 -0.6436139941215515 -0.4584052860736847 -0.2680248618125916
365 0.620085680896194 -0.9960944652557373 -0.6562557220458984 -0.1677739322185516 -0.1691724061965942 -0.348677009344101 -0.6485297679901123 -0.4484593570232391 -0.2688198089599609
366 0.618928921925584 -0.9960905313491821 -0.6562443971633911 -0.1677801162004471 -0.1692911833524704 -0.349618136882782 -0.6487523913383484 -0.4359941184520721 -0.268797904253006
367 0.6172677902861791 -0.9960535764694214 -0.6562210917472839 -0.1677753776311874 -0.1693127006292343 -0.3496130108833313 -0.6451164484024048 -0.4237934648990631 -0.26859450340271
368 0.6155409407801217 -0.9959905743598938 -0.656187117099762 -0.1677570194005966 -0.1692377179861069 -0.3486854135990143 -0.638786256313324 -0.4141821265220642 -0.2689475417137146
369 0.6141073388097262 -0.9959059953689575 -0.6561426520347595 -0.1677238047122955 -0.1690726429224014 -0.3470011949539185 -0.6307766437530518 -0.4081904292106628 -0.2699093222618103
370 0.6131352358846044 -0.995807945728302 -0.6560875177383423 -0.1676739007234573 -0.1688293069601059 -0.3448039889335632 -0.6219180226325989 -0.4064023196697235 -0.2706686556339264
371 0.6125996215077516 -0.9957103133201599 -0.6560319662094116 -0.167618066072464 -0.1685389280319214 -0.3424071967601776 -0.6132826209068298 -0.4098483026027679 -0.2700816690921783
372 0.6124248546564878 -0.9956287145614624 -0.655982494354248 -0.1675694435834885 -0.1682433485984802 -0.3401098549365997 -0.6059611439704895 -0.4192411303520203 -0.2685236930847168
373 0.6123663714320972 -0.9955645203590393 -0.6559479236602783 -0.167535588145256 -0.1679986715316772 -0.338451623916626 -0.6014808416366577 -0.4330002963542938 -0.2674028277397156
374 0.612482252311413 -0.9955135583877563 -0.6559244394302368 -0.1675166636705399 -0.1678545922040939 -0.3378714323043823 -0.6012442708015442 -0.4480733275413513 -0.2685909867286682
375 0.6128753444826341 -0.9954808354377747 -0.6559138298034668 -0.1675176173448563 -0.1678588688373566 -0.3385962545871735 -0.6066677570343018 -0.4607506990432739 -0.2716522216796875
376 0.6135040130154207 -0.9954529404640198 -0.6559012532234192 -0.1675247848033905 -0.1679999679327011 -0.3405246138572693 -0.6175357103347778 -0.4678022861480713 -0.274892657995224
377 0.614155845464777 -0.9954432249069214 -0.6558979153633118 -0.1675446927547455 -0.1682584583759308 -0.3432484567165375 -0.6310727000236511 -0.4672125279903412 -0.2768149375915527
378 0.6146383016842105 -0.9954417943954468 -0.6558939814567566 -0.1675641536712646 -0.1685639321804047 -0.3461573421955109 -0.6430463194847107 -0.4590270221233368 -0.276928573846817
379 0.6148147719021524 -0.9954479932785034 -0.6558905243873596 -0.1675823330879211 -0.1688615828752518 -0.3486992418766022 -0.6504417061805725 -0.4453610777854919 -0.2752560675144196
380 0.614669117078413 -0.9954675436019897 -0.6558972597122192 -0.1676049530506134 -0.1691022515296936 -0.3504713475704193 -0.6527430415153503 -0.4295265972614288 -0.2723755836486816
381 0.6141858808583798 -0.995514988899231 -0.6559302806854248 -0.1676475256681442 -0.1692686527967453 -0.3511413931846619 -0.6508055925369263 -0.4147794842720032 -0.2685956656932831
382 0.613660021605218 -0.9955537915229797 -0.6559605598449707 -0.1676769703626633 -0.1693246364593506 -0.3507550060749054 -0.6463335156440735 -0.4033070504665375 -0.2646714448928833
383 0.6134422187031011 -0.9955947399139404 -0.6559928059577942 -0.1676944196224213 -0.169275090098381 -0.3494352400302887 -0.6405910849571228 -0.3960804045200348 -0.2611010372638702
384 0.6136538016453081 -0.9956331849098206 -0.6560209989547729 -0.1676956415176392 -0.1691256165504456 -0.3474254608154297 -0.6342931985855103 -0.3939365446567535 -0.2572688162326813
385 0.6142432742509385 -0.9956753253936768 -0.6560485363006592 -0.1676861792802811 -0.1689079403877258 -0.3450732529163361 -0.6277348399162292 -0.3980715572834015 -0.2528172731399536
386 0.6150919379916941 -0.9957343935966492 -0.6560864448547363 -0.1676815897226334 -0.168680727481842 -0.3428894877433777 -0.6211961507797241 -0.4089783132076263 -0.249593198299408
387 0.6160798588588573 -0.9958073496818542 -0.656135082244873 -0.1676913797855377 -0.1685157269239426 -0.341448962688446 -0.6156090497970581 -0.4246564507484436 -0.250077486038208
388 0.6170101890790554 -0.9958916902542114 -0.6561933755874634 -0.1677218973636627 -0.1684730499982834 -0.3411710560321808 -0.6129317283630371 -0.441178560256958 -0.2540827989578247
389 0.6176455837497188 -0.9959662556648254 -0.6562454700469971 -0.167756974697113 -0.1685271859169006 -0.3418859541416168 -0.6150382161140442 -0.4549697041511536 -0.2592237889766693
390 0.6179910542192547 -0.9960342049598694 -0.6562930345535278 -0.1678014397621155 -0.1686937212944031 -0.3435516953468323 -0.623254656791687 -0.4628508388996124 -0.2637920081615448
391 0.618208505202593 -0.9960864782333374 -0.6563257575035095 -0.1678401082754135 -0.1689203530550003 -0.3456854224205017 -0.6352651119232178 -0.4633533954620361 -0.267058253288269
392 0.6183289490226116 -0.9960985779762268 -0.6563265323638916 -0.1678566187620163 -0.1691435426473618 -0.347771018743515 -0.6461911797523499 -0.4569439291954041 -0.2687928378582001
393 0.6182679260533561 -0.9960889220237732 -0.6563084721565247 -0.1678553074598312 -0.1693194359540939 -0.349368691444397 -0.6520931124687195 -0.4456139802932739 -0.2693201899528503
394 0.6179185932248559 -0.9960445761680603 -0.6562635898590088 -0.1678283959627151 -0.1693994998931885 -0.3500743806362152 -0.6511229872703552 -0.4324483275413513 -0.2689948678016663
395 0.6171598109351251 -0.9959906339645386 -0.6562167406082153 -0.1677958369255066 -0.1693882942199707 -0.3498417735099792 -0.6445072293281555 -0.4202834367752075 -0.2685195505619049
396 0.6161822245174169 -0.9959391355514526 -0.6561785936355591 -0.1677650064229965 -0.1692874282598495 -0.3486737310886383 -0.6347368359565735 -0.4113964140415192 -0.2686847746372223
397 0.6152164655147663 -0.9958852529525757 -0.6561439037322998 -0.167729526758194 -0.1690952330827713 -0.3467072248458862 -0.6241970658302307 -0.4067418575286865 -0.2695033252239227
398 0.6143898357218683 -0.9958250522613525 -0.6561061143875122 -0.1676827371120453 -0.1688168942928314 -0.3441776633262634 -0.6146794557571411 -0.4068173766136169 -0.270001232624054
399 0.6137026996047308 -0.9957637190818787 -0.6560689210891724 -0.1676303744316101 -0.1684839576482773 -0.3414701819419861 -0.6074004173278809 -0.4126754701137543 -0.2690572738647461
400 0.613140881724341 -0.9957023859024048 -0.6560322642326355 -0.1675780564546585 -0.1681551188230515 -0.3391493260860443 -0.6031200885772705 -0.4246153831481934 -0.2674562036991119
401 0.6127202671027693 -0.9956526756286621 -0.6560078263282776 -0.1675457805395126 -0.1679245978593826 -0.3378860652446747 -0.6022651791572571 -0.440258651971817 -0.2675430476665497
402 0.6125182769226601 -0.9956157803535461 -0.6559929251670837 -0.1675382852554321 -0.1678317338228226 -0.3378607928752899 -0.6051065921783447 -0.4554154872894287 -0.2694272398948669
403 0.6124303298878518 -0.9955852031707764 -0.6559853553771973 -0.1675516664981842 -0.1679048538208008 -0.339257150888443 -0.6125369071960449 -0.4658647775650024 -0.2722457349300385
404 0.612417631761519 -0.99556565284729 -0.655985414981842 -0.167581170797348 -0.1681196391582489 -0.3417348861694336 -0.6239283680915833 -0.4690186381340027 -0.2746786177158356
405 0.6123591871778602 -0.9955491423606873 -0.6559841632843018 -0.1676160246133804 -0.1684221923351288 -0.3447128534317017 -0.6366832256317139 -0.464072972536087 -0.2757247984409332
406 0.6121588543804608 -0.9955307841300964 -0.6559774875640869 -0.1676464825868607 -0.1687399297952652 -0.3475750982761383 -0.6474586725234985 -0.4522866308689117 -0.2750543355941772
407 0.6117896181683004 -0.9955062866210938 -0.6559632420539856 -0.1676664352416992 -0.1690194606781006 -0.349865734577179 -0.6541076898574829 -0.4366645812988281 -0.272710919380188
408 0.6112880833858054 -0.9954838752746582 -0.6559520959854126 -0.1676822751760483 -0.1692253202199936 -0.3512742817401886 -0.6562004685401917 -0.4206788837909698 -0.2693091630935669
409 0.6106436422736534 -0.9954801201820374 -0.6559631824493408 -0.1677109748125076 -0.1693447679281235 -0.3515976965427399 -0.65424644947052 -0.4073462784290314 -0.2653072774410248
410 0.6100803852771056 -0.9954765439033508 -0.6559769511222839 -0.1677312850952148 -0.1693750470876694 -0.3510136306285858 -0.6494798064231873 -0.3978639245033264 -0.2611587345600128
411 0.6098291226324515 -0.9954851269721985 -0.6559988856315613 -0.1677453964948654 -0.1693225800991058 -0.3496755659580231 -0.6431292295455933 -0.3926883935928345 -0.2571189105510712
412 0.6099671677484989 -0.9955022931098938 -0.6560221910476685 -0.1677479445934296 -0.1691913604736328 -0.3477933406829834 -0.6363434195518494 -0.3927362859249115 -0.2526211440563202
413 0.6104933694388435 -0.9955378174781799 -0.6560540795326233 -0.1677484065294266 -0.1690066754817963 -0.3456689119338989 -0.6298753619194031 -0.3991333544254303 -0.2481328994035721
414 0.6114534482509113 -0.9955884218215942 -0.6560916900634766 -0.1677488088607788 -0.1688160449266434 -0.3437564969062805 -0.624153196811676 -0.4116956293582916 -0.2461019307374954
415 0.6128191868497768 -0.9956423044204712 -0.6561250686645508 -0.1677419394254684 -0.1686453372240067 -0.3423032462596893 -0.619523823261261 -0.4277651906013489 -0.247666671872139
416 0.614549442806868 -0.995689868927002 -0.6561488509178162 -0.1677361577749252 -0.1685613989830017 -0.3418450653553009 -0.6176739931106567 -0.44395712018013 -0.2519482672214508
417 0.6164862802679699 -0.995755136013031 -0.6561785340309143 -0.1677392274141312 -0.1685848385095596 -0.3424443900585175 -0.6199822425842285 -0.4571920037269592 -0.2575256526470184
418 0.618367833767806 -0.9958114624023438 -0.6561917662620544 -0.1677341461181641 -0.1686921864748001 -0.3438902795314789 -0.6269060373306274 -0.4648848176002502 -0.2626315355300903
419 0.6198620435885437 -0.995879590511322 -0.656212329864502 -0.1677442491054535 -0.1688774228096008 -0.3458162248134613 -0.6366089582443237 -0.4655789434909821 -0.266394168138504
420 0.6207999787466263 -0.9959368109703064 -0.6562225818634033 -0.1677515953779221 -0.1690773069858551 -0.3477358222007751 -0.6454800963401794 -0.4594493210315704 -0.26872718334198
421 0.6211089085096748 -0.9959881901741028 -0.6562322378158569 -0.1677628457546234 -0.1692563742399216 -0.3492402732372284 -0.6506487131118774 -0.4483294785022736 -0.2698610424995422
422 0.6207517781511666 -0.9960330128669739 -0.6562420129776001 -0.1677775830030441 -0.1693637520074844 -0.3498995006084442 -0.6506907939910889 -0.4352665841579437 -0.2700589597225189
423 0.6198644144976198 -0.9960439205169678 -0.6562368869781494 -0.1677786558866501 -0.1693766117095947 -0.3496683537960052 -0.6460723280906677 -0.4229791760444641 -0.2699944674968719
424 0.6188045178113463 -0.9960386157035828 -0.6562294960021973 -0.1677737087011337 -0.1693045794963837 -0.3485994935035706 -0.6380107402801514 -0.4136538505554199 -0.2703965604305267
425 0.6178341396503226 -0.9960137009620667 -0.6562126278877258 -0.167754590511322 -0.1691488176584244 -0.3468417525291443 -0.6280282735824585 -0.4082158803939819 -0.2712250053882599
426 0.6170459337003531 -0.9959681630134583 -0.6561805009841919 -0.1677162796258926 -0.1689135879278183 -0.3446002900600433 -0.6177896857261658 -0.407236784696579 -0.2715887129306793
427 0.6164312333933292 -0.995908260345459 -0.656136691570282 -0.1676632761955261 -0.1686194241046906 -0.3421795964241028 -0.6090497970581055 -0.4117293357849121 -0.2704979181289673
428 0.6159662262970781 -0.9958428144454956 -0.656089186668396 -0.1676078140735626 -0.1683192700147629 -0.3400420546531677 -0.6033629179000854 -0.4221360683441162 -0.2686294615268707
429 0.6155761692395437 -0.9957801103591919 -0.6560468673706055 -0.1675656884908676 -0.168090283870697 -0.3387631177902222 -0.6018140316009521 -0.4363992810249329 -0.2681928277015686
430 0.6152560457491546 -0.9957277178764343 -0.6560128927230835 -0.1675445139408112 -0.1679710745811462 -0.3385384976863861 -0.6047635078430176 -0.4507060647010803 -0.2694495916366577
431 0.6148753232091839 -0.9956891536712646 -0.6559961438179016 -0.1675519496202469 -0.168004959821701 -0.3396265506744385 -0.6126804351806641 -0.4611316323280334 -0.2717156708240509
432 0.6144343824131292 -0.9956612586975098 -0.6559913158416748 -0.1675804406404495 -0.1681779026985168 -0.3417686522006989 -0.6243554353713989 -0.4652262926101685 -0.2737897634506226
433 0.6138639107044204 -0.9956234097480774 -0.6559751629829407 -0.1676047295331955 -0.1684353351593018 -0.3444778621196747 -0.6367866992950439 -0.4620248973369598 -0.2747052907943726
434 0.6131892466294699 -0.9955936074256897 -0.6559643149375916 -0.1676348000764847 -0.1687258929014206 -0.3471683859825134 -0.6465423703193665 -0.4523384571075439 -0.2741990089416504
435 0.6124953133029812 -0.9955542087554932 -0.6559435725212097 -0.1676521301269531 -0.1689838469028473 -0.3493814766407013 -0.6517483592033386 -0.4385949373245239 -0.2723297774791718
436 0.611869402399039 -0.9955108165740967 -0.6559221744537354 -0.1676599681377411 -0.1691652238368988 -0.3506550192832947 -0.6523314714431763 -0.4239067137241364 -0.2695180177688599
437 0.6113894478420112 -0.9954714179039001 -0.6559070348739624 -0.1676616221666336 -0.1692565679550171 -0.3509397506713867 -0.649713933467865 -0.4110005497932434 -0.2662579119205475
438 0.6110818372916742 -0.9954568147659302 -0.6559116244316101 -0.1676660627126694 -0.1692606061697006 -0.3502642512321472 -0.6451398730278015 -0.4015422761440277 -0.2632079124450684
439 0.6110794150249406 -0.9954603314399719 -0.655927836894989 -0.167668342590332 -0.169181153178215 -0.3488070964813232 -0.6394681334495544 -0.3961074948310852 -0.2601356506347656
440 0.6115906207160243 -0.9954800605773926 -0.6559496521949768 -0.1676624268293381 -0.1690223664045334 -0.3468144536018372 -0.6332358717918396 -0.395548015832901 -0.2563109695911407
441 0.6126384958368566 -0.9955158233642578 -0.6559743285179138 -0.1676483154296875 -0.1688112616539001 -0.3446296155452728 -0.6267434358596802 -0.4011528789997101 -0.2519298493862152
442 0.6141429953950924 -0.995570957660675 -0.6560068726539612 -0.1676371097564697 -0.1686067879199982 -0.3427404165267944 -0.6205024123191833 -0.4129772484302521 -0.2494073510169983
443 0.6160395399115438 -0.995649516582489 -0.6560497283935547 -0.1676377952098846 -0.1684749871492386 -0.3416353464126587 -0.6156571507453918 -0.4285525679588318 -0.2507167160511017
444 0.6181826965651319 -0.995739758014679 -0.656093418598175 -0.1676472574472427 -0.1684514135122299 -0.3416024744510651 -0.6141257882118225 -0.4441079199314117 -0.2550941705703735
445 0.6202616130959732 -0.9958404898643494 -0.6561396718025208 -0.1676694601774216 -0.1685440391302109 -0.3425980508327484 -0.6176285147666931 -0.4560559689998627 -0.2605279088020325
446 0.6219165133583429 -0.9959321618080139 -0.656183123588562 -0.1676916778087616 -0.168690100312233 -0.3441762328147888 -0.6260510087013245 -0.4623261392116547 -0.2651310861110687
447 0.6229888196282807 -0.9960142970085144 -0.6562178134918213 -0.1677159518003464 -0.1688926219940186 -0.3460701107978821 -0.6361994743347168 -0.4616987705230713 -0.2683703601360321
448 0.6232362832129281 -0.9960861802101135 -0.6562461256980896 -0.1677399724721909 -0.1690989583730698 -0.3478342592716217 -0.6442743539810181 -0.4548486769199371 -0.2704104483127594
449 0.6225561481300326 -0.9961454272270203 -0.6562723517417908 -0.1677675247192383 -0.1692674458026886 -0.3491020500659943 -0.6474059820175171 -0.4439646601676941 -0.271499902009964
450 0.6211069213500883 -0.9961801767349243 -0.6562901735305786 -0.1677913665771484 -0.1693680584430695 -0.3496517837047577 -0.6450738310813904 -0.4318364858627319 -0.2721103131771088
451 0.6189492287342929 -0.9961786270141602 -0.6562961935997009 -0.1678047180175781 -0.1693608015775681 -0.3492161631584167 -0.6384240984916687 -0.4209648072719574 -0.2723647058010101
452 0.6167211062212865 -0.9961208701133728 -0.656270444393158 -0.1677881926298141 -0.1692382544279099 -0.3478886485099792 -0.6295163631439209 -0.4128720164299011 -0.272830069065094
453 0.6149383560943203 -0.9960207343101501 -0.6562148332595825 -0.16773721575737 -0.1690006852149963 -0.3457964360713959 -0.6201327443122864 -0.4086156487464905 -0.2736390829086304
454 0.6137840503957035 -0.9958885908126831 -0.6561355590820312 -0.1676588952541351 -0.1686716973781586 -0.3431934118270874 -0.6114990711212158 -0.4091341495513916 -0.2737579047679901
455 0.6131648911637859 -0.9957511425018311 -0.6560481190681458 -0.167568027973175 -0.1682943403720856 -0.3404794037342072 -0.6044288277626038 -0.4156908690929413 -0.2724764347076416
456 0.6128955287352604 -0.9956314563751221 -0.6559746265411377 -0.1674919575452805 -0.1679456233978271 -0.3382292985916138 -0.599648654460907 -0.4281510412693024 -0.2710013687610626
457 0.6128220809360788 -0.9955476522445679 -0.6559260487556458 -0.1674516499042511 -0.1677002012729645 -0.3368126153945923 -0.5977882146835327 -0.4437923729419708 -0.2710614502429962
458 0.6129579319102765 -0.9954857230186462 -0.6558972597122192 -0.167438805103302 -0.1676027327775955 -0.3367591500282288 -0.6004484295845032 -0.4584178626537323 -0.2732011675834656
459 0.6132528439398156 -0.9954509139060974 -0.6558895111083984 -0.1674541682004929 -0.1676750332117081 -0.338112860918045 -0.608415424823761 -0.4684825539588928 -0.2763392627239227
460 0.6135728974591504 -0.9954376816749573 -0.6558932662010193 -0.1674869656562805 -0.1678943485021591 -0.3406078517436981 -0.6211521625518799 -0.471419632434845 -0.2787919938564301
461 0.6137042575844991 -0.9954405426979065 -0.6559058427810669 -0.1675350368022919 -0.1682198345661163 -0.3437037467956543 -0.6354504823684692 -0.4663175940513611 -0.2795610427856445
462 0.6135526488123938 -0.9954544901847839 -0.6559232473373413 -0.1675889790058136 -0.1685828566551208 -0.3467893600463867 -0.6472356915473938 -0.4541919827461243 -0.278213232755661
463 0.6131437227905369 -0.9954726099967957 -0.6559404730796814 -0.1676388829946518 -0.1689134389162064 -0.3493449687957764 -0.6541404128074646 -0.4380103647708893 -0.274991899728775
464 0.6125925313917622 -0.9954836368560791 -0.6559510231018066 -0.1676767468452454 -0.16916523873806 -0.3510213196277618 -0.6559610962867737 -0.421345442533493 -0.2706070244312286
465 0.6120309438102577 -0.9954938888549805 -0.6559625864028931 -0.1677072048187256 -0.1693326383829117 -0.3517460525035858 -0.6539213061332703 -0.4071014523506165 -0.2656317949295044
466 0.6115900673790581 -0.9955121278762817 -0.6559838056564331 -0.1677369326353073 -0.1694051027297974 -0.3513998091220856 -0.6496140956878662 -0.3969001173973083 -0.2607554495334625
467 0.6114631519886525 -0.9955336451530457 -0.6560066342353821 -0.1677546799182892 -0.1693902462720871 -0.350240170955658 -0.6443511843681335 -0.3909552097320557 -0.2559081614017487
468 0.611813264326532 -0.9955633282661438 -0.6560304760932922 -0.1677584946155548 -0.1692847460508347 -0.3484571874141693 -0.6390865445137024 -0.3900923132896423 -0.2508410811424255
469 0.6126255598168863 -0.9956029653549194 -0.6560534834861755 -0.1677487939596176 -0.1691081821918488 -0.3463608622550964 -0.6339765787124634 -0.3954842984676361 -0.2459353804588318
470 0.6139103179621758 -0.995659351348877 -0.6560814380645752 -0.167736753821373 -0.1689159870147705 -0.3444129824638367 -0.6287420988082886 -0.4071325659751892 -0.2435442358255386
471 0.6156835902607402 -0.9957335591316223 -0.6561161279678345 -0.1677307784557343 -0.1687673628330231 -0.3430938720703125 -0.6236074566841125 -0.4227708578109741 -0.2452090680599213
472 0.6178303383842673 -0.9958164095878601 -0.6561490893363953 -0.1677281707525253 -0.1687059998512268 -0.3427435457706451 -0.6201403141021729 -0.4388519823551178 -0.249914214015007
473 0.6199621032550309 -0.9958959221839905 -0.6561797261238098 -0.1677253395318985 -0.1687091886997223 -0.3431814908981323 -0.6203604936599731 -0.4523779451847076 -0.255471408367157
474 0.6218761038850622 -0.995978832244873 -0.6562105417251587 -0.1677323877811432 -0.1688081920146942 -0.3444094955921173 -0.6258481740951538 -0.4604848623275757 -0.260455310344696
475 0.6233552171651812 -0.9960614442825317 -0.656235933303833 -0.1677397042512894 -0.1689615696668625 -0.3460209369659424 -0.6350482106208801 -0.4619315266609192 -0.2645135521888733
476 0.6241352033579255 -0.9961434006690979 -0.6562656760215759 -0.1677591055631638 -0.1691344827413559 -0.3475855588912964 -0.6439518332481384 -0.4570917785167694 -0.2674901783466339
477 0.6240672707088556 -0.9962246417999268 -0.6563011407852173 -0.1677888929843903 -0.1692838072776794 -0.3487374186515808 -0.6489858627319336 -0.4476713240146637 -0.2695932686328888
478 0.6231805437875518 -0.9962672591209412 -0.6563155055046082 -0.1678040474653244 -0.1693624258041382 -0.3492445051670074 -0.6483619213104248 -0.4363718628883362 -0.2711567580699921
479 0.6214086470910563 -0.9962896704673767 -0.6563323736190796 -0.1678244918584824 -0.1693624705076218 -0.348910927772522 -0.6421658396720886 -0.4257908165454865 -0.2722955942153931
480 0.6191837626044749 -0.9962632060050964 -0.6563271284103394 -0.1678265035152435 -0.1692720800638199 -0.3478102385997772 -0.6323297023773193 -0.4175382554531097 -0.2736052572727203
481 0.6170630890662674 -0.996193528175354 -0.6562962532043457 -0.1678015142679214 -0.1690901219844818 -0.3460390269756317 -0.6212794184684753 -0.4126366078853607 -0.275381475687027
482 0.6154185392746047 -0.9960831999778748 -0.6562352776527405 -0.1677429378032684 -0.1688172966241837 -0.3437657952308655 -0.6111543774604797 -0.4117079973220825 -0.2766959667205811
483 0.6143399820084927 -0.9959408640861511 -0.6561472415924072 -0.1676550209522247 -0.1684729754924774 -0.341264009475708 -0.6035362482070923 -0.4157293438911438 -0.2764042913913727
484 0.6136801951888962 -0.9957932829856873 -0.6560533046722412 -0.1675604581832886 -0.1681155264377594 -0.3390004336833954 -0.5993645191192627 -0.4252622127532959 -0.274825781583786
485 0.613366906093361 -0.995673656463623 -0.6559768915176392 -0.1674918085336685 -0.1678275018930435 -0.3373627364635468 -0.5986579656600952 -0.4385975301265717 -0.2736532986164093
486 0.6132538057769998 -0.9955597519874573 -0.6559063196182251 -0.167435884475708 -0.1676414310932159 -0.3368524312973022 -0.6016110181808472 -0.4523304998874664 -0.2741782665252686
487 0.6133031993116356 -0.9954694509506226 -0.6558563709259033 -0.1674071401357651 -0.1676068156957626 -0.337661474943161 -0.6082805395126343 -0.4631244242191315 -0.2760860025882721
488 0.6133602518604045 -0.9954102635383606 -0.6558302640914917 -0.1674097776412964 -0.1677341908216476 -0.3396433591842651 -0.618570864200592 -0.4683516025543213 -0.2779181003570557
489 0.6132723106792537 -0.9953805804252625 -0.6558261513710022 -0.1674403995275497 -0.1679948270320892 -0.3424261212348938 -0.6307379007339478 -0.4664466977119446 -0.2785971462726593
490 0.6129656353189057 -0.9953688979148865 -0.6558345556259155 -0.1674886345863342 -0.1683299839496613 -0.3454267680644989 -0.6418135166168213 -0.4575739502906799 -0.2777194082736969
491 0.6124708142888504 -0.9953727126121521 -0.6558532118797302 -0.1675439178943634 -0.1686664819717407 -0.3481114208698273 -0.6495664119720459 -0.443820595741272 -0.2753195762634277
492 0.6118933353544899 -0.9953820705413818 -0.655874490737915 -0.1675964146852493 -0.1689545810222626 -0.3500850796699524 -0.6533438563346863 -0.4282712042331696 -0.271900862455368
493 0.6113873082698957 -0.9953978657722473 -0.6559004187583923 -0.1676439493894577 -0.1691583096981049 -0.3510401546955109 -0.6535557508468628 -0.4138821661472321 -0.2676771283149719
494 0.6111316493121566 -0.9954220652580261 -0.6559324860572815 -0.1676849275827408 -0.169279545545578 -0.3510779440402985 -0.651276171207428 -0.4024412333965302 -0.2631335258483887
495 0.6112939224063296 -0.9954510927200317 -0.6559640169143677 -0.1677112132310867 -0.1693094372749329 -0.3503054976463318 -0.6474040150642395 -0.39462611079216 -0.2587347328662872
496 0.6118853999093624 -0.9954980611801147 -0.6560019254684448 -0.1677290201187134 -0.1692574769258499 -0.3489190936088562 -0.6426949501037598 -0.3911511898040771 -0.2539794445037842
497 0.6128958558832392 -0.9955606460571289 -0.6560436487197876 -0.1677383035421371 -0.1691410541534424 -0.3471738696098328 -0.6375155448913574 -0.3932339251041412 -0.2486955523490906
498 0.6142307327456117 -0.9956434369087219 -0.6560928225517273 -0.1677455753087997 -0.1689924001693726 -0.3453986942768097 -0.6319664120674133 -0.401630163192749 -0.2447313219308853
499 0.6157876808679141 -0.9957427978515625 -0.6561471223831177 -0.1677559912204742 -0.1688626408576965 -0.3440052568912506 -0.6262736916542053 -0.4151155948638916 -0.2443815022706985
500 0.6175171552204054 -0.9958476424217224 -0.656197726726532 -0.1677665412425995 -0.1687884032726288 -0.3433205187320709 -0.6215577125549316 -0.4307755827903748 -0.2477741986513138
501 0.6193369312317721 -0.9959473609924316 -0.6562382578849792 -0.1677754819393158 -0.168790727853775 -0.3434618413448334 -0.619763195514679 -0.4452725350856781 -0.253335028886795
502 0.621105948795467 -0.9960256218910217 -0.6562652587890625 -0.1677748262882233 -0.1688329726457596 -0.3441571593284607 -0.6221532821655273 -0.4561967551708221 -0.2591570913791656
503 0.6226764460025842 -0.9961010217666626 -0.6562899351119995 -0.1677820980548859 -0.1689463704824448 -0.3453297019004822 -0.6283531188964844 -0.4614992737770081 -0.2643373906612396
504 0.6239095830166644 -0.9961618781089783 -0.6563020348548889 -0.1677833646535873 -0.1690784990787506 -0.346596747636795 -0.6357099413871765 -0.4607752859592438 -0.2687650620937347
505 0.6245915247519733 -0.9962007999420166 -0.656299889087677 -0.1677772104740143 -0.1691950261592865 -0.3476234376430511 -0.6407489776611328 -0.4549177587032318 -0.27237468957901
506 0.6246236721893311 -0.9962311983108521 -0.6562969088554382 -0.1677723675966263 -0.1692712008953094 -0.3481673300266266 -0.6414200067520142 -0.4459269046783447 -0.2752998769283295
507 0.6240258776975772 -0.9962331652641296 -0.6562789678573608 -0.1677557677030563 -0.1692620515823364 -0.3479357361793518 -0.6370612382888794 -0.436128556728363 -0.2775155901908875
508 0.6230474124342286 -0.9962048530578613 -0.6562468409538269 -0.1677248030900955 -0.1691613048315048 -0.3469400703907013 -0.6288033127784729 -0.4274196326732635 -0.2796995043754578
509 0.6221042528863299 -0.9961400032043457 -0.6561911106109619 -0.1676681339740753 -0.1689595878124237 -0.3452178239822388 -0.618274986743927 -0.4212872684001923 -0.2822884917259216
510 0.6213675171021209 -0.9960469007492065 -0.656114935874939 -0.1675861030817032 -0.1686632186174393 -0.3429050147533417 -0.6070163249969482 -0.4184861183166504 -0.2848617434501648
511 0.6208297639425747 -0.995941162109375 -0.6560308933258057 -0.1674924492835999 -0.1682961583137512 -0.3402185440063477 -0.5964716076850891 -0.4198608994483948 -0.2864615023136139
512 0.6203906315396838 -0.9958328604698181 -0.6559481024742126 -0.1673978120088577 -0.1678946316242218 -0.3375128209590912 -0.5880420804023743 -0.4263938367366791 -0.2865436673164368
513 0.6199763012551052 -0.9957560896873474 -0.655892014503479 -0.1673352420330048 -0.1675372570753098 -0.3351547718048096 -0.5829530358314514 -0.437750369310379 -0.2860405147075653
514 0.6195635744288408 -0.9956743121147156 -0.6558363437652588 -0.1672799289226532 -0.1672558486461639 -0.3337256610393524 -0.5825594663619995 -0.4514593482017517 -0.2861952483654022
