"drag-coeff-rfile"
"Iteration" "drag-coeff"
("Iteration" "drag-coeff")
1 1.794714933830935
2 1.270135483830494
3 0.8760709572977138
4 0.6914421704216601
5 0.5969721754456569
6 0.5390789782984795
7 0.50381148559734
8 0.4814788316776841
9 0.4664402475704932
10 0.4561253733015147
11 0.4496126504510468
12 0.4462126045754823
13 0.4454899556414901
14 0.4466338331524125
15 0.4485343951606023
16 0.4502107274340992
17 0.4507726761343742
18 0.4497333115967785
19 0.4471842791584356
20 0.4442046909029073
21 0.4412902928941876
22 0.4386833496999535
23 0.4371940531749585
24 0.4375539591044246
25 0.4403498426505682
26 0.4452427519916862
27 0.450736462788651
28 0.4549708243406954
29 0.456958964430897
30 0.457255588812682
31 0.4567070499930684
32 0.4558906687255231
33 0.4549001692484785
34 0.4535563703054655
35 0.4517923343719953
36 0.4497076906176355
37 0.4474744001789435
38 0.4453383361253959
39 0.443546458489606
40 0.4421788785031312
41 0.4412363204666352
42 0.4407779728499438
43 0.4408188128147927
44 0.441289675435182
45 0.4421957615710991
46 0.4433830846976744
47 0.444661422243408
48 0.445796866229045
49 0.4466136464249382
50 0.4468338616369371
51 0.4463943304637051
52 0.4454185368234949
53 0.4441496067100965
54 0.4429221237074955
55 0.4420041697896447
56 0.4415699982992262
57 0.4416806481558389
58 0.4422884202128603
59 0.4433094565581016
60 0.4446593833049561
61 0.446232051450154
62 0.4479078072429356
63 0.4495875325635186
64 0.4511999224326527
65 0.4527062085934635
66 0.4540452834709752
67 0.4552975750111048
68 0.4564299273278372
69 0.4575061806923952
70 0.458559134967444
71 0.4596680782803972
72 0.4608175497135873
73 0.4619159938882059
74 0.4628073702482442
75 0.4633571480396993
76 0.4634723362805762
77 0.4631047781516807
78 0.4622508145869726
79 0.4607435768576136
80 0.4586119103105401
81 0.4559611456338113
82 0.4529896206365621
83 0.4499753097999545
84 0.4471670183575712
85 0.4447716747946908
86 0.4430566534002813
87 0.4419318807501299
88 0.4413475427269223
89 0.4413439133333478
90 0.4418437605407005
91 0.4428524515915236
92 0.444203012093052
93 0.4458193365225324
94 0.4476001249599004
95 0.4495173186980858
96 0.4515305388596974
97 0.4536181438059141
98 0.4557628095296998
99 0.4579566984347135
100 0.4601577085905673
101 0.462274976349678
102 0.4641251663255848
103 0.4656509409192726
104 0.466715602210092
105 0.4672132281848401
106 0.4670015609209242
107 0.4660362722482366
108 0.4640754727251505
109 0.4612565766293897
110 0.4578775764067292
111 0.4542361859899843
112 0.4506834477692285
113 0.4474652339239865
114 0.4449120942460418
115 0.4429854285441331
116 0.4416736354611123
117 0.4410484711291016
118 0.4410743682517089
119 0.4416526597218518
120 0.442696427915427
121 0.4442116902145796
122 0.4460299167941242
123 0.4481265493076165
124 0.4504074722617963
125 0.4528155621231764
126 0.4552798369712636
127 0.4577464902816437
128 0.4601221766462661
129 0.4622450125577322
130 0.4640408727615818
131 0.4653853738171891
132 0.4661192901035555
133 0.4661020930056398
134 0.4652463595459818
135 0.4633007593066826
136 0.4603347640882046
137 0.4566925022455415
138 0.4527802189789958
139 0.4490019369532706
140 0.445702172155778
141 0.4432481041541623
142 0.4416061534851736
143 0.4407112877634619
144 0.4405945828447353
145 0.44113909532434
146 0.4421924353302629
147 0.4437478207300198
148 0.4456155697200729
149 0.4477623663398707
150 0.4501019191911158
151 0.4525854086550267
152 0.4551311046713318
153 0.4576398402620361
154 0.4599980748666013
155 0.4619691165840971
156 0.463591247222299
157 0.4647298865965734
158 0.4652997687175394
159 0.46516873661538
160 0.4642677248407795
161 0.4623770669566748
162 0.4596046476054073
163 0.4562587968128882
164 0.4526923536510797
165 0.4492124195265771
166 0.4460799224689174
167 0.4436299775900914
168 0.4418214431282793
169 0.4406803485326252
170 0.4402638818261271
171 0.4405080908991067
172 0.4413101714482316
173 0.4425217031138873
174 0.4441647097863017
175 0.4460706598734394
176 0.4482413241121035
177 0.4505917152090262
178 0.4530734015501627
179 0.4556139481484474
180 0.4581244407228466
181 0.4604967255759951
182 0.4624978393367916
183 0.4640554360339041
184 0.4650487432102559
185 0.4653835028802394
186 0.464964944629308
187 0.4637450041013697
188 0.4614764727243399
189 0.4583200246549793
190 0.4546525586455265
191 0.4508723097036871
192 0.4473548988353541
193 0.4445129019080133
194 0.4424323028234479
195 0.4410779943255623
196 0.4405772220614446
197 0.4408500613157805
198 0.4417724711002422
199 0.4431641545097072
200 0.4449939605249099
201 0.4470398095109837
202 0.4492432074205228
203 0.4514773263988612
204 0.4536868261303201
205 0.4558232037943473
206 0.4578574999495329
207 0.4597726361713401
208 0.4615863331697733
209 0.4632090876308468
210 0.4645432800987204
211 0.4654547031398919
212 0.4658289882633138
213 0.4655617787677657
214 0.4646072034396857
215 0.462791813911777
216 0.460193125197142
217 0.457066740226833
218 0.4537139768055493
219 0.4503935729679262
220 0.4473479964593846
221 0.4449107375528275
222 0.4430654499013986
223 0.441797500174599
224 0.4412019279746264
225 0.4412706862550571
226 0.4419401479682005
227 0.4431061108235294
228 0.4447596379767712
229 0.4467084121429797
230 0.4488702707750092
231 0.4511253493117475
232 0.4533939092368823
233 0.4555909787223621
234 0.4575902964764896
235 0.4594400310147412
236 0.4610408697856204
237 0.4622662868568869
238 0.4630062579353293
239 0.463121002265085
240 0.4625516975350678
241 0.4613770189439461
242 0.4595010164777143
243 0.4571465584151209
244 0.454610526559855
245 0.4521221067521504
246 0.4498966169555003
247 0.4481852783885735
248 0.4471301339324082
249 0.4467473109889697
250 0.4471303592783599
251 0.4482096747252992
252 0.4497599081990135
253 0.4514733900931875
254 0.4530524913167204
255 0.454285429372011
256 0.4550739407938757
257 0.4553337373778998
258 0.4550790994785517
259 0.4541936172737311
260 0.4528195631528406
261 0.4512271171396977
262 0.4495806717359043
263 0.4480455771937968
264 0.4468265738033899
265 0.4461368557703804
266 0.4460643969966401
267 0.4465393579725197
268 0.4474871210101221
269 0.4486939670186064
270 0.4499689087005453
271 0.4511406275335983
272 0.4521171966378951
273 0.45287571817519
274 0.4533688885230462
275 0.4536177114019094
276 0.4535604570024158
277 0.4532124899671828
278 0.4526507342732383
279 0.4520206581364675
280 0.4515077905390345
281 0.451239606929861
282 0.4512848756288836
283 0.4515849567279986
284 0.4519307697253666
285 0.452096081862221
286 0.4518782935285517
287 0.4512020964311016
288 0.4501571490104914
289 0.4489019551578108
290 0.4476383364556971
291 0.446577529853837
292 0.4459606100761806
293 0.4459866744075223
294 0.4466793145588888
295 0.4478684801240961
296 0.4492403205969241
297 0.4505034369208172
298 0.4514480979777813
299 0.4519762641084829
300 0.4521152162318023
301 0.4520307452052791
302 0.4518394383702075
303 0.4515067185524612
304 0.4511327096562052
305 0.4509523787752721
306 0.4511145516680224
307 0.4515298345977665
308 0.4519198038362934
309 0.451975018140524
310 0.4514500606244457
311 0.4503518541352503
312 0.4489013134169262
313 0.4473621920477351
314 0.4460090250015393
315 0.4450936876836714
316 0.4448516678052508
317 0.4453621620021995
318 0.4464395595077877
319 0.4477856832408849
320 0.4491138544957107
321 0.4502362300697509
322 0.4510192500392706
323 0.4514174762259754
324 0.4514916292570747
325 0.4513998035228634
326 0.4511903934737536
327 0.450836710538631
328 0.4504863212835445
329 0.4503267706454193
330 0.4504153720722593
331 0.4506201016142971
332 0.4506969859890073
333 0.4503994488834731
334 0.4496033429567527
335 0.4484120847091846
336 0.4470597363701013
337 0.4458010910584621
338 0.4448739312707998
339 0.4445455592745099
340 0.4449456028920892
341 0.4459532513972074
342 0.4472935385131904
343 0.4486590832841804
344 0.4498444766970511
345 0.4507205277834563
346 0.4512228315573765
347 0.4513718784308566
348 0.4513385177508165
349 0.4512205548268993
350 0.4509831408686314
351 0.4506950740099052
352 0.4505527673370793
353 0.4506414557121315
354 0.4508659554934346
355 0.4509876935528933
356 0.4507445670330716
357 0.4499783008682758
358 0.4487347599248587
359 0.4472570359586882
360 0.4458098434234393
361 0.4446740238532954
362 0.4441029016440105
363 0.4442752686409978
364 0.4451285285582396
365 0.4464236530846883
366 0.4478409455986754
367 0.4491535147518296
368 0.4502251634188811
369 0.4509637489763261
370 0.4513493379019794
371 0.4515029868633256
372 0.4515749799988924
373 0.451553951689618
374 0.4513971355689904
375 0.4512219881904049
376 0.4511851553920987
377 0.4512837299837347
378 0.4513718352673071
379 0.4512052043060578
380 0.4505738322024619
381 0.4494070794023471
382 0.4478653014715743
383 0.4462293390915194
384 0.4447943489944595
385 0.4438217682231411
386 0.443555473928243
387 0.4440599191884693
388 0.4451751296043305
389 0.4466046407012129
390 0.4480655277929609
391 0.449381403557543
392 0.4504440844709086
393 0.4511847955713629
394 0.451633928959669
395 0.4519541084283369
396 0.4522401640857115
397 0.4523700152093421
398 0.4522923344413441
399 0.452141762060695
400 0.4520340597164775
401 0.4519550288899123
402 0.4517441089197367
403 0.4511854775580815
404 0.450119539272256
405 0.4485651161474247
406 0.4467764741499168
407 0.44504903157751
408 0.4437071036917987
409 0.442986822100797
410 0.4430581735788504
411 0.4438665993736421
412 0.4451920625935806
