"drag-force-rfile"
"Iteration" "drag-force"
("Iteration" "drag-force")
1 0.4982409003645759
2 0.3526094507376042
3 0.2432109826018684
4 0.1919551473311457
5 0.1657288010368017
6 0.1496567451755276
7 0.1398659382981876
8 0.1336660447180364
9 0.1294910988564219
10 0.1266275286336272
11 0.1248194950369403
12 0.123875589190731
13 0.1236749705583607
14 0.123992528823579
15 0.1245201545251927
16 0.1249855305498266
17 0.1251415362870642
18 0.1248529924558089
19 0.124145341233212
20 0.123318160990174
21 0.1225090785779685
22 0.1217853504249286
23 0.1213718984457113
24 0.1214718139537195
25 0.1222479948998331
26 0.123606342963677
27 0.1251314828966131
28 0.1263070078072218
29 0.1268589465524344
30 0.1269412941143033
31 0.1267890111694092
32 0.1265623709770783
33 0.1262873928499392
34 0.1259143332722565
35 0.1254246093416201
36 0.1248458796717808
37 0.1242258833604032
38 0.1236328786122874
39 0.1231354253901797
40 0.1227557638233551
41 0.1224940949889919
42 0.1223668505308803
43 0.1223781883430718
44 0.1225089071617034
45 0.1227604508267486
46 0.1230900702735238
47 0.1234449567447678
48 0.1237601737316292
49 0.123986924672701
50 0.1240480598554712
51 0.1239260391359902
52 0.1236551435788721
53 0.1233028687577952
54 0.1229621003021092
55 0.122707261955416
56 0.122586729167606
57 0.1226174472962317
58 0.1227861743130959
59 0.1230696299518541
60 0.1234443907036039
61 0.123880987946914
62 0.1243462039314962
63 0.124812521919003
64 0.1252601465333597
65 0.1256783151008697
66 0.126050063204176
67 0.126397718897407
68 0.1267120775886864
69 0.1270108623345363
70 0.1273031788891901
71 0.127611038875355
72 0.1279301501007759
73 0.128235095362135
74 0.128482555363619
75 0.1286351822664499
76 0.1286671603214402
77 0.1285651204433375
78 0.1283280468182518
79 0.1279096140804485
80 0.1273178301488222
81 0.1265819364677189
82 0.1257569947111331
83 0.1249201749371959
84 0.1241405493652659
85 0.1234755645752277
86 0.1229994478462767
87 0.12268719338884
88 0.1225249720258191
89 0.122523964449469
90 0.1226627298422016
91 0.122942758234387
92 0.123317694926334
93 0.1237664118361033
94 0.124260786523508
95 0.124793029453168
96 0.1253519308179727
97 0.1259314825609274
98 0.1265268752670655
99 0.1271359330972138
100 0.1277469678978344
101 0.1283347545010029
102 0.1288483961396076
103 0.1292719750005077
104 0.1295675416056113
105 0.1297056903494756
106 0.1296469282106182
107 0.1293789489965795
108 0.1288346004198774
109 0.1280520308305176
110 0.1271139675863026
111 0.126103060725487
112 0.1251167650990888
113 0.1242233386648436
114 0.1235145472083752
115 0.1229796747136267
116 0.1226155004626323
117 0.1224419450785514
118 0.1224491345243188
119 0.1226096772697575
120 0.122899443624701
121 0.1233201041084285
122 0.123824872208912
123 0.1244069301455594
124 0.1250401499872905
125 0.1257086733488985
126 0.1263927945404662
127 0.1270775760303197
128 0.127737103675062
129 0.1283264360843028
130 0.1288249949295145
131 0.1291982494246209
132 0.1294019960500144
133 0.129397221867002
134 0.1291596568914312
135 0.1286195278733321
136 0.1277961212697123
137 0.1267849724874495
138 0.1256988615399888
139 0.1246499514301752
140 0.123733885177701
141 0.123052597566152
142 0.1225967664119949
143 0.1223483377092041
144 0.1223159386007511
145 0.1224671037707644
146 0.1227595274103342
147 0.123191326693541
148 0.1237098429887571
149 0.1243058272649143
150 0.1249553236819117
151 0.1256447791509781
152 0.1263515041307001
153 0.1270479683189269
154 0.1277026510824683
155 0.1282498430523289
156 0.1287001718563366
157 0.1290162759329979
158 0.1291744841117451
159 0.1291381075533704
160 0.1288879726102918
161 0.1283630964482336
162 0.1275934295291452
163 0.1266645690845553
164 0.1256744687524399
165 0.1247083846804137
166 0.123838754565359
167 0.1231586115971026
168 0.1226565341798995
169 0.1223397484954308
170 0.1222241308321986
171 0.1222919270855784
172 0.1225145971750883
173 0.122850937290467
174 0.1233070616076706
175 0.1238361831241659
176 0.1244387934241497
177 0.1250912987074483
178 0.1257802536014665
179 0.1264855490223084
180 0.1271825009766543
181 0.1278410843086774
182 0.1283966247475052
183 0.1288290379214
184 0.129104795509725
185 0.1291977300232983
186 0.12908153171466
187 0.1287428571677592
188 0.1281130774214103
189 0.1272367981313755
190 0.1262186522787047
191 0.1251691961222532
192 0.1241927079207261
193 0.1234037251796682
194 0.1228261183733444
195 0.1224501411790623
196 0.1223111189761217
197 0.12238686341507
198 0.1226429387799383
199 0.1230292918334977
200 0.1235372745661989
201 0.1241052342023599
202 0.124716931880702
203 0.1253371582076278
204 0.1259505498470496
205 0.1265436416583333
206 0.1271083940481763
207 0.1276400657791499
208 0.1281435763971615
209 0.1285940783841428
210 0.1289644710542668
211 0.1292174963275769
212 0.1293214037244406
213 0.1292472221944727
214 0.1289822171722471
215 0.1284782366816146
216 0.1277568001010523
217 0.1268888667969214
218 0.1259580872986062
219 0.1250362913261952
220 0.124190791713337
221 0.1235141705691464
222 0.1230018898923945
223 0.1226498872419518
224 0.1224845470959749
225 0.1225036354686761
226 0.1226894884977163
227 0.1230131779995308
228 0.1234722229665495
229 0.1240132331163377
230 0.1246133988423698
231 0.1252394438701108
232 0.1258692315418596
233 0.1264791723508282
234 0.1270342141901498
235 0.1275477293921472
236 0.1279921472411918
237 0.128332342162068
238 0.128537769692322
239 0.1285696245106508
240 0.1284115766246502
241 0.1280854674984337
242 0.1275646599093051
243 0.1269110255728074
244 0.126206983515151
245 0.125516159305632
246 0.1248983285743368
247 0.1244232342558234
248 0.1241303096726795
249 0.1240240320436124
250 0.1241303722322358
251 0.1244300070599867
252 0.1248603760880473
253 0.1253360654276849
254 0.1257744485940301
255 0.1261167314575545
256 0.1263356345453775
257 0.1264077581353114
258 0.1263370666768259
259 0.1260912429849013
260 0.1257097840972322
261 0.1252676962088361
262 0.1248106172460863
263 0.1243844510219207
264 0.1240460366390373
265 0.1238545601391841
266 0.1238344444517358
267 0.1239663010378707
268 0.1242294148618469
269 0.1245644541656014
270 0.1249183978920102
271 0.1252436853431533
272 0.1255147961812152
273 0.1257253736086181
274 0.1258622854008572
275 0.1259313625188213
276 0.1259154678031671
277 0.125818866718692
278 0.1256629145630266
279 0.1254879955852183
280 0.1253456155288116
281 0.1252711635696849
282 0.1252837308676631
283 0.1253670380682592
284 0.1254630411581754
285 0.1255089343896602
286 0.1254484729462237
287 0.1252607500692885
288 0.1249706563424997
289 0.1246221949219683
290 0.1242713946316321
291 0.1239768981483965
292 0.1238056315813902
293 0.1238128674469142
294 0.1240051551724689
295 0.1243352861089886
296 0.1247161304533767
297 0.1250667912756714
298 0.1253290439413672
299 0.1254756711095833
300 0.1255142463895485
301 0.1254907959130877
302 0.125437686147322
303 0.1253453179285937
304 0.1252414872167061
305 0.1251914245472615
306 0.1252364462755458
307 0.1253517353038596
308 0.1254599968560736
309 0.125475325209415
310 0.1253295888027391
311 0.1250247095265663
312 0.1246220167646743
313 0.1241947326304083
314 0.1238190723209456
315 0.1235649603832808
316 0.1234977718845073
317 0.1236394930478654
318 0.1239385954251376
319 0.1243123004008626
320 0.1246810214881888
321 0.124992610479853
322 0.1252099890547245
323 0.1253205428647322
324 0.1253411289044888
325 0.1253156366462879
326 0.1252575011455201
327 0.1251593132379492
328 0.125062039707406
329 0.1250177459579671
330 0.1250423430980757
331 0.1250991792169675
332 0.1251205235203761
333 0.125037922572137
334 0.1248169111311345
335 0.1244861992333023
336 0.1241107662097228
337 0.1237613466102702
338 0.123503952570315
339 0.1234127913747391
340 0.123523849731947
341 0.1238035886971594
342 0.1241756733368013
343 0.1245547698960158
344 0.1248838536241231
345 0.1251270590902548
346 0.1252665064642399
347 0.1253078842045369
348 0.1252986227586401
349 0.1252658744082953
350 0.125199964584904
351 0.1251199927251109
352 0.1250804861698022
353 0.1251051074480927
354 0.1251674320942298
355 0.1252012284811713
356 0.1251337327614583
357 0.1249210053044845
358 0.1245757789135915
359 0.1241655396574754
360 0.1237637764035061
361 0.1234484551485187
362 0.1232899027018831
363 0.1233377544727428
364 0.1235746327543003
365 0.1239341795536155
366 0.1243276420946228
367 0.124692031794809
368 0.1249895382047025
369 0.1251945810926848
370 0.1253016266016214
371 0.125344281953398
372 0.1253642683724157
373 0.1253584305852838
374 0.1253148959806175
375 0.1252662723323946
376 0.1252560469722301
377 0.125283412818674
378 0.1253078722216613
379 0.1252616128639235
380 0.1250863341054807
381 0.1247624253026542
382 0.1243344036653957
383 0.123880234953788
384 0.1234818592872708
385 0.1232118556727443
386 0.1231379282167729
387 0.1232779701008081
388 0.1235875699326369
389 0.123984424543119
390 0.1243899896198912
391 0.1247552972870615
392 0.125050314108449
393 0.1252559470803732
394 0.1253806335247523
395 0.1254695203466872
396 0.1255489338655687
397 0.1255849825658561
398 0.1255634171712306
399 0.1255216159263139
400 0.1254917160731714
401 0.1254697758811988
402 0.125411221202757
403 0.1252561364105394
404 0.1249602152916745
405 0.1245286831510184
406 0.1240321281926408
407 0.12355256315065
408 0.1231800230077015
409 0.1229800615867249
410 0.1229998698715938
411 0.1232243015004181
412 0.1235922707949581
