"cd-cl-cp"
"Iteration" "drag-coeff etc.."
("Iteration" "drag-coeff" "lift-coeff" "cp(t1)" "cp(t2)" "cp(t3)" "cp(t4)" "cp(t5)" "cp(t6)" "cp(t7)" "cp(t8)")
1 0.1794226454388228 0.05590411437237806 -0.1349310278892517 -0.3493195474147797 -0.2735090255737305 -0.8908666372299194 -0.1936560571193695 -0.1228912547230721 -0.1569780111312866 -0.1598533689975739
2 0.1538671739964309 0.1200228485609704 -0.2528976798057556 -0.5729614496231079 -0.4371030628681183 -1.041134238243103 -0.2879683971405029 -0.1945836544036865 -0.2258910685777664 -0.2300285696983337
3 0.11840503704787 0.1864083338906289 -0.3582484424114227 -0.7194169759750366 -0.5353099703788757 -0.9176340103149414 -0.3323823213577271 -0.2375107556581497 -0.2702305912971497 -0.274738222360611
4 0.09882864451234735 0.2481898799417427 -0.4425161480903625 -0.815086841583252 -0.59632807970047 -0.7441202402114868 -0.3440218269824982 -0.2578182518482208 -0.29707270860672 -0.2999668717384338
5 0.08903062706989909 0.3009094691372629 -0.5062305927276611 -0.8773835301399231 -0.6350143551826477 -0.621040403842926 -0.3438890874385834 -0.2646199762821198 -0.3133256435394287 -0.3172149658203125
6 0.0843726930701679 0.3407470204208931 -0.5514424443244934 -0.917952299118042 -0.6594770550727844 -0.551323413848877 -0.3420810103416443 -0.2663007974624634 -0.3225192427635193 -0.3304863274097443
7 0.082353383387245 0.3706989108797777 -0.5873653292655945 -0.9449222683906555 -0.6752896904945374 -0.5199156403541565 -0.3425265252590179 -0.2672191560268402 -0.3282963633537292 -0.3423760831356049
8 0.08209039420314318 0.3922454126875418 -0.6151726841926575 -0.9623579382896423 -0.6854540705680847 -0.510031521320343 -0.3446452617645264 -0.2685832977294922 -0.3321548700332642 -0.3525620400905609
9 0.08276814354342615 0.4063594509699262 -0.6357179880142212 -0.9730687141418457 -0.6916157603263855 -0.5103731751441956 -0.3479967415332794 -0.2709047794342041 -0.3356933891773224 -0.3601670265197754
10 0.08383140546741628 0.4145781820342302 -0.6503720283508301 -0.9792549014091492 -0.6947399377822876 -0.5143684148788452 -0.3514918982982635 -0.2737216353416443 -0.3401810526847839 -0.3659864068031311
11 0.08485288509421576 0.4178265144059088 -0.6603187322616577 -0.9824314117431641 -0.6955521702766418 -0.5182133913040161 -0.3545746505260468 -0.2766391932964325 -0.3455994129180908 -0.3714836537837982
12 0.08558795267520246 0.4171711066836692 -0.6664672493934631 -0.9834837317466736 -0.6945379972457886 -0.519999623298645 -0.3569653332233429 -0.279155433177948 -0.350830078125 -0.3767993748188019
13 0.08594379972392807 0.4135535113380968 -0.6694378256797791 -0.982951819896698 -0.6921178102493286 -0.5194860100746155 -0.3585012257099152 -0.2809992730617523 -0.3547675609588623 -0.3812860250473022
14 0.08594689934037991 0.4080000061784694 -0.6699566841125488 -0.9813438653945923 -0.6888080835342407 -0.5169082283973694 -0.359398365020752 -0.2820616364479065 -0.356770932674408 -0.384188711643219
15 0.08566009073298531 0.4015236607355779 -0.6688138246536255 -0.9791509509086609 -0.6851743459701538 -0.5129274129867554 -0.3601295351982117 -0.2825640141963959 -0.3569239675998688 -0.3852054476737976
16 0.08515433354594094 0.3952990211265374 -0.6666850447654724 -0.9767255187034607 -0.6817089915275574 -0.5085107088088989 -0.3608775436878204 -0.2825883626937866 -0.3555759787559509 -0.384372889995575
17 0.08453850895629962 0.3903964320587537 -0.6642321348190308 -0.9744972586631775 -0.6788749098777771 -0.5045831799507141 -0.3617082238197327 -0.2822569906711578 -0.3533622026443481 -0.3821980357170105
18 0.08395166295131384 0.387422478723125 -0.662037193775177 -0.9727829694747925 -0.6769720315933228 -0.5018954277038574 -0.3626436293125153 -0.2816971838474274 -0.3509049713611603 -0.3793461620807648
19 0.08343216909132146 0.386341369090368 -0.6604050397872925 -0.9716842174530029 -0.6760303974151611 -0.5006959438323975 -0.3636706471443176 -0.2810746133327484 -0.3487424850463867 -0.3764836192131042
20 0.08299427339520776 0.3866736448557995 -0.6594319343566895 -0.9711896181106567 -0.6759148240089417 -0.500851035118103 -0.3648117184638977 -0.2805704474449158 -0.3472383618354797 -0.3741811215877533
21 0.08265588368876484 0.387858528402961 -0.659057080745697 -0.9711800813674927 -0.676399827003479 -0.501990795135498 -0.3660483062267303 -0.2802779078483582 -0.3464362025260925 -0.3727504909038544
22 0.08244222453939486 0.3895137243480739 -0.6591354012489319 -0.9715071320533752 -0.6772776246070862 -0.5037311911582947 -0.3673385679721832 -0.2801514267921448 -0.3462056517601013 -0.3721408843994141
23 0.08238791659285916 0.3914691627223202 -0.6595306992530823 -0.97207111120224 -0.6784053444862366 -0.5058547854423523 -0.3685872852802277 -0.2800855040550232 -0.3463748097419739 -0.372157096862793
24 0.08248164256460272 0.3936551746596099 -0.660222589969635 -0.9728397130966187 -0.679716944694519 -0.5082793831825256 -0.3697541058063507 -0.2800270915031433 -0.3468573987483978 -0.3728004097938538
25 0.08268319925234811 0.3959839910781581 -0.6611610054969788 -0.9737651348114014 -0.6811503171920776 -0.5109229683876038 -0.370788186788559 -0.2799937725067139 -0.3476225733757019 -0.3740298449993134
26 0.08294366685641184 0.3983566622740171 -0.6622791886329651 -0.9748001098632812 -0.682636022567749 -0.5136918425559998 -0.3716364800930023 -0.2799973785877228 -0.348609983921051 -0.3757125735282898
27 0.08322053514388449 0.400682318853385 -0.6635105013847351 -0.9758968353271484 -0.6841208934783936 -0.5164960622787476 -0.3723171055316925 -0.2800783216953278 -0.3497771322727203 -0.3776961863040924
28 0.08348704091479169 0.4028961647199107 -0.6648021936416626 -0.9770002961158752 -0.6855617761611938 -0.5192509889602661 -0.3729327917098999 -0.2802738845348358 -0.3510916233062744 -0.3798806369304657
29 0.08372630752058607 0.4049558747873979 -0.6660990715026855 -0.9780750274658203 -0.6869256496429443 -0.5218762159347534 -0.3736474215984344 -0.2806124091148376 -0.3525022864341736 -0.3821703493595123
30 0.08392980140786682 0.4068282187361148 -0.6673564314842224 -0.979097843170166 -0.6882035732269287 -0.5243157744407654 -0.374610036611557 -0.2810822129249573 -0.3539437651634216 -0.3844391107559204
31 0.08409257869371096 0.4085092920547739 -0.6685263514518738 -0.980040431022644 -0.6893665194511414 -0.5265209674835205 -0.3758211731910706 -0.2816157042980194 -0.3553260564804077 -0.3865638673305511
32 0.08422782864077243 0.4100012967743595 -0.6695863008499146 -0.9808915853500366 -0.6904057264328003 -0.5284828543663025 -0.3771986365318298 -0.2821439206600189 -0.3566170930862427 -0.3885056674480438
33 0.08433849697298261 0.4113107526958449 -0.6705516576766968 -0.9816614389419556 -0.6913293600082397 -0.5302035212516785 -0.37869992852211 -0.2826394736766815 -0.3578131794929504 -0.3902784287929535
34 0.08443018900333984 0.4124372172089829 -0.6714131236076355 -0.9823396801948547 -0.692142128944397 -0.5316860675811768 -0.38029545545578 -0.2830702066421509 -0.358902633190155 -0.391873836517334
35 0.08451115678868244 0.4134037341833973 -0.6721675992012024 -0.9829336404800415 -0.6928427219390869 -0.532941460609436 -0.3818778395652771 -0.2834255993366241 -0.3598772585391998 -0.3932801187038422
36 0.08459218691415751 0.4142233248272871 -0.6728168725967407 -0.9834429025650024 -0.693440854549408 -0.5339863300323486 -0.3832383453845978 -0.283716231584549 -0.3607234358787537 -0.3944980502128601
37 0.08468043081154596 0.4149105669676785 -0.6733737587928772 -0.9838776588439941 -0.6939452290534973 -0.5348445177078247 -0.3841536641120911 -0.2839398384094238 -0.3614352345466614 -0.3955347836017609
38 0.08477520022774634 0.4154811692767914 -0.6738197803497314 -0.9842326045036316 -0.6943655610084534 -0.5355422496795654 -0.384576290845871 -0.2841053605079651 -0.3620243072509766 -0.3964053690433502
39 0.0848712444966577 0.4159533142624335 -0.6743178963661194 -0.984548032283783 -0.6947121024131775 -0.5361027717590332 -0.3847032785415649 -0.284228652715683 -0.3625019788742065 -0.3971311748027802
40 0.08496058019695252 0.4163413681042794 -0.6745927333831787 -0.9847996234893799 -0.6949931979179382 -0.5365475416183472 -0.3847626149654388 -0.2843272089958191 -0.3628890216350555 -0.3977426588535309
41 0.08503661010847025 0.4166535237333424 -0.6750214099884033 -0.9850236773490906 -0.6952204704284668 -0.5369003415107727 -0.3848938941955566 -0.2844418287277222 -0.3632272779941559 -0.3982741832733154
42 0.08509359437973225 0.4168962154832445 -0.6751868724822998 -0.9851977825164795 -0.6953974366188049 -0.5371682047843933 -0.385098397731781 -0.284572035074234 -0.3635351657867432 -0.3987404406070709
43 0.0851308177974667 0.4170744933124229 -0.6755275130271912 -0.9853500723838806 -0.6955357789993286 -0.5373629331588745 -0.3853987753391266 -0.2847043573856354 -0.3638266623020172 -0.3991510570049286
44 0.08514827947760631 0.4171947748884784 -0.6755893230438232 -0.9854570627212524 -0.6956382989883423 -0.5374893546104431 -0.385828822851181 -0.2848176658153534 -0.3640901446342468 -0.3994980752468109
45 0.0851592871735866 0.4172626148018427 -0.6758249998092651 -0.9855450987815857 -0.695713222026825 -0.5375555157661438 -0.3863830268383026 -0.2848830819129944 -0.3643022775650024 -0.3997712135314941
46 0.08517321872508914 0.4172879308460457 -0.6757923364639282 -0.9855958223342896 -0.6957633495330811 -0.5375732183456421 -0.3869642019271851 -0.284917801618576 -0.3644604086875916 -0.3999729156494141
47 0.08518985993818501 0.4172806055389288 -0.6759487986564636 -0.9856366515159607 -0.6957954168319702 -0.537550687789917 -0.3874127268791199 -0.2849336266517639 -0.3645619750022888 -0.4001097083091736
48 0.08520899961061833 0.4172538221768659 -0.6758604049682617 -0.9856505393981934 -0.6958125829696655 -0.5375008583068848 -0.3876131772994995 -0.2849393486976624 -0.3646143674850464 -0.4001946151256561
49 0.08522620621656914 0.4172195355789842 -0.6759825348854065 -0.9856657981872559 -0.6958208084106445 -0.5374351739883423 -0.3876182436943054 -0.2849524915218353 -0.3646319508552551 -0.4002440869808197
50 0.08524385119537674 0.4171874262502193 -0.6758764386177063 -0.9856621623039246 -0.6958211064338684 -0.5373585820198059 -0.3875470459461212 -0.2849881947040558 -0.3646318018436432 -0.4002756476402283
51 0.08526423315757985 0.4171594060214796 -0.6759816408157349 -0.9856617450714111 -0.6958155632019043 -0.5372657775878906 -0.3874542117118835 -0.2850451171398163 -0.3646260499954224 -0.4002924859523773
52 0.0852880009024411 0.4171339735617387 -0.6758578419685364 -0.985646665096283 -0.6958068013191223 -0.5371527671813965 -0.3873451352119446 -0.2851167917251587 -0.3646178245544434 -0.4002882540225983
53 0.08530848836845369 0.4171057755305139 -0.6759477257728577 -0.9856416583061218 -0.6957978010177612 -0.5370253920555115 -0.3872280716896057 -0.285187304019928 -0.36460942029953 -0.4002601504325867
54 0.085321351573746 0.4170778425178075 -0.6758102178573608 -0.9856261610984802 -0.6957893371582031 -0.5368927121162415 -0.3871755003929138 -0.2852216064929962 -0.3645896315574646 -0.4002062976360321
55 0.08532066579027799 0.4170541647077943 -0.6758987307548523 -0.985627293586731 -0.6957840919494629 -0.5367644429206848 -0.3872669339179993 -0.2852080166339874 -0.3645507097244263 -0.4001339375972748
56 0.08530247872883123 0.417030207737573 -0.6757696270942688 -0.9856191277503967 -0.6957776546478271 -0.5366475582122803 -0.3874722421169281 -0.2851665318012238 -0.3644977807998657 -0.4000566005706787
57 0.08527223883838224 0.4170043282019762 -0.6758624315261841 -0.9856191277503967 -0.6957690119743347 -0.5365449786186218 -0.3876747786998749 -0.2851173877716064 -0.3644361793994904 -0.3999831080436707
58 0.08523794575920661 0.4169715537627408 -0.6757311820983887 -0.9856012463569641 -0.6957542300224304 -0.5364588499069214 -0.3877851963043213 -0.2850908637046814 -0.3643811345100403 -0.3999243974685669
59 0.08520780588555567 0.4169320711847073 -0.675818920135498 -0.9855871796607971 -0.6957343816757202 -0.5363813042640686 -0.3877940773963928 -0.2850826382637024 -0.3643296658992767 -0.3998768031597137
60 0.08518430066247767 0.416887190525779 -0.67568039894104 -0.9855557084083557 -0.6957097053527832 -0.5363075733184814 -0.387723833322525 -0.2850883603096008 -0.36427903175354 -0.3998353183269501
61 0.08516733769246988 0.4168487553758925 -0.6757696270942688 -0.985537052154541 -0.6956860423088074 -0.5362377762794495 -0.3875612020492554 -0.2850977778434753 -0.3642302453517914 -0.3997958302497864
62 0.08515561824110264 0.4168213300267926 -0.6756490468978882 -0.9855130910873413 -0.6956645846366882 -0.5361790060997009 -0.3873093128204346 -0.2850897312164307 -0.364191472530365 -0.3997677564620972
63 0.08514839070785798 0.4168070627687876 -0.6757640242576599 -0.9855087399482727 -0.695648729801178 -0.536139965057373 -0.3870602250099182 -0.285058468580246 -0.3641790747642517 -0.3997656404972076
64 0.08514906366977926 0.4168056406308063 -0.6756698489189148 -0.9855021834373474 -0.69563889503479 -0.536122739315033 -0.3869554102420807 -0.2850064933300018 -0.3642004728317261 -0.3997974693775177
65 0.08515953745605682 0.4168091939411691 -0.6758037209510803 -0.9855121374130249 -0.695634663105011 -0.5361198782920837 -0.3870619237422943 -0.2849592864513397 -0.3642439842224121 -0.3998488187789917
66 0.08517981826973536 0.4168173194228046 -0.6757168173789978 -0.9855133891105652 -0.6956337690353394 -0.5361288189888 -0.3873110413551331 -0.2849332392215729 -0.3642954528331757 -0.3999073505401611
67 0.08520747329412519 0.4168212228992777 -0.6758468151092529 -0.9855246543884277 -0.6956353783607483 -0.5361446738243103 -0.3875787258148193 -0.2849455177783966 -0.3643495440483093 -0.3999650478363037
68 0.08523936521819721 0.416819650041939 -0.6757463216781616 -0.9855203628540039 -0.6956354379653931 -0.5361596345901489 -0.3877677321434021 -0.2849864959716797 -0.3643929362297058 -0.4000100195407867
69 0.08527192444050534 0.4168143872068825 -0.6758583784103394 -0.9855241775512695 -0.695635974407196 -0.5361639857292175 -0.3878460228443146 -0.2850355207920074 -0.3644121289253235 -0.400032103061676
70 0.08529642498123745 0.4168053198102012 -0.6757445335388184 -0.9855163097381592 -0.6956357955932617 -0.5361568927764893 -0.3877711892127991 -0.2850877940654755 -0.3644094467163086 -0.4000316858291626
71 0.08530573830849933 0.4167922900990349 -0.6758501529693604 -0.9855217933654785 -0.6956369280815125 -0.5361388921737671 -0.3875339925289154 -0.2851280570030212 -0.3643877506256104 -0.4000093042850494
72 0.0853000007477266 0.4167756316963415 -0.6757340431213379 -0.9855170845985413 -0.6956366896629333 -0.5361154079437256 -0.3872156143188477 -0.2851439416408539 -0.364365816116333 -0.3999821841716766
73 0.08528774938083684 0.4167554947498257 -0.6758409142494202 -0.9855266809463501 -0.6956383585929871 -0.5360944271087646 -0.3869731426239014 -0.2851334512233734 -0.3643537759780884 -0.3999570310115814
74 0.08527271349964304 0.4167349742645834 -0.6757270693778992 -0.9855260252952576 -0.6956405639648438 -0.5360786318778992 -0.3869456350803375 -0.2851052582263947 -0.3643487691879272 -0.3999353349208832
75 0.08526104130064378 0.4167214736073523 -0.6758368015289307 -0.9855372905731201 -0.6956442594528198 -0.5360689163208008 -0.3871486783027649 -0.2850854694843292 -0.3643503189086914 -0.3999173939228058
76 0.08525356050786831 0.4167185128448418 -0.6757302284240723 -0.9855372905731201 -0.695647656917572 -0.5360708832740784 -0.3874748945236206 -0.2850900590419769 -0.3643568754196167 -0.3999063074588776
77 0.08525139122856619 0.4167250809418035 -0.6758472919464111 -0.9855459928512573 -0.6956503391265869 -0.5360896587371826 -0.3878064751625061 -0.2851210236549377 -0.3643749058246613 -0.3999117016792297
78 0.0852536211212265 0.4167403460180043 -0.6757453680038452 -0.9855422377586365 -0.6956521272659302 -0.5361142754554749 -0.388067752122879 -0.2851595282554626 -0.36439448595047 -0.3999285697937012
79 0.08525708680537344 0.4167587568697337 -0.6758665442466736 -0.985548198223114 -0.6956530213356018 -0.5361373424530029 -0.3881496787071228 -0.2851789891719818 -0.3644036054611206 -0.3999478220939636
80 0.08525715951947542 0.4167804765212553 -0.6757699847221375 -0.9855442047119141 -0.6956530213356018 -0.5361570119857788 -0.3879654407501221 -0.2851773202419281 -0.3644025921821594 -0.3999676704406738
81 0.08525529276415063 0.4168045250137477 -0.6758992075920105 -0.9855549931526184 -0.6956548094749451 -0.5361698269844055 -0.3875527381896973 -0.285149097442627 -0.3643991947174072 -0.3999899327754974
82 0.08525239409317745 0.4168237823898504 -0.6758064031600952 -0.9855557680130005 -0.6956558227539062 -0.536179780960083 -0.3870980143547058 -0.285105288028717 -0.3644058108329773 -0.4000167548656464
83 0.08524970344612888 0.4168360296049212 -0.6759316325187683 -0.9855696558952332 -0.6956597566604614 -0.5361889004707336 -0.3868140876293182 -0.2850599586963654 -0.3644231557846069 -0.4000438749790192
84 0.08525007666597743 0.4168347425106138 -0.6758272051811218 -0.9855707287788391 -0.6956633329391479 -0.5361935496330261 -0.3868074715137482 -0.2850368916988373 -0.3644445240497589 -0.4000625610351562
85 0.08525529639080966 0.4168171162372784 -0.6759333610534668 -0.9855789542198181 -0.6956665515899658 -0.5361920595169067 -0.3870442509651184 -0.2850618958473206 -0.3644663095474243 -0.4000663459300995
86 0.08526346450743606 0.4167857367505565 -0.675809919834137 -0.9855712652206421 -0.6956665515899658 -0.5361877679824829 -0.3874173164367676 -0.2851311266422272 -0.3644847273826599 -0.4000561237335205
87 0.08527790821584133 0.4167447820523098 -0.6759003400802612 -0.9855698943138123 -0.6956654787063599 -0.5361807346343994 -0.387822687625885 -0.2852246165275574 -0.3644930720329285 -0.400031566619873
88 0.08529446004903014 0.4167042664080974 -0.6757668256759644 -0.9855538010597229 -0.6956611275672913 -0.5361686944961548 -0.3881284594535828 -0.2853114008903503 -0.3644842505455017 -0.3999954164028168
89 0.08531384643560173 0.4166748679469297 -0.6758632063865662 -0.9855525493621826 -0.6956585645675659 -0.5361491441726685 -0.3881712853908539 -0.2853459715843201 -0.364450991153717 -0.3999492228031158
90 0.08533127916167528 0.4166609691229092 -0.6757479906082153 -0.9855446219444275 -0.6956562399864197 -0.5361245274543762 -0.3878858983516693 -0.28532874584198 -0.3644033670425415 -0.399901419878006
91 0.08534458360626537 0.4166624569878286 -0.6758702993392944 -0.985557496547699 -0.6956596374511719 -0.5361001491546631 -0.3873774409294128 -0.2852621972560883 -0.3643544316291809 -0.3998613953590393
92 0.08534850248273008 0.4166788901854094 -0.675784707069397 -0.9855660796165466 -0.6956650614738464 -0.5360851287841797 -0.3868726491928101 -0.2851608097553253 -0.3643167018890381 -0.3998361527919769
93 0.08534371005731087 0.4167074198780832 -0.6759288907051086 -0.9855911135673523 -0.6956744194030762 -0.5360862612724304 -0.3865945041179657 -0.2850650548934937 -0.3642995357513428 -0.3998322188854218
94 0.08533263809623831 0.4167416527105262 -0.6758522391319275 -0.9856036901473999 -0.6956822872161865 -0.5360993146896362 -0.386610209941864 -0.2850137054920197 -0.3643064498901367 -0.3998493850231171
95 0.08532322483267808 0.4167733083036483 -0.675991415977478 -0.9856228828430176 -0.6956890225410461 -0.5361230373382568 -0.3868540227413177 -0.2850294709205627 -0.3643385469913483 -0.3998832106590271
96 0.08531790179596593 0.4167969563151094 -0.6758953332901001 -0.9856213331222534 -0.695689857006073 -0.5361506342887878 -0.3872153759002686 -0.2851028740406036 -0.364384651184082 -0.3999214172363281
97 0.08531613680174119 0.4168028918901109 -0.6760105490684509 -0.9856242537498474 -0.6956878304481506 -0.5361731648445129 -0.3875856399536133 -0.2851947546005249 -0.3644261360168457 -0.3999524414539337
98 0.0853135056805709 0.4167948583624965 -0.6758983135223389 -0.9856129884719849 -0.6956825852394104 -0.5361801385879517 -0.3877927958965302 -0.2852529585361481 -0.3644417226314545 -0.3999640941619873
99 0.08530898248523171 0.4167731644335365 -0.6760074496269226 -0.9856123924255371 -0.6956750154495239 -0.5361769795417786 -0.3876965045928955 -0.2852663993835449 -0.364427924156189 -0.3999582529067993
100 0.08530208216727361 0.4167450716712883 -0.675902247428894 -0.9856047630310059 -0.6956674456596375 -0.5361671447753906 -0.3873012959957123 -0.285215437412262 -0.3643945753574371 -0.3999455273151398
101 0.08529330014393061 0.4167176692317365 -0.6760275959968567 -0.9856142401695251 -0.6956626772880554 -0.5361586213111877 -0.386779248714447 -0.2851146161556244 -0.3643586933612823 -0.3999371826648712
102 0.08528605729423834 0.4166988178845826 -0.6759400367736816 -0.9856181740760803 -0.6956607699394226 -0.536160945892334 -0.3863590359687805 -0.2849948406219482 -0.3643366396427155 -0.3999440371990204
103 0.08528383272700753 0.4166898160123548 -0.676080048084259 -0.9856373071670532 -0.6956628561019897 -0.5361757874488831 -0.3861797153949738 -0.2849002182483673 -0.3643386960029602 -0.3999712467193604
104 0.08528267163267469 0.4166913406159915 -0.6759971976280212 -0.985644519329071 -0.6956662535667419 -0.536203920841217 -0.3862699270248413 -0.2848778069019318 -0.3643729686737061 -0.4000197052955627
105 0.0852841272705173 0.4166981103882221 -0.6761220097541809 -0.9856557250022888 -0.6956692934036255 -0.5362400412559509 -0.386548638343811 -0.2849327921867371 -0.364433228969574 -0.4000803530216217
106 0.08528781184634338 0.4167038255344068 -0.6760025024414062 -0.9856451153755188 -0.695669949054718 -0.5362709760665894 -0.3869340121746063 -0.2850436866283417 -0.3645032346248627 -0.4001369476318359
107 0.08529729583277441 0.4167001889909425 -0.6760762929916382 -0.9856337308883667 -0.6956678032875061 -0.5362817049026489 -0.3872920870780945 -0.2851801514625549 -0.3645591735839844 -0.4001678824424744
108 0.08531527446414745 0.416684352095503 -0.6759029626846313 -0.9856007099151611 -0.6956618428230286 -0.5362600088119507 -0.3874382078647614 -0.2852878272533417 -0.3645747303962708 -0.400151789188385
109 0.08534344958458953 0.4166622800796057 -0.6759369373321533 -0.9855772256851196 -0.6956581473350525 -0.5362056493759155 -0.3872972726821899 -0.2853447496891022 -0.364538848400116 -0.4000793993473053
110 0.08537051636007409 0.4166443953113908 -0.675754189491272 -0.9855490922927856 -0.6956570148468018 -0.5361306071281433 -0.3869339823722839 -0.2853270769119263 -0.3644485473632812 -0.3999544680118561
111 0.08538673116006004 0.4166445092046845 -0.6758206486701965 -0.9855487942695618 -0.6956635713577271 -0.5360625386238098 -0.386519730091095 -0.2852321863174438 -0.3643258512020111 -0.3998098373413086
112 0.08538930116529346 0.4166666200644427 -0.6757017374038696 -0.9855541586875916 -0.6956750154495239 -0.5360257029533386 -0.3862524628639221 -0.2851077020168304 -0.3642159104347229 -0.3996953070163727
113 0.08538324717642713 0.4167020831532669 -0.6758367419242859 -0.9855815768241882 -0.6956886649131775 -0.5360227823257446 -0.386207640171051 -0.2850062549114227 -0.3641509413719177 -0.3996392488479614
114 0.08537271290925394 0.4167421339610524 -0.6757684946060181 -0.9855990409851074 -0.6956987977027893 -0.5360476970672607 -0.3863657414913177 -0.2849603891372681 -0.3641402125358582 -0.3996419012546539
115 0.08536146663858536 0.4167795775981113 -0.6759322285652161 -0.9856263399124146 -0.6957064270973206 -0.5360932946205139 -0.3866398632526398 -0.284976065158844 -0.3641748428344727 -0.399689793586731
116 0.08534983791508471 0.4168073397329518 -0.6758743524551392 -0.9856370687484741 -0.6957086324691772 -0.5361490249633789 -0.3869405686855316 -0.2850290834903717 -0.3642379641532898 -0.3997662365436554
117 0.0853349922895088 0.4168287727128975 -0.6760360598564148 -0.9856557846069336 -0.695709228515625 -0.5362005233764648 -0.3870971500873566 -0.285055547952652 -0.3642940819263458 -0.3998490869998932
118 0.08531602545551024 0.4168440378256666 -0.6759684681892395 -0.9856590628623962 -0.6957066059112549 -0.5362458229064941 -0.3869949579238892 -0.2850582003593445 -0.3643384575843811 -0.3999305665493011
119 0.08529711216278961 0.4168512814255571 -0.6761131286621094 -0.9856704473495483 -0.6957036256790161 -0.5362772345542908 -0.3866609930992126 -0.2850227355957031 -0.3643715083599091 -0.4000039398670197
120 0.08528516013600615 0.4168513274292429 -0.6760222315788269 -0.9856665730476379 -0.6956994533538818 -0.5362966656684875 -0.3862598538398743 -0.2849631011486053 -0.3644016683101654 -0.4000678658485413
121 0.08528293956697851 0.4168399458060183 -0.6761392951011658 -0.9856709241867065 -0.6956969499588013 -0.5363078713417053 -0.3859953582286835 -0.2849028408527374 -0.3644282221794128 -0.4001162052154541
122 0.08529220332534102 0.4168205459719946 -0.6760218143463135 -0.9856615662574768 -0.6956954002380371 -0.5363119840621948 -0.385961502790451 -0.2848787903785706 -0.3644554018974304 -0.400146871805191
123 0.08531259791000384 0.4167947115799593 -0.6761142015457153 -0.9856616258621216 -0.6956968307495117 -0.5363097786903381 -0.3861548006534576 -0.2849142253398895 -0.3644827008247375 -0.4001564085483551
124 0.08534111612085168 0.416768528843722 -0.67597895860672 -0.9856489300727844 -0.695698082447052 -0.536304771900177 -0.3865024745464325 -0.2850059866905212 -0.3645029664039612 -0.4001425206661224
125 0.08537440126774408 0.4167435968296295 -0.6760680079460144 -0.9856498837471008 -0.6957021951675415 -0.5363014340400696 -0.3869167864322662 -0.2851183712482452 -0.3645116090774536 -0.400112122297287
126 0.08540706548597947 0.4167272075414828 -0.6759467720985413 -0.9856454133987427 -0.6957074403762817 -0.536296010017395 -0.3872381746768951 -0.2852091193199158 -0.3645015358924866 -0.4000718295574188
127 0.08543620863409054 0.4167211648054768 -0.6760605573654175 -0.9856572151184082 -0.6957134604454041 -0.5362881422042847 -0.387285590171814 -0.2852400541305542 -0.3644700646400452 -0.4000290632247925
128 0.08545672048701175 0.4167246339021095 -0.675965428352356 -0.9856624603271484 -0.6957185864448547 -0.5362752676010132 -0.3870468139648438 -0.2852175235748291 -0.3644304275512695 -0.3999924063682556
129 0.08546379358122914 0.4167327072794113 -0.6761013269424438 -0.9856837391853333 -0.6957248449325562 -0.5362597703933716 -0.3866488337516785 -0.2851503491401672 -0.3643926978111267 -0.3999644219875336
130 0.08545569693131357 0.4167439260076594 -0.6760205030441284 -0.9856953620910645 -0.6957300901412964 -0.5362474322319031 -0.3862912952899933 -0.285059779882431 -0.3643640279769897 -0.3999459445476532
131 0.08543584741768546 0.4167533973125916 -0.6761561632156372 -0.9857157468795776 -0.6957350969314575 -0.5362436175346375 -0.3861492574214935 -0.2849934995174408 -0.3643564283847809 -0.399941474199295
132 0.08540770074673719 0.416758563527103 -0.6760609149932861 -0.9857195019721985 -0.6957374811172485 -0.5362445116043091 -0.3862640857696533 -0.284983903169632 -0.3643704652786255 -0.3999484777450562
133 0.08537666581225083 0.4167555691933432 -0.6761738657951355 -0.9857268929481506 -0.6957377195358276 -0.5362482070922852 -0.3865638673305511 -0.2850321829319 -0.3643984198570251 -0.3999573588371277
134 0.08534825443524389 0.4167449848377716 -0.6760483384132385 -0.9857122302055359 -0.6957325339317322 -0.5362547039985657 -0.3869561553001404 -0.2851265668869019 -0.3644314408302307 -0.3999645709991455
135 0.08532617082274258 0.4167277153634354 -0.6761323809623718 -0.9857016801834106 -0.6957252025604248 -0.5362564921379089 -0.3873327970504761 -0.2852267026901245 -0.3644550144672394 -0.3999645411968231
136 0.08531349109021566 0.4167093437270562 -0.6759886741638184 -0.9856760501861572 -0.6957150101661682 -0.5362460613250732 -0.3875120580196381 -0.2852805256843567 -0.3644489049911499 -0.3999477624893188
137 0.08530910847817225 0.416695217857159 -0.6760702729225159 -0.9856635928153992 -0.6957053542137146 -0.5362282395362854 -0.3873787820339203 -0.2852821946144104 -0.3644123077392578 -0.3999137878417969
138 0.08531319140379831 0.4166921567430921 -0.6759440302848816 -0.9856469035148621 -0.6956974864006042 -0.5362093448638916 -0.3869845569133759 -0.2852106094360352 -0.3643543720245361 -0.399875670671463
139 0.08532518083807659 0.4167006515782085 -0.6760601997375488 -0.9856528639793396 -0.6956943273544312 -0.5362020134925842 -0.3865197002887726 -0.2850906848907471 -0.3643056154251099 -0.3998565971851349
140 0.08534290658293682 0.4167188659389506 -0.6759750247001648 -0.9856576323509216 -0.6956953406333923 -0.5362144112586975 -0.386208176612854 -0.284961998462677 -0.3642849326133728 -0.3998691141605377
141 0.08536220183967458 0.4167449755503297 -0.6761281490325928 -0.9856832027435303 -0.695702075958252 -0.5362460613250732 -0.3861564695835114 -0.2848722338676453 -0.3643008470535278 -0.3999159932136536
142 0.08537849162704148 0.4167692679310175 -0.6760677099227905 -0.9857009649276733 -0.6957108974456787 -0.5362936854362488 -0.3863457441329956 -0.2848534882068634 -0.364357203245163 -0.3999934196472168
143 0.08538886366339662 0.4167877158434994 -0.6762239336967468 -0.9857269525527954 -0.6957197785377502 -0.5363505482673645 -0.38669553399086 -0.284914493560791 -0.3644458949565887 -0.4000882506370544
144 0.08539336941349035 0.4167941012288354 -0.676142692565918 -0.985733687877655 -0.6957260370254517 -0.536401629447937 -0.3871262073516846 -0.2850228846073151 -0.3645400404930115 -0.4001766741275787
145 0.08539315030509292 0.4167906947749068 -0.676264762878418 -0.9857428669929504 -0.6957297921180725 -0.5364333391189575 -0.3874567449092865 -0.2851326465606689 -0.36460942029953 -0.4002393186092377
146 0.08539038454888449 0.4167802642974517 -0.6761492490768433 -0.985733687877655 -0.6957294344902039 -0.5364417433738708 -0.3874951004981995 -0.2851941585540771 -0.3646324276924133 -0.4002615213394165
147 0.08538827800353893 0.4167671360684945 -0.676244854927063 -0.9857329726219177 -0.6957290172576904 -0.5364245176315308 -0.3872166872024536 -0.285199761390686 -0.3646098375320435 -0.4002436697483063
148 0.08538497035198936 0.4167547848822648 -0.6761167049407959 -0.9857211709022522 -0.6957269906997681 -0.5363941192626953 -0.3867667019367218 -0.2851448655128479 -0.364558219909668 -0.4002001881599426
149 0.08538301859171275 0.4167453940361269 -0.6762084364891052 -0.9857209324836731 -0.695725679397583 -0.5363616347312927 -0.3863689303398132 -0.285064697265625 -0.364502489566803 -0.400148868560791
150 0.08538121777162289 0.4167389747011347 -0.6760812401771545 -0.9857109785079956 -0.6957246065139771 -0.5363353490829468 -0.3862166106700897 -0.2850053310394287 -0.3644635081291199 -0.400105357170105
151 0.08537941476121216 0.4167322077982203 -0.6761805415153503 -0.9857150316238403 -0.6957252025604248 -0.5363182425498962 -0.3863542675971985 -0.2849918305873871 -0.3644463717937469 -0.4000737071037292
152 0.08537641998397026 0.4167228078650138 -0.6760631203651428 -0.9857083559036255 -0.6957244277000427 -0.5363122820854187 -0.386684238910675 -0.2850278317928314 -0.3644492030143738 -0.4000528156757355
153 0.08537161418769139 0.4167118108493759 -0.6761701107025146 -0.9857127666473389 -0.6957247257232666 -0.5363183617591858 -0.3871059715747833 -0.2851094901561737 -0.3644688427448273 -0.4000429511070251
154 0.0853649752121405 0.4166995400409398 -0.6760570406913757 -0.9857043623924255 -0.6957229375839233 -0.5363273620605469 -0.387492835521698 -0.2851940095424652 -0.3644914031028748 -0.4000411629676819
155 0.0853567148741205 0.4166888263613161 -0.6761687994003296 -0.9857080578804016 -0.6957218647003174 -0.5363314151763916 -0.3876757323741913 -0.285241961479187 -0.3644979000091553 -0.4000383019447327
156 0.0853473738828727 0.416684009632007 -0.676062285900116 -0.9857017397880554 -0.6957201957702637 -0.5363280177116394 -0.3875117599964142 -0.2852399349212646 -0.3644817173480988 -0.4000276923179626
157 0.08533999954480839 0.4166862228950532 -0.6761806011199951 -0.985709011554718 -0.6957202553749084 -0.5363163948059082 -0.3870746791362762 -0.2851856052875519 -0.3644502758979797 -0.4000131189823151
158 0.08533831632207421 0.4166950416654651 -0.6760789752006531 -0.9857056736946106 -0.6957194805145264 -0.5363072156906128 -0.3865595161914825 -0.2850907742977142 -0.3644174933433533 -0.4000025689601898
159 0.08534237208909987 0.4167077840978736 -0.6762018203735352 -0.9857164621353149 -0.6957216858863831 -0.5363072752952576 -0.3862296342849731 -0.2849957048892975 -0.364401251077652 -0.4000051617622375
160 0.0853498606501822 0.4167232851211905 -0.6761059165000916 -0.9857186079025269 -0.6957255005836487 -0.5363176465034485 -0.386188417673111 -0.2849337756633759 -0.3644046187400818 -0.4000227749347687
161 0.08535919254278228 0.4167425330791081 -0.6762352585792542 -0.9857347011566162 -0.6957325339317322 -0.5363420844078064 -0.3864011168479919 -0.2849296629428864 -0.3644330203533173 -0.4000572562217712
162 0.08537024461015433 0.416761532154556 -0.6761420965194702 -0.9857386946678162 -0.6957387924194336 -0.5363786220550537 -0.3867727816104889 -0.2849858403205872 -0.3644864559173584 -0.4001071155071259
163 0.08538028239350648 0.4167739114039619 -0.6762650012969971 -0.9857503771781921 -0.6957445740699768 -0.5364189147949219 -0.3872073590755463 -0.2850808501243591 -0.3645517230033875 -0.4001632034778595
164 0.085386102775604 0.4167816216124349 -0.6761608719825745 -0.9857476353645325 -0.6957482099533081 -0.5364511013031006 -0.3875342607498169 -0.2851662933826447 -0.3646045327186584 -0.4002117514610291
165 0.08538680161396477 0.4167851195504543 -0.6762737631797791 -0.9857544898986816 -0.6957511305809021 -0.536466121673584 -0.3875604271888733 -0.2852006256580353 -0.3646237254142761 -0.4002376198768616
166 0.08538379762350845 0.4167871530243268 -0.6761602759361267 -0.9857481122016907 -0.6957511305809021 -0.53645920753479 -0.3872518539428711 -0.285180002450943 -0.364604651927948 -0.4002343416213989
167 0.08538070101932427 0.4167876792645271 -0.6762672066688538 -0.9857531785964966 -0.6957504153251648 -0.536439061164856 -0.386746883392334 -0.2851051688194275 -0.3645617961883545 -0.400210976600647
168 0.08537845936331651 0.4167886824643579 -0.6761517524719238 -0.985747218132019 -0.695749044418335 -0.5364170670509338 -0.3862960338592529 -0.2850176095962524 -0.3645203709602356 -0.4001827538013458
169 0.08537636385970641 0.4167889073479725 -0.6762555837631226 -0.9857518076896667 -0.6957482099533081 -0.5363990068435669 -0.3861086368560791 -0.2849576771259308 -0.3644939959049225 -0.4001589715480804
170 0.085372331322055 0.4167881905948289 -0.6761359572410583 -0.9857441186904907 -0.6957463026046753 -0.5363860130310059 -0.3862353563308716 -0.2849509119987488 -0.3644858002662659 -0.4001424014568329
171 0.08536640029314611 0.416786784763095 -0.6762361526489258 -0.9857461452484131 -0.6957448720932007 -0.5363829731941223 -0.3865799307823181 -0.2850034534931183 -0.3645000457763672 -0.4001348316669464
172 0.08535837113052734 0.4167807996175392 -0.6761075258255005 -0.9857311844825745 -0.6957409381866455 -0.5363854169845581 -0.3870286345481873 -0.285103976726532 -0.3645280599594116 -0.4001308977603912
173 0.08534868849168184 0.4167706691485085 -0.6761958599090576 -0.9857248067855835 -0.6957370042800903 -0.5363847017288208 -0.3874492943286896 -0.2852064967155457 -0.3645517826080322 -0.4001233577728271
174 0.08533744762925516 0.4167588455435992 -0.6760609745979309 -0.9857061505317688 -0.6957316994667053 -0.5363724231719971 -0.3876566588878632 -0.285262256860733 -0.3645496368408203 -0.4001026451587677
175 0.08532699940698704 0.4167470214260548 -0.6761499643325806 -0.9857004284858704 -0.6957271099090576 -0.5363510251045227 -0.3875276446342468 -0.2852679789066315 -0.3645158410072327 -0.4000647664070129
176 0.08532065045269455 0.4167371826961426 -0.6760230660438538 -0.9856857657432556 -0.6957212090492249 -0.5363221168518066 -0.3871051371097565 -0.2852098345756531 -0.364457368850708 -0.4000162184238434
177 0.08531989204943126 0.4167304296797484 -0.6761256456375122 -0.9856868982315063 -0.6957175135612488 -0.5362955331802368 -0.3865876197814941 -0.2851109206676483 -0.3643993735313416 -0.3999735116958618
178 0.08532534194843505 0.4167267643467492 -0.6760144233703613 -0.9856812953948975 -0.6957153677940369 -0.5362793207168579 -0.3862395286560059 -0.2850090563297272 -0.3643596172332764 -0.3999474346637726
179 0.08533754631361093 0.4167263172100762 -0.6761323809623718 -0.9856909513473511 -0.6957160830497742 -0.5362759232521057 -0.3861802220344543 -0.2849431037902832 -0.3643463850021362 -0.3999424874782562
180 0.08535238385451197 0.416729460488355 -0.6760349273681641 -0.9856926202774048 -0.6957181692123413 -0.5362870097160339 -0.3863885402679443 -0.2849380373954773 -0.3643609881401062 -0.3999559581279755
181 0.08536750087491136 0.4167346966753639 -0.6761626601219177 -0.9857065081596375 -0.6957224607467651 -0.5363134145736694 -0.3867599368095398 -0.2849938571453094 -0.3644031882286072 -0.3999889194965363
182 0.08538007606175134 0.4167413380357909 -0.6760687828063965 -0.9857083559036255 -0.6957270503044128 -0.5363459587097168 -0.3871881365776062 -0.2850771248340607 -0.3644557893276215 -0.4000316858291626
183 0.08538675927752382 0.4167487889804835 -0.6761942505836487 -0.9857197999954224 -0.6957317590713501 -0.5363761186599731 -0.3875140845775604 -0.2851535081863403 -0.3645032346248627 -0.4000751078128815
184 0.0853868455835302 0.4167595097438052 -0.6760982275009155 -0.9857205748558044 -0.6957361698150635 -0.5363965630531311 -0.387551337480545 -0.2851775288581848 -0.3645221590995789 -0.4001044631004333
185 0.08538113429485124 0.4167716931696855 -0.6762219667434692 -0.9857321381568909 -0.6957401037216187 -0.5364015698432922 -0.3872473537921906 -0.2851500511169434 -0.3645104765892029 -0.400115966796875
186 0.08537242134461548 0.4167844176708861 -0.6761248111724854 -0.9857327938079834 -0.6957418322563171 -0.5363968014717102 -0.3867312669754028 -0.2850652039051056 -0.3644791841506958 -0.4001148641109467
187 0.08536412586907635 0.4167943856726556 -0.6762459278106689 -0.9857423305511475 -0.6957420706748962 -0.536388635635376 -0.3862679004669189 -0.2849709391593933 -0.3644542992115021 -0.4001136720180511
188 0.0853589887133936 0.416799907854578 -0.6761422157287598 -0.98573899269104 -0.695740282535553 -0.5363859534263611 -0.3860612511634827 -0.2849030792713165 -0.3644469976425171 -0.400120347738266
189 0.0853567180857925 0.4167980409015499 -0.6762573719024658 -0.9857456684112549 -0.6957383155822754 -0.5363870859146118 -0.386174738407135 -0.2848909199237823 -0.3644590377807617 -0.4001322090625763
190 0.08535739283406124 0.416788437289876 -0.6761451363563538 -0.9857370853424072 -0.6957337856292725 -0.5363938808441162 -0.3865110576152802 -0.284939169883728 -0.3644883632659912 -0.4001466631889343
191 0.08535964816941718 0.4167709216471263 -0.6762473583221436 -0.985736072063446 -0.69572913646698 -0.5364035367965698 -0.3869569599628448 -0.2850390076637268 -0.3645281195640564 -0.4001592695713043
192 0.08536003676807659 0.4167473984571927 -0.6761215329170227 -0.9857209324836731 -0.6957234144210815 -0.5364087820053101 -0.387387216091156 -0.285148561000824 -0.3645625710487366 -0.4001654982566833
193 0.08535783233901938 0.4167233763303517 -0.6762123703956604 -0.9857162237167358 -0.695719301700592 -0.53640216588974 -0.387628048658371 -0.2852261364459991 -0.3645728528499603 -0.4001554846763611
194 0.08535136327691703 0.4167020926258046 -0.676077663898468 -0.9856992363929749 -0.6957144141197205 -0.536380410194397 -0.3875329494476318 -0.2852535247802734 -0.3645501136779785 -0.4001236259937286
195 0.0853424824579002 0.4166857436133002 -0.6761618256568909 -0.9856945872306824 -0.6957114934921265 -0.5363419055938721 -0.387150377035141 -0.2852272093296051 -0.3645007014274597 -0.4000718295574188
196 0.08533369318488512 0.4166753205191053 -0.6760227084159851 -0.9856787919998169 -0.6957079172134399 -0.5362987518310547 -0.3866691291332245 -0.2851626873016357 -0.3644424080848694 -0.4000100195407867
197 0.08533062912265794 0.4166703264180601 -0.6761037707328796 -0.9856745600700378 -0.6957061886787415 -0.5362624526023865 -0.3863509595394135 -0.2850889563560486 -0.3643913865089417 -0.3999520540237427
198 0.08533447987872637 0.4166742654586095 -0.6759702563285828 -0.9856627583503723 -0.6957058310508728 -0.5362374782562256 -0.3863101601600647 -0.2850330471992493 -0.36435467004776 -0.3999062180519104
199 0.0853452754634967 0.4166860758716028 -0.6760673522949219 -0.9856666326522827 -0.6957092881202698 -0.5362311601638794 -0.3865284323692322 -0.285024881362915 -0.3643428087234497 -0.3998799324035645
200 0.08535839185724318 0.416705351787988 -0.6759539246559143 -0.9856629371643066 -0.6957134008407593 -0.5362443923950195 -0.3868903815746307 -0.2850624918937683 -0.3643574118614197 -0.3998784720897675
201 0.0853721345348967 0.4167309657819576 -0.6760721206665039 -0.9856740832328796 -0.6957197785377502 -0.536274254322052 -0.3873034417629242 -0.285123199224472 -0.3643890023231506 -0.3998989760875702
202 0.08538208546973483 0.4167607718751322 -0.6759796142578125 -0.9856771230697632 -0.6957258582115173 -0.5363115668296814 -0.3876042366027832 -0.285170316696167 -0.3644225597381592 -0.3999374210834503
203 0.08538586275826902 0.4167931027389666 -0.6761190891265869 -0.9856964349746704 -0.695734441280365 -0.5363455414772034 -0.3876234591007233 -0.2851678431034088 -0.364439070224762 -0.3999781310558319
204 0.08538425455403435 0.4168260990115459 -0.6760432720184326 -0.9857062101364136 -0.6957410573959351 -0.5363686680793762 -0.3873037099838257 -0.2851205766201019 -0.3644370138645172 -0.4000145494937897
205 0.0853786252783897 0.4168568395085206 -0.6761935949325562 -0.9857288599014282 -0.6957472562789917 -0.5363853573799133 -0.3867747187614441 -0.285023957490921 -0.3644239902496338 -0.4000477194786072
206 0.08537116639290949 0.4168830138762385 -0.6761234402656555 -0.9857395887374878 -0.6957509517669678 -0.5364013314247131 -0.3862963616847992 -0.28492072224617 -0.3644207119941711 -0.4000857770442963
207 0.08536476630743706 0.4169011691887643 -0.6762713193893433 -0.9857587814331055 -0.6957529187202454 -0.5364230871200562 -0.3860760927200317 -0.2848425507545471 -0.364437460899353 -0.4001351296901703
208 0.08535948279325674 0.4169089952011045 -0.6761912703514099 -0.9857622981071472 -0.6957511901855469 -0.5364465117454529 -0.3861792087554932 -0.2848235070705414 -0.3644757270812988 -0.4001902639865875
209 0.08535667630122923 0.4169045958074487 -0.6763232946395874 -0.985771656036377 -0.6957477927207947 -0.536473274230957 -0.3865088820457458 -0.284865528345108 -0.3645293116569519 -0.4002453684806824
210 0.08535683882589055 0.4168888714676121 -0.6762219071388245 -0.9857630729675293 -0.6957416534423828 -0.5365001559257507 -0.3869532346725464 -0.2849632203578949 -0.3645922541618347 -0.4002956449985504
