"drag-coeff-rfile"
"Iteration" "drag-coeff"
("Iteration" "drag-coeff")
1 0.229238908825292
2 0.2380155693484153
3 0.2079930187250764
4 0.1820098303536302
5 0.1615687760208045
6 0.1483891848567817
7 0.1408941922401691
8 0.137112702946119
9 0.1355097393146309
10 0.1350213248116356
11 0.1350049726912929
12 0.1351158904644157
13 0.1352060958264085
14 0.1352287860053177
15 0.1351948862039833
16 0.1351281830351244
17 0.1350513750118464
18 0.1349776505995988
19 0.1349092033366504
20 0.1348505488158752
21 0.1348007433038778
22 0.1347548670254186
23 0.1347123142660444
24 0.1346732263439122
25 0.1346359893277865
26 0.1346007069363841
27 0.1345678989084803
28 0.1345349033921761
29 0.1345033184311152
30 0.1344727196803866
31 0.134442362277344
32 0.1344122948406555
33 0.1343826764668089
34 0.1343541149498715
35 0.1343268723665761
36 0.1343013961160808
37 0.1342780657978642
38 0.1342571825970749
39 0.1342389252765132
40 0.1342235471801062
41 0.1342106368381634
42 0.1342001641363698
43 0.1341919887982825
44 0.1341858098698739
45 0.134181244781227
46 0.1341780127606436
47 0.1341758983764886
48 0.1341746934026151
49 0.1341740990991108
50 0.1341740077570691
51 0.1341742527134427
52 0.1341747438648648
53 0.1341753780275458
54 0.1341761019925051
55 0.1341768666668045
56 0.1341776410872415
57 0.1341784166514976
58 0.1341791750122333
59 0.1341799110705144
60 0.1341806250303831
