"lift-coeff-rfile"
"Iteration" "lift-coeff"
("Iteration" "lift-coeff")
1 0.0855502829924279
2 0.2053127600171304
3 0.3151727749848171
4 0.4076038772372719
5 0.4795655679463539
6 0.5367447903147681
7 0.5790442368305051
8 0.6093616444633472
9 0.6283337672349677
10 0.6384540514382051
11 0.6413377042195296
12 0.6390538587020601
13 0.6330609498282598
14 0.624896232304311
15 0.6156581033341283
16 0.6062243790209592
17 0.5971792840013604
18 0.5888357320585584
19 0.5813401547809878
20 0.5747545013075082
21 0.5690211668326025
22 0.5640887331755665
23 0.559878083961605
24 0.5563241147993534
25 0.5533374055746211
26 0.5508435602866604
27 0.5487600851697123
28 0.5470060058930106
29 0.5455203981804816
30 0.5442484082714045
31 0.5431473418091656
32 0.5421831821091727
33 0.5413321594005157
34 0.5405785539423678
35 0.5399109530069127
36 0.5393211361126937
37 0.5388031656971265
38 0.5383498193603974
39 0.5379557363272229
40 0.5376152367121294
41 0.5373227558058844
42 0.5370724606361638
43 0.5368586751747285
44 0.536677134597495
45 0.5365226936179652
46 0.5363911850510321
47 0.5362793198612095
48 0.5361839830614591
49 0.5361026831369963
50 0.5360336696022616
51 0.5359752756125862
52 0.535926268687373
53 0.5358853806451006
54 0.5358516935239411
55 0.5358242838450508
56 0.5358023636085286
57 0.5357851852997324
58 0.5357720947912509
59 0.5357624855537815
60 0.5357557823534432
