"drag-coeff-rfile"
"Iteration" "drag-coeff"
("Iteration" "drag-coeff")
1 0.1597733175476436
2 0.1412413175267212
3 0.1101416750870447
4 0.09079426628845329
5 0.07988654702457436
6 0.07385124407291647
7 0.07076544703844746
8 0.06975829065762441
9 0.06994502378929539
10 0.07070240221750167
11 0.07159103084466666
12 0.07236911513085616
13 0.07295605456311866
14 0.07333819035646857
15 0.07349534633654455
16 0.07345458438865535
17 0.07324890249855581
18 0.07295414997591572
19 0.0726619299284755
20 0.07245092699541313
21 0.07235655517009963
22 0.07239068857788504
23 0.07250567987086498
24 0.07265938755066957
25 0.07282387806793847
26 0.07297379639294105
27 0.07309828261969736
28 0.07319555683528602
29 0.07325673051466884
30 0.07327468419999554
31 0.07324815371509326
32 0.07319057669732268
33 0.07312079925129418
34 0.07304709674475816
35 0.07298598312823157
36 0.0729499237634697
37 0.0729519514634635
38 0.07299416057268815
39 0.07306470745956041
40 0.07313320655943212
41 0.0731744677554732
42 0.07318472746118827
43 0.07317799037614904
44 0.07315911793304207
45 0.07313724305155316
46 0.07313156732493843
47 0.07315364462411297
48 0.07319381361077247
49 0.07324786284674552
50 0.07330261426949175
51 0.07335281930728856
52 0.07339382837312218
53 0.07341915886166633
54 0.073426471902635
55 0.07342023389029113
56 0.07339811877824021
57 0.07336308944741023
58 0.07332157623345306
59 0.07327907338984527
60 0.07324050686745583
61 0.07321298903876249
62 0.07318820511474225
63 0.07317035496458225
64 0.07317149030144456
65 0.07319568788206994
66 0.0732367671354856
67 0.07328309451903099
68 0.07331893607464453
69 0.07334051292600631
70 0.07335331244557101
71 0.07335699068200201
72 0.07334781461283615
73 0.07333127838145935
74 0.07331294071217044
75 0.07330493901083127
76 0.07331068689567527
77 0.0733225767376737
78 0.07333809684555527
79 0.0733549321706356
80 0.07336483214726351
81 0.07335967816195431
82 0.07335159024768409
83 0.07334697913866868
84 0.07334417356718498
85 0.07334311875781636
86 0.07333503049201434
87 0.07332356065617528
88 0.07331110594766557
89 0.07330485095497656
90 0.07330776607248277
91 0.07332182069527854
92 0.07333852732957932
93 0.07335390426952748
94 0.07336664598502764
95 0.07337325711029004
96 0.07337167285835504
97 0.07336759169005766
98 0.07336271705513651
99 0.07336375446786481
100 0.07337168623428082
101 0.07338186715198007
102 0.07339173331149222
103 0.0734065217261622
104 0.07341954884795235
105 0.07342805995975714
106 0.0734342218971438
107 0.0734376417793087
108 0.07343488980927643
109 0.07342681449710792
110 0.07341182784458253
111 0.07339371281220736
112 0.07337658380389422
113 0.07335812317117414
114 0.0733393061404921
115 0.07332427545810787
116 0.07330671185901644
117 0.07328893869504716
118 0.07327953885713195
119 0.07328176138351379
120 0.07329126100525729
121 0.07330775994454777
122 0.07332756551820392
123 0.0733520198636633
124 0.07337821485581399
125 0.07339891242742155
126 0.07341298743194653
127 0.07342628971959642
128 0.07343527071940563
129 0.07343961919553893
130 0.07344211978157635
131 0.07344216301946668
132 0.07343775759938696
133 0.0734315993866916
134 0.07342120056276363
135 0.07340631648094846
136 0.07338211665807946
137 0.07335790897579503
138 0.07334546322416145
139 0.07335075466305754
140 0.07336129950875286
141 0.07336759356605452
142 0.07337611057747875
143 0.07338626658814375
144 0.0733906122156555
145 0.07338513151615284
146 0.07336618379461679
147 0.07334226187474142
148 0.07332313663491631
149 0.07330930912946021
150 0.07330491181457872
151 0.07331092748045456
152 0.07331906264274334
153 0.07332595060660947
154 0.07333129037885967
155 0.07333224134683554
156 0.07333224111956825
157 0.07334544022727695
158 0.07337398429636496
159 0.07340970528677609
160 0.07344056280788534
161 0.07346005532208802
162 0.07347108364246135
163 0.07347957844677939
164 0.07347766945779591
165 0.07346257661186982
166 0.07343637247309927
167 0.07340318608165562
168 0.07336727815412578
169 0.07333745119883087
170 0.07331674313031333
171 0.07330088793848621
172 0.07329175812682673
173 0.07327984742279547
174 0.0732594465552923
175 0.07324643160421143
176 0.07324691360733823
177 0.07326649074155758
178 0.07329994319839588
179 0.07333769686747681
180 0.07337321444397882
181 0.07340752461139552
182 0.07343495034415215
183 0.07345496405207773
184 0.07346875640937661
185 0.0734736577525253
186 0.07347158944721777
187 0.07346836936412972
188 0.07345841407729933
189 0.07344278454086314
190 0.07342521613865162
191 0.07340374603118202
192 0.07338029487855113
193 0.07336601822816569
194 0.07335918788457525
195 0.07336012878753242
196 0.07336248971306224
197 0.07336192729753138
198 0.07335879330727695
199 0.07335663475636063
200 0.0733518548059557
201 0.07334555623492084
202 0.07334087784323262
203 0.07333925412004567
204 0.07334024431770526
205 0.07334596961872332
206 0.07335407551883691
207 0.07336389368993979
208 0.07337420394750435
209 0.07338015776268
210 0.07338372706325867
211 0.07339256439022773
212 0.07340420510707685
213 0.07341861707324882
214 0.07343765048163665
215 0.07345654741595051
216 0.07346779939375297
217 0.07347178329023105
218 0.07346632386519852
219 0.07345634285765872
220 0.07344593669669078
221 0.07343191949284227
222 0.07341480436578318
223 0.07339224722818477
224 0.07336468384210254
225 0.07333213140501801
226 0.07329977273920979
227 0.07327134862455963
228 0.07325231615436838
229 0.07324780426147223
230 0.07326045402958482
231 0.07328944019205332
232 0.07332551768187476
233 0.07336011612118319
234 0.07339160626652717
235 0.07342526203975146
236 0.0734540162116107
237 0.07347447064132952
238 0.07348543480218245
239 0.07348440782762061
240 0.07347099410110167
241 0.07345244680301499
242 0.07343068380674006
243 0.0734118236526681
244 0.07339642804713721
245 0.07338461939459874
246 0.07336824918380058
247 0.07335142700577869
248 0.07332809826966916
249 0.07330982398609505
250 0.07330798813116964
251 0.07332043709136679
252 0.07333709591151877
253 0.07335419665807567
254 0.07337008409646215
255 0.07338393170086403
256 0.07339511897486536
257 0.07339868063933955
258 0.07339660720367648
259 0.07339795520731786
260 0.07339910857211621
261 0.07339952097183294
262 0.07340017420589996
263 0.07339877198858084
264 0.07339302737335134
265 0.07338411402139333
266 0.07336915536924804
267 0.07334835277199163
268 0.07333512247205078
269 0.07333736839110992
270 0.07335142275577411
271 0.07337547756211013
272 0.07339886491289148
273 0.07342228849203272
274 0.0734456672493751
275 0.07346212505248202
276 0.07346352048848294
277 0.07345250029797702
278 0.07342808620575939
279 0.07339853537608371
280 0.07337338904388874
281 0.07335331792186882
282 0.07333822237618201
283 0.07332948980101751
284 0.07332346271403824
285 0.07331815371541693
286 0.07331777389960181
287 0.07332367855969256
288 0.07333658837335151
289 0.07335657859140739
290 0.07337617332714248
291 0.07339367586380553
292 0.07340788227104338
293 0.07341775077226206
294 0.07342443895345654
295 0.07343070694255843
296 0.07343270030701371
297 0.07343213728451403
298 0.07343148977437108
299 0.07342980903759852
300 0.07342361554598134
301 0.07341650802065387
302 0.07340545009500182
303 0.0733918671656429
304 0.07337427524542613
305 0.07335623415124175
306 0.07334409869271737
307 0.07334541570671385
308 0.07335248298244348
309 0.07336216203003311
310 0.07337494446930377
311 0.07338708421729738
312 0.07339256940418466
313 0.07339302989524686
314 0.07338767990302053
315 0.07338321351355556
316 0.07338271285632209
317 0.07338327287620081
318 0.07338115942996325
319 0.07337852968027758
320 0.0733689847791925
321 0.07335874879747005
322 0.07335659730473477
323 0.07336649486380259
324 0.07338505025754324
325 0.07340938972231204
326 0.07343115543455833
327 0.07344654531253567
328 0.07345349019619002
329 0.07345073293433624
330 0.07343979506054005
331 0.07342832377998698
332 0.07341229125095669
333 0.07339214045190477
334 0.07337318836415915
335 0.073356813600302
336 0.07334094204096692
337 0.07332942506663322
338 0.07331926941230692
339 0.07331201097318608
340 0.07330769586192118
341 0.07330483553659894
342 0.07330792514639506
343 0.07332397918326053
344 0.07334501127767254
345 0.07336836021501664
346 0.07339474455223412
347 0.07342276830091063
348 0.07344744138494409
349 0.07346571258806882
350 0.07347319630644476
351 0.07347233086671745
352 0.07346588273111315
353 0.07345327412107298
354 0.07343605070644371
355 0.0734204082405451
356 0.07339962946959518
357 0.0733731660280216
358 0.07334392124107608
359 0.0733142925802574
360 0.07328980725737014
361 0.07328254012604875
362 0.07329368585975958
363 0.07332032407001568
364 0.07334915618863722
365 0.07337264794957926
366 0.07338948406155935
367 0.07340417819774422
368 0.07341178843357643
369 0.07341328572743329
370 0.07341435681100217
371 0.07341826561983444
372 0.07342130897644129
373 0.07342487496295848
374 0.0734236984164062
375 0.07341898491828551
376 0.07340922673856241
377 0.07339204193451281
378 0.07337170698897304
379 0.07336297506267886
380 0.07336450790969663
381 0.07337746322620381
382 0.07339658422469063
383 0.07341569119333317
384 0.0734296021226694
385 0.07343830264304121
386 0.07343706757491908
387 0.07342766452698464
388 0.07341224450665769
389 0.07339278672850277
390 0.07337107827606795
391 0.07335744599234927
392 0.0733473962587417
393 0.07333889879418129
394 0.07333128739240785
395 0.07332483912120463
396 0.07331714998118347
397 0.0733130514392657
398 0.0733149356287075
399 0.07332903625195082
400 0.07335145472149886
401 0.0733724282578765
402 0.0733874727146297
403 0.07340273187553506
404 0.07341526939409058
405 0.07342412054339889
406 0.07343032497672325
407 0.07343174893431567
408 0.07342553802129859
409 0.07341630835432592
410 0.07340504060014517
411 0.07339698618490287
412 0.07339275179829678
413 0.07338759113487267
414 0.07337879517530412
415 0.0733673259239475
416 0.07335406641910276
417 0.07334546939338107
418 0.07335033279367539
419 0.07336274914764572
420 0.07337457503372639
421 0.07338622115875351
422 0.0733958798786951
423 0.07340170795136035
424 0.07340308938118532
425 0.07339705271042142
426 0.07338791900475855
427 0.07338468829070838
428 0.07338344440152181
429 0.07338179276241442
430 0.0733799075346676
431 0.07337377789934472
432 0.07336172478610671
433 0.07334968921848656
434 0.07334120697134754
435 0.07334439517891146
436 0.0733611271639719
437 0.07338649305610141
438 0.07341231638149422
439 0.07343663563169169
440 0.07345239945835305
441 0.07345765183495206
442 0.07345592863833855
443 0.07344807392647051
444 0.07343419253876134
445 0.07341988845348917
446 0.07340367668044227
447 0.07338930061048425
448 0.07337724412261167
449 0.07336388691609529
450 0.0733500628845007
451 0.07333925011046859
452 0.0733246166821868
453 0.07330893953094214
454 0.07330213620158067
455 0.07330752424962242
456 0.07332066841539278
457 0.07334095882029096
458 0.07336442747908828
459 0.07339236473627175
460 0.07342163763878437
461 0.07344433196379453
462 0.07345793698414475
463 0.07346589569973327
464 0.07346602145933129
465 0.07345842863704338
466 0.07344883226250899
467 0.07343808626324276
468 0.07342369195240546
469 0.07340597117769387
470 0.07338450583836729
471 0.07336342256063441
472 0.07335484237508723
473 0.07335203116662266
474 0.07335323059752301
475 0.07335602337764126
476 0.07335461616019499
477 0.07335186743327954
478 0.07335266496114221
479 0.07335647842102805
480 0.07335969174145689
481 0.07336421299730397
482 0.07336697705348678
483 0.07337249450235155
484 0.07337924785521151
485 0.07338455052677642
486 0.07338710078530598
487 0.07339142491781531
488 0.0733910316971433
489 0.0733842945111761
490 0.07337950250309883
491 0.07338411948424919
492 0.07339790580942825
493 0.07341859440588556
494 0.0734369360164483
495 0.0734506364409941
496 0.07345804678630347
497 0.07345296626639052
498 0.07343500001470106
499 0.07341371956124366
500 0.07339084623019294
501 0.0733715185572705
502 0.0733570033122101
503 0.07334809821494628
504 0.07334051626875983
505 0.07332895879226647
506 0.07331276292664178
507 0.07329820663118304
508 0.07328760142128923
509 0.07328628798537702
510 0.07329986140607297
511 0.07333055471693121
512 0.07336211824450203
513 0.07338590508390419
514 0.07340641662405571
515 0.07342599882984931
516 0.0734416395738358
517 0.0734531391925836
518 0.07345709802716167
519 0.07345378660887571
520 0.07344593787227013
521 0.0734330618260999
522 0.0734180730993505
523 0.07340874590604174
524 0.07340002397512144
525 0.07338708112859917
526 0.0733707548900895
527 0.07334925602222044
528 0.07332876478069289
529 0.07332117371178122
530 0.07332214794900574
531 0.07333191328740346
532 0.07334743574434631
533 0.0733639419008518
534 0.07337853713295271
535 0.07339258574326263
536 0.07339974070651983
537 0.07340090968204976
538 0.07340020405036157
539 0.07340069766054631
540 0.07339776850436637
541 0.0733936548642414
542 0.07338434346805733
543 0.07337310200680573
544 0.07336697205068099
545 0.07336163764231642
546 0.07336278063325463
547 0.07337347882192158
548 0.07338605727192526
549 0.07339593150554696
550 0.07340361642451261
551 0.07340806144196386
552 0.07340883251352684
553 0.07341032749570868
554 0.07341017972115478
555 0.0734094274116575
556 0.07340731622175321
557 0.07340176065697489
558 0.07339379988867661
559 0.07338853846291558
560 0.07337958727798202
561 0.07336532177225059
562 0.07334886117087647
563 0.07333233184310781
564 0.07331835717570455
565 0.07331500270379873
566 0.07332248726796084
567 0.07334035264606061
568 0.07336348819773744
569 0.07338244712130315
570 0.07339532895278794
571 0.07340659055298965
572 0.07340998117550447
573 0.07340763186987317
574 0.07340680147244381
575 0.07340936165930881
576 0.07341191261134665
577 0.07341460433632242
578 0.07341241920284736
579 0.07340799889053524
580 0.07340040236248795
581 0.0733885829657511
582 0.07337636686960572
583 0.07337257180356888
584 0.073373079222287
585 0.07337408203085567
586 0.0733755068340109
587 0.07337595235537756
588 0.07337634082617644
589 0.07338038057354807
590 0.07338482777822294
591 0.07338798528592354
592 0.07338650056763292
593 0.0733762865445291
594 0.07336090532637037
595 0.07334998583785003
596 0.07334197338054885
597 0.07333839257977727
598 0.07334071597635207
599 0.073344022319502
600 0.07334243734491779
601 0.07334128315373764
602 0.07334723386138445
603 0.07336645540798602
604 0.07339540597471075
605 0.07342312874414253
606 0.07344527155861225
607 0.07346420041505997
608 0.07347276579203944
609 0.07346786069619894
610 0.07345503804549573
611 0.07343880119471038
612 0.0734213764293891
613 0.07340755669603222
614 0.07339234640040104
615 0.0733732011521683
616 0.073351082444558
617 0.07332355985525907
618 0.07329473277463144
619 0.07327522317388506
620 0.07326642799442974
621 0.07327272306799759
622 0.07329369976306162
623 0.07332101753288305
624 0.07334610462546283
625 0.07336969227707697
626 0.07339264385774344
627 0.07341683260599118
628 0.07343817027461387
629 0.07345212152072601
630 0.07345857338980896
631 0.07346262648194378
632 0.07346153756043779
633 0.07345625595947504
634 0.07345075851442995
635 0.07344416488571749
636 0.07342996410584077
637 0.07340705022708063
638 0.07337446096239797
639 0.07334501119570182
640 0.07332767239297994
641 0.07331758637884932
642 0.07331369062230995
643 0.07331996113704142
644 0.0733282141653696
645 0.07333677111531381
646 0.07334507320893585
647 0.0733521664886693
648 0.07335632717608247
649 0.07336089115178793
650 0.07336484357829721
651 0.07337108958321759
652 0.07337819842512294
653 0.07338292267363376
654 0.0733865032791392
655 0.07339361122241155
656 0.07339862314833638
657 0.07340187451614559
658 0.07340681206936127
659 0.07341262779421386
660 0.07341516523081155
661 0.07341558244036796
662 0.0734130298334144
663 0.07341098199305778
664 0.07340975251484473
665 0.07340426918440718
666 0.07339456310595492
667 0.07338625982774998
668 0.07337603292334742
669 0.07336539382865022
670 0.07335734596179934
671 0.07335231160753275
672 0.07334581699493424
673 0.07333727787931818
674 0.07332508491297915
675 0.07331618995926309
676 0.07331756699338671
677 0.0733286195309068
678 0.07334677152611567
679 0.07337059619197318
680 0.07338834649147156
681 0.07339725384762316
682 0.07340164342572286
683 0.07340289816146006
684 0.07340235148451972
685 0.07340442195485457
686 0.07340767180279516
687 0.07341344410749999
688 0.07341876582419971
689 0.07341632150828883
690 0.07340709702111321
691 0.07339743826623846
692 0.07338269563983155
693 0.07336674268620212
694 0.07335788221773996
695 0.07335956046178981
696 0.07336556248761436
697 0.07337261139724945
698 0.07337609421737226
699 0.0733798111063985
700 0.073387139626412
701 0.07339339459526738
702 0.07339406034276552
703 0.07339188996775449
704 0.07338101137957299
705 0.07336589582285978
706 0.07335450793715316
707 0.07335028636940956
708 0.07335104122562523
709 0.07335690830026896
710 0.07336063491521046
711 0.07336017110232544
712 0.07335799635849885
713 0.07335582002236514
714 0.07336023825164008
715 0.07337487710139827
716 0.07339092007375483
717 0.07340576698948709
718 0.07342214427539445
719 0.07343786472470877
720 0.07344861239308738
721 0.07345343487703269
722 0.07345082695039605
723 0.07344393829069311
724 0.0734347282102957
725 0.07341909897114127
726 0.07339767656429372
727 0.073376723852711
728 0.07335283163564721
729 0.07332492050357689
730 0.07330337951629746
731 0.07329500434433484
732 0.07329820985435613
733 0.07331423214795617
734 0.07333029292077985
735 0.07334432124038175
736 0.07335697561002266
737 0.07336762518585964
738 0.07337766188470521
739 0.07339132337645156
740 0.07340329420166719
741 0.07341273323450102
742 0.07342323866474357
743 0.07343454248648514
744 0.07344176877797674
745 0.07344385213199482
746 0.07343658935786387
747 0.07342297165819835
748 0.07340546999310087
749 0.07338468580997928
750 0.0733686286056467
751 0.07336598481141371
752 0.07336933860216037
753 0.07337290953571705
754 0.07337609221101234
755 0.07337664843334801
756 0.07337244223615789
757 0.07336460316662921
758 0.07335199535527447
759 0.07334009818533588
760 0.07333236116325484
761 0.0733276787060753
762 0.07332643488621901
763 0.07333169054585421
764 0.07333713188713972
765 0.07334140769861762
766 0.0733463973845055
767 0.07335104262874508
768 0.07335696195306876
769 0.07336927628930755
770 0.07338446618078044
771 0.073400159839454
772 0.07341390018965224
773 0.07342332969594759
774 0.07343202066745583
775 0.07344313320311077
776 0.07344838149286559
777 0.07344483269787599
778 0.07343309512326475
779 0.07341573457070076
780 0.07339517849429859
781 0.07337699309311707
782 0.0733603028790807
783 0.0733471743945386
784 0.07333039442579238
785 0.07331158350499299
786 0.07329251641502184
787 0.07328649936925238
788 0.07329144180240738
789 0.07330292308216703
790 0.07332046742493768
791 0.07334137330823449
792 0.073362429150807
793 0.07338233840795187
794 0.07339712597637696
795 0.07340931859002521
796 0.0734223072770233
797 0.07343325230622043
798 0.07344279853889694
799 0.07345251647600201
800 0.07345426201958351
801 0.07344478965049117
802 0.07342886967083626
803 0.07340930176217403
804 0.07338914348401149
805 0.07337547138607588
806 0.07336731988659621
807 0.07336175829324741
808 0.07335959615096192
809 0.07335407384428974
810 0.0733460736770066
811 0.07334343423911488
812 0.07334395290652949
813 0.07334556250300403
814 0.07335075100263437
815 0.07335816203388529
816 0.07336508940031986
817 0.07337298067316839
818 0.07337828886258108
819 0.07338370768460684
820 0.07339025246591298
821 0.07339241461709271
822 0.07338937575462111
823 0.07338748370907192
824 0.07338691024002382
825 0.07339035277531994
826 0.07339461186360637
827 0.07339974646103951
828 0.07340394494767453
829 0.07340885958148109
830 0.07341230737458647
831 0.07341456605967597
832 0.07341522856773544
833 0.07340945883998659
834 0.07339849379540379
835 0.07338913809742061
836 0.07337944854979728
837 0.07336831948882777
838 0.07336019910946606
839 0.07335359996400549
840 0.07334598477416228
841 0.07334073125980987
842 0.07334060230272332
843 0.07334869644818506
844 0.0733617601910224
845 0.07336978192813702
846 0.07337106406908518
847 0.07337397827187113
848 0.07337747041528722
849 0.07338023189955815
850 0.07338384542585701
851 0.07338862465883947
852 0.07339151691237944
853 0.07339577282686606
854 0.07339817316901019
855 0.07340044391112568
856 0.07340126602687071
857 0.07339729180868351
858 0.07338828047691988
859 0.0733792348723744
860 0.07336960565656943
861 0.07336592274125274
862 0.07337372458040527
863 0.07338809299831217
864 0.07339866005673047
865 0.07340328006994259
866 0.07340012524531882
867 0.07339237677598805
868 0.07338159866113331
869 0.07336580501305789
870 0.07335036662971481
871 0.07334304614232715
872 0.07334020723272373
873 0.07334035716170711
874 0.07334087475630048
875 0.07333953127985227
876 0.07333379128681831
877 0.07332747404366451
878 0.07332208027581517
879 0.07332358632920309
880 0.07333598424480453
881 0.07335338892016879
882 0.07336966024045978
883 0.07338617766305616
884 0.07340066148744719
885 0.07341485186182735
886 0.073432015371975
887 0.07344741640263691
888 0.07345516652700719
889 0.07345392806593566
890 0.0734414911483257
891 0.07342383077503233
892 0.07340615912948198
893 0.07338654829017209
894 0.07336912708901744
895 0.07335490782835569
896 0.07334030228079934
897 0.07332326879622486
898 0.07331034183539202
899 0.07330189738924076
900 0.07329764104294673
901 0.073301417952553
902 0.07331029507602654
903 0.07332501420345981
904 0.07334343483494049
905 0.07335915371330368
906 0.07337088354019282
907 0.07338643528692917
908 0.07340229231105305
909 0.07341687776292602
910 0.07343058733342132
911 0.07343934854247386
912 0.07343924195138421
913 0.07343332058125279
914 0.07342237102451762
915 0.07341387525902208
916 0.07341151356096878
917 0.0734109587221292
918 0.07340931963537781
919 0.0734045988402946
920 0.07339128232367889
921 0.07337006087875572
922 0.07334971154327546
923 0.07333451069215191
924 0.0733264436691542
925 0.07332647205768564
926 0.07332876056564397
927 0.07333431560068891
928 0.07334140988349455
929 0.07334582719405344
930 0.07334751249494055
931 0.0733499551595681
932 0.07335023589071114
933 0.07335040441166915
934 0.07335744269866454
935 0.07337195382040237
936 0.07338863881708871
937 0.07340635942822768
938 0.07342039840734597
939 0.0734321301435078
940 0.07344115989716994
941 0.07344180257508831
942 0.07343253321951505
943 0.07342078417885502
944 0.07340660302878466
945 0.07339182418149075
946 0.07338147010739768
947 0.07337392886990364
948 0.07336435200268941
949 0.07335466422460248
950 0.07334141896802808
951 0.07332775997672046
952 0.07331753656334579
953 0.07331398736736909
954 0.07331682831147467
955 0.07332717880156116
956 0.07333395004558628
957 0.07333705740164122
958 0.07334513061898723
959 0.07335947397637768
960 0.07337600333211908
961 0.07339220799283519
962 0.07340350966045785
963 0.07340824885989322
964 0.07340956678956487
965 0.07340655412669989
966 0.07340171242068383
967 0.07340169078465827
968 0.07339952011487413
969 0.07339269639739671
970 0.07338221000033611
971 0.07337083693625046
972 0.07336252342191207
973 0.07336335641098474
974 0.07336764067404508
975 0.07337234628704588
976 0.07337524537447022
977 0.07337506651178741
978 0.07337198155109685
979 0.073368968718905
980 0.07336449792220472
981 0.07336138647098914
982 0.07336392864564399
983 0.07337037265975795
984 0.07337538263848738
985 0.07337591547415948
986 0.07336852050392582
987 0.07335618571653664
988 0.07334437364485277
989 0.07333603885791697
990 0.07333679435226442
991 0.07335012073893424
992 0.0733665133305329
993 0.07337657197378224
994 0.07338172510524411
995 0.07338480568700757
996 0.07338733420185058
997 0.07339349704001698
998 0.07339922940046055
999 0.07340679292213907
1000 0.07341426641741695
1001 0.07341672980493252
1002 0.07341356126753762
1003 0.0734119578281849
1004 0.07340797232510331
1005 0.07340150880268394
1006 0.07339320918751471
1007 0.07338427398257602
1008 0.07337243325318075
1009 0.07336213612551511
1010 0.07335300717147038
1011 0.07334815893143282
1012 0.07334679581629362
1013 0.07334585692471457
1014 0.07334477743236359
1015 0.07334771660204667
1016 0.07334890324029868
1017 0.07334782621455636
1018 0.07334952134127523
1019 0.07335445908190528
1020 0.07336195628403287
1021 0.07337347703993709
1022 0.07338285215416218
1023 0.07339107482792795
1024 0.0733975965584307
1025 0.07340199200072278
1026 0.07340624391207907
1027 0.07341663587054571
1028 0.0734246796085137
1029 0.07342641692426599
1030 0.07342043940217219
1031 0.07340924194314979
1032 0.07339456885017238
1033 0.07338263908788584
1034 0.07337188155871711
1035 0.07336356180334733
1036 0.07335780648425584
1037 0.07335192796172584
1038 0.0733448720214336
1039 0.07333990391765159
1040 0.07333356959826301
1041 0.07332521296465963
1042 0.07331823948679841
1043 0.07331338293440308
1044 0.0733123232391542
1045 0.07332174893079071
1046 0.07333813569047506
1047 0.07336122613694197
1048 0.07338673561006517
1049 0.07340705874612967
1050 0.07341975247895709
1051 0.07342841745905747
1052 0.07342866362041219
1053 0.07342290216480207
1054 0.07341817906792336
1055 0.0734168517473167
1056 0.07341802082380518
1057 0.07342107285002246
1058 0.07341954935730929
1059 0.07341170560511701
1060 0.07339611656811101
1061 0.0733705801126457
1062 0.07334046012094994
1063 0.07332015589449102
1064 0.07331036247568476
1065 0.07330901538011303
1066 0.07331255834512723
1067 0.07331480684901456
1068 0.07331518352963316
1069 0.07332086064989803
1070 0.07333153808022283
1071 0.07334659657896234
1072 0.07336359193249152
1073 0.07337732847777319
1074 0.07338619510220301
1075 0.0733945468150661
1076 0.07340011706469513
1077 0.07340390213057561
1078 0.07340900489849603
1079 0.07341363906254682
1080 0.07341310338727426
1081 0.07341160346387292
1082 0.07340754421724002
1083 0.07340429403259748
1084 0.07340258682172279
1085 0.07339593819146621
1086 0.07338510243580297
1087 0.07337813936875749
1088 0.07337123459676741
1089 0.07336318788319017
1090 0.0733557472884374
1091 0.07334983159805181
1092 0.07334577321311717
1093 0.07334740495413423
1094 0.07334954994060222
1095 0.07335267121217105
1096 0.07335539621575811
1097 0.07335270406186056
1098 0.07334499031226566
1099 0.07334086302897815
1100 0.07334082258714632
1101 0.07334971721841482
1102 0.07336950220684518
1103 0.07339194552780626
1104 0.07340764875218217
1105 0.0734164183848163
1106 0.07341611241720405
1107 0.07341174346354301
1108 0.07340644162248341
1109 0.07340051465269151
1110 0.07339669192191105
1111 0.07340029213184601
1112 0.07340449758980298
1113 0.07340537376924892
1114 0.07340332600865097
1115 0.07339631019246372
1116 0.07338171700892206
1117 0.07336491468103791
1118 0.07334727992242898
1119 0.07333689164153673
1120 0.07333661378782158
1121 0.07334121431423009
1122 0.07334573596470322
1123 0.07335096758145918
1124 0.07335376194357221
1125 0.07335465859963837
1126 0.07335650101348022
1127 0.07335848867067449
1128 0.07335834212885664
1129 0.07336173284244002
1130 0.07336695796082324
1131 0.07337453413173534
1132 0.07338400394761045
1133 0.07339031340585356
1134 0.0733926411274412
1135 0.07339440126138565
1136 0.07339262562666608
1137 0.07339021370729372
1138 0.07339063032689576
1139 0.07339296326462309
1140 0.07339300412823858
1141 0.07339151023615034
1142 0.07338622730625551
1143 0.07338211763909612
1144 0.07338088223163725
1145 0.07337904229444836
1146 0.07337661865148688
1147 0.07337801101133533
1148 0.07337667532056753
1149 0.073370583235118
1150 0.07336268057227112
1151 0.07335482161676733
1152 0.07334647236208841
1153 0.07334066179693172
1154 0.07333553675947334
1155 0.07333430668916124
1156 0.07333726468121655
1157 0.07334169677865272
1158 0.07334474178331754
1159 0.07335057522885736
1160 0.07335386494106876
1161 0.07335683037846685
1162 0.0733632147536831
1163 0.07337133945632086
1164 0.07337825009302411
1165 0.07338673068487957
1166 0.07339700185040431
1167 0.07341067660792708
1168 0.07342651183499392
1169 0.07343700881991998
1170 0.07343721859074875
1171 0.07342805790087825
1172 0.07340880451723526
1173 0.07338675927888316
1174 0.07337271358336712
1175 0.07336820042848362
1176 0.07336824662009936
1177 0.07336938130651145
1178 0.0733634764657536
1179 0.07335207599233083
1180 0.0733375238641252
1181 0.07332014301119993
1182 0.07330497371513266
1183 0.07330098262044964
1184 0.0733058836794834
1185 0.07331839354489671
1186 0.07333647300041003
1187 0.0733554764074055
1188 0.07337031372168742
1189 0.07338253032241225
1190 0.07339115942796556
1191 0.07339885749097488
1192 0.07341121909648725
1193 0.07342564902761436
1194 0.07343789223620092
1195 0.07344535666545259
1196 0.07344272831295397
1197 0.07343330998621497
1198 0.07342511261920409
1199 0.07341825718401417
1200 0.07340712632927156
1201 0.07339309364412114
1202 0.07337421443071919
1203 0.07335431422187914
1204 0.07333746335820891
1205 0.07332218084798856
1206 0.07331115354073174
1207 0.07330825055273892
1208 0.07330640355994464
1209 0.07330290822997583
1210 0.07330172163934166
1211 0.07330882882039469
1212 0.0733270422493455
1213 0.07335500706936172
1214 0.07338168849002168
1215 0.07340086390373787
1216 0.07341465262609534
1217 0.0734216189316676
1218 0.07342369941362992
1219 0.07342625206404699
1220 0.07342681291473252
1221 0.0734273489724431
1222 0.07343234907617698
1223 0.07343625823934546
1224 0.07343315097490098
1225 0.07342257313204874
1226 0.07340228453459587
1227 0.07337706463714315
1228 0.0733513010402029
1229 0.0733285145671958
1230 0.07331368750220525
1231 0.07331253196043923
1232 0.07331730192417166
1233 0.07332287794943809
1234 0.0733290167575894
1235 0.07333632895869335
1236 0.07334083329301007
1237 0.07334315259699212
1238 0.07334304635023645
1239 0.07334398599961194
1240 0.07334982202326289
1241 0.07335917253912719
1242 0.07337219994044132
1243 0.07338975635749381
1244 0.07340301915319562
1245 0.07340755062554283
1246 0.07340623023455103
1247 0.07340066216788596
1248 0.07339388596948707
1249 0.07339080244468972
1250 0.07338904053052953
1251 0.07338721844041295
1252 0.0733833776042805
1253 0.07337491762016746
1254 0.07336466271545318
1255 0.07336024257250251
1256 0.07335670454099343
1257 0.07335594954749372
1258 0.07336067960181106
1259 0.07336614289184031
1260 0.0733667925472925
1261 0.07336371513395261
1262 0.07335605864232231
1263 0.07334883008164822
1264 0.07334714611600809
1265 0.07334881704940874
1266 0.0733542666514314
1267 0.07336420630149311
1268 0.07336840444494901
1269 0.07336529319017625
1270 0.07336205333156778
1271 0.07336011691522208
1272 0.07335999906311751
1273 0.07336300099373455
1274 0.07336547307909053
1275 0.07336876049575347
1276 0.07337314711217142
1277 0.07337769222419482
1278 0.07338405563942435
1279 0.07339586659215329
1280 0.07340612463159056
1281 0.07341029976886622
1282 0.07340869519793594
1283 0.07340166871182469
1284 0.07339226640115742
1285 0.07338740322074977
1286 0.07338607611803251
1287 0.07338675647888021
1288 0.07338780519882013
1289 0.07338286296761944
1290 0.07337031406311997
1291 0.07335562883185544
1292 0.07333703745804367
1293 0.07331927226690588
1294 0.07331319753233877
1295 0.07331949606835253
1296 0.07333355143978261
1297 0.07335099756142388
1298 0.07336447440483027
1299 0.07337346712268603
1300 0.07337726573150921
1301 0.07337363481169401
1302 0.07336824458734188
1303 0.073374179304097
1304 0.07338773408561303
1305 0.073403209549306
1306 0.07341629609256928
1307 0.07342382346654225
1308 0.07342622048079701
1309 0.07342773250643968
1310 0.07342508158173636
1311 0.07341749170158431
1312 0.07340501099148758
1313 0.07338546632246624
1314 0.07336522970918402
1315 0.0733536053096195
1316 0.07334632635941027
1317 0.07334271879683639
1318 0.07334228470583205
1319 0.07334100271576681
1320 0.07333322984595388
1321 0.07332651870746132
1322 0.07332383466411782
1323 0.07333030896928469
1324 0.07334153414028581
1325 0.07334949559602591
1326 0.07335323554785621
1327 0.07336118385214449
1328 0.07337012207104279
1329 0.0733801533031206
1330 0.07339288933568959
1331 0.07340747536805911
1332 0.07341992890001714
1333 0.0734290309680012
1334 0.07343122750767693
1335 0.07342819365971663
1336 0.07342159077270938
1337 0.07341083327373568
1338 0.07339646373455168
1339 0.0733870428766998
1340 0.07337989082274055
1341 0.07337142673308095
1342 0.07336633333230813
1343 0.07335870114041357
1344 0.07334726787944379
1345 0.07333470285446118
1346 0.07332259465504169
1347 0.07331296400612612
1348 0.07330615171728656
1349 0.07330000518071908
1350 0.07329793380254349
1351 0.07330839853087129
1352 0.07332559781175017
1353 0.07334668204216917
1354 0.07336943783186316
1355 0.07338813881549049
1356 0.07339717058192403
1357 0.0734005368616943
1358 0.07340099519722261
1359 0.0734054049423334
1360 0.07341488555687523
1361 0.07342419260925688
1362 0.0734307567639903
1363 0.07343543591624946
1364 0.07343120077929355
1365 0.07341666345227049
1366 0.07339675873974076
1367 0.0733768305417393
1368 0.07335874602779426
1369 0.07334845606120984
1370 0.07334265430266283
1371 0.07333978842835319
1372 0.07333788440141789
1373 0.07333146226740414
1374 0.07332257743613729
1375 0.07332023317639935
1376 0.07332412839687295
1377 0.07333413374265141
1378 0.07334870204669849
1379 0.07336217053212729
1380 0.0733692042990768
1381 0.07337288422344448
1382 0.07337408288096327
1383 0.07337855846803695
1384 0.07338567647710072
1385 0.0733915012310092
1386 0.07339645520797203
1387 0.07340380220844829
1388 0.07340821104516461
1389 0.07340851303064228
1390 0.07340710086436365
1391 0.07340574087893741
1392 0.07340101540913353
1393 0.07339412893228596
1394 0.07338386863386563
1395 0.07337532134216557
1396 0.07337240649949983
1397 0.07336903096308126
1398 0.07336200508668045
1399 0.07335898609057376
1400 0.07335488530632861
1401 0.073349862173004
1402 0.07334656719096837
1403 0.0733449791848905
1404 0.07334445902445716
1405 0.07334864274775856
1406 0.07335629393786583
1407 0.07336849479427249
1408 0.07338120520055447
1409 0.07338792697958131
1410 0.07338412351022401
1411 0.0733762768218425
1412 0.07336881914075731
1413 0.07336701605761858
1414 0.07337507843104006
1415 0.07338468582540109
1416 0.07339045657138644
1417 0.07339411729684459
1418 0.07339530961741671
1419 0.07339671371323805
1420 0.07339690434736638
1421 0.0733900218787549
1422 0.0733782585176108
1423 0.07337038844251124
1424 0.0733648435884009
1425 0.0733635554402175
1426 0.07336833540309463
1427 0.07337657181459255
1428 0.07338275479846855
1429 0.0733849594780997
1430 0.07337889150809514
1431 0.07336942372787987
1432 0.07336184702243471
1433 0.07335737054826491
1434 0.07335536308697996
1435 0.07335653857230298
1436 0.07335466076457682
1437 0.07334970246030244
1438 0.07334676241807261
1439 0.07334601594406842
1440 0.07334448506441708
1441 0.07334841733796235
1442 0.07335582340438665
1443 0.07336747970562854
1444 0.07338075221153412
1445 0.07338947131408155
1446 0.07339496722404906
1447 0.07340214071006677
1448 0.07340571113661019
1449 0.07340656619421727
1450 0.07341069585745884
1451 0.07341881427429549
1452 0.07342344113157345
1453 0.07342022551708693
1454 0.07340430286243822
1455 0.07338308968117871
1456 0.07336286686689864
1457 0.07334538956794162
1458 0.07333023200759951
1459 0.0733224775023211
1460 0.07331588977297729
1461 0.07331133358929984
1462 0.07331218516081459
1463 0.07331820473505229
1464 0.07332545656629932
1465 0.07333549424064628
1466 0.07334382388799207
1467 0.07335145409513011
1468 0.07335905743759595
1469 0.07336728038316451
1470 0.0733790467382156
1471 0.07339860733372205
1472 0.07341623492034804
1473 0.0734287493301907
1474 0.07343660340022662
1475 0.07343828324305959
1476 0.07343024921404871
1477 0.07341626393781576
1478 0.07339830649633956
1479 0.07338468699626625
1480 0.07337697319016416
1481 0.07337370047914407
1482 0.07337087693051633
1483 0.07336722717705199
1484 0.07335768394824961
1485 0.0733425347532239
1486 0.07332868536131251
1487 0.07331980312262741
1488 0.07331632940424614
1489 0.07332026794893046
1490 0.07332528191484147
1491 0.07333105639201604
1492 0.07333761935380631
1493 0.07334371207802096
1494 0.07335213909479117
1495 0.07336632281467942
1496 0.07337995889727592
1497 0.07339171045697855
1498 0.07340349678222878
1499 0.07341285905893834
1500 0.073417842188352
1501 0.0734206928517913
1502 0.07342020888511801
1503 0.07341935973231065
1504 0.07341996488990511
1505 0.07341803638930484
1506 0.07341356735387934
1507 0.07340691924169769
1508 0.07339242948031248
1509 0.07337069973551827
1510 0.07334952197072372
1511 0.07333268864012357
1512 0.07331995770692357
1513 0.07331301777326116
1514 0.0733078358334891
1515 0.07330915087635569
1516 0.0733173984908095
1517 0.07332872915147844
1518 0.0733399107464154
1519 0.07335315019397028
1520 0.07336162454014832
1521 0.07336448553387948
1522 0.07336828116523919
1523 0.07337776558034
1524 0.07339298166154605
1525 0.07341238291410097
1526 0.07342688284337312
1527 0.07343416479474563
1528 0.07343386939057661
1529 0.073424036257073
1530 0.07340713231164984
1531 0.07339257141375033
1532 0.07337753367754658
1533 0.07336368422785403
1534 0.07335471045857167
1535 0.07335115655158445
1536 0.07334966839216872
1537 0.07335160705808512
1538 0.0733532991721321
1539 0.07335520741874151
1540 0.0733530627737677
1541 0.0733445128839245
1542 0.07333632063689338
1543 0.07333783957678776
1544 0.07334320592840698
1545 0.07334842275528418
1546 0.07335433992385834
1547 0.07336192082560197
1548 0.07336846734763326
1549 0.07337332107187694
1550 0.07337040111991038
1551 0.07336262619933882
1552 0.07335602362807898
1553 0.07335434391616799
1554 0.07335959892548415
1555 0.07337292255050303
1556 0.07338500868080872
1557 0.07339111000107466
1558 0.07339153040680835
1559 0.07338742818608561
1560 0.07338219792092369
1561 0.07338490466132823
1562 0.07339303549381999
1563 0.07340292048922568
1564 0.07340617666089935
1565 0.07339744174488678
1566 0.07338215843881836
1567 0.07337087845953741
1568 0.07336336297241219
1569 0.07335751692358493
1570 0.07335554455245175
1571 0.07335539992795358
1572 0.07335315914321468
1573 0.07334958079593976
1574 0.07334298989525014
1575 0.07333813619329541
1576 0.07333865646629399
1577 0.07334070097558229
1578 0.07334325487040269
1579 0.0733516805446499
1580 0.07336045802555889
1581 0.07336803003243875
1582 0.07337653721662044
1583 0.07338353910403962
1584 0.07338813324918991
1585 0.07339330561550407
1586 0.07339713384650559
1587 0.07340000429775895
1588 0.07340269479206733
1589 0.07340318036792123
1590 0.07340408513408063
1591 0.0734107875512634
1592 0.07341676248655141
1593 0.0734164942912542
1594 0.0734104711437656
1595 0.07339780172293107
1596 0.07338044586742576
1597 0.07336470519327289
1598 0.07335271179381088
1599 0.07334622398523546
1600 0.07334419009945324
1601 0.07333932681432516
1602 0.07333140979208566
1603 0.0733260624837251
1604 0.07332124731275458
1605 0.07331793793854101
1606 0.07331934529579882
1607 0.07332603528511701
1608 0.073336482665703
1609 0.07335265063372237
1610 0.07336904440950354
1611 0.07338678422687792
1612 0.07340514797116574
1613 0.07341944560538029
1614 0.07343042963417325
1615 0.07344152358437045
1616 0.07344715367534088
1617 0.07344447786729177
1618 0.07343521709546882
1619 0.07342149121088655
1620 0.07340341980700732
1621 0.07338481353591526
1622 0.07336324897757407
1623 0.07334302143989722
1624 0.07332477154783748
1625 0.07330861438926568
1626 0.07329794331109446
1627 0.07329832870933838
1628 0.07330418853569121
1629 0.07330975912738483
1630 0.07331627730841347
1631 0.07332076318007799
1632 0.07331822023171213
1633 0.07332242294940053
1634 0.07334079483052518
1635 0.07337226180772423
1636 0.07340660165552576
1637 0.07342707423811511
1638 0.0734321055186055
1639 0.07343104338045042
1640 0.07342271285294195
1641 0.07341135252902553
1642 0.07340233505951761
1643 0.0733980819805294
1644 0.07339634561538794
1645 0.07339731868672755
1646 0.07339540491331048
1647 0.07339060077027035
1648 0.07338355882860355
1649 0.07337250837678599
1650 0.07335777630186098
1651 0.07334541515566773
1652 0.07333454625812671
1653 0.07332827772679849
1654 0.07332835491978475
1655 0.07333088755365924
1656 0.0733330777352612
1657 0.07333701907505065
1658 0.07334366221275254
1659 0.07335222683907515
1660 0.07335876556135602
1661 0.07335762464962393
1662 0.07335175629562034
1663 0.07335159889419929
1664 0.07335837421515455
1665 0.0733717267044369
1666 0.07338990174023138
1667 0.07340780091223556
1668 0.07341757871269652
1669 0.07341915352718123
1670 0.07341067971992588
1671 0.07340157664952901
1672 0.07339827120016673
1673 0.0733990654779432
1674 0.07339845025519585
1675 0.07339646839957054
1676 0.07338731107439969
1677 0.07337286363145139
1678 0.07335645223861335
1679 0.07334267801355539
1680 0.073333286549937
1681 0.0733303660427775
1682 0.07333026494455841
1683 0.07333195360781307
1684 0.07333390128314356
1685 0.07333455563271299
1686 0.0733361521267638
1687 0.073344679976432
1688 0.07335503065400895
1689 0.07336658204421491
1690 0.07338222728263724
1691 0.07340013659625651
1692 0.07341380977816551
1693 0.07341955692493209
1694 0.07341484756710132
1695 0.07340620394165141
1696 0.07339881265750806
1697 0.0733906701255899
1698 0.07338270511154248
1699 0.07338095245773875
1700 0.07338346767525403
1701 0.07338857237228634
1702 0.07339608962165903
1703 0.07340060224464812
1704 0.07339778898526317
1705 0.07338889049856362
1706 0.07337463073353287
1707 0.07336312484390078
1708 0.07336157399597763
1709 0.07336588720259027
1710 0.07337047275278215
1711 0.07337494496369494
1712 0.07337278140439862
1713 0.07336422558611398
1714 0.07335416893753313
1715 0.07334586946405856
1716 0.07333772313900856
1717 0.07333360355488705
1718 0.07333198371862155
1719 0.07333690754784336
1720 0.0733482888350922
1721 0.07335978600241297
1722 0.07337046891580797
1723 0.07338493357537033
1724 0.07339693104424512
1725 0.07340419296421297
1726 0.07341154949842833
1727 0.07341795279981356
1728 0.07342012630158001
1729 0.07341941987225212
1730 0.07341456829366379
1731 0.07340940262371314
1732 0.07340450224507873
1733 0.07339555018263229
1734 0.07338082742258346
1735 0.07336672418556923
1736 0.07335226851885066
1737 0.07334035920780677
1738 0.07333662538089322
1739 0.07333771066267637
1740 0.07333781013702145
1741 0.07333470049779954
1742 0.07332458787356891
1743 0.07331587879685336
1744 0.07331566485780018
1745 0.0733244944835187
1746 0.07333942220870961
1747 0.07335761453401243
1748 0.07336980503065697
1749 0.07337360402915119
1750 0.07337472948178736
1751 0.07337421587270146
1752 0.07337342970714007
1753 0.0733775415994805
1754 0.07338611343137277
1755 0.07340035450000429
1756 0.07341748160744198
1757 0.07342899105437205
1758 0.07343017047243407
1759 0.07342633226139046
1760 0.07341171641324727
1761 0.07339022428021136
1762 0.0733716875393845
1763 0.07336425038875759
1764 0.07335881367594298
1765 0.0733525056153178
1766 0.07334039370360514
1767 0.07332822790270722
1768 0.07331826285485543
1769 0.07330837393933194
1770 0.07329982394909153
1771 0.07329718361873834
1772 0.07329699019025218
1773 0.07330150671900769
1774 0.07331544775233878
1775 0.07333878538380297
1776 0.07336550329062062
1777 0.07339388096058572
1778 0.07341750151294733
1779 0.07343443315214546
1780 0.0734431773924729
1781 0.07344419317479794
1782 0.07344509824782908
1783 0.07345054961135358
1784 0.07345281955750567
1785 0.07344674089754515
1786 0.07343539919334426
1787 0.07341914488396145
1788 0.07339655606546223
1789 0.07337167834319989
1790 0.07334407572419313
1791 0.0733205637674583
1792 0.07330516252844667
1793 0.07329623584058036
1794 0.07329350167421171
1795 0.07329881242708
1796 0.07330726093449327
1797 0.07331602003818181
1798 0.07332683967622611
1799 0.07333960051360047
1800 0.07335585702895078
1801 0.0733784993362864
1802 0.07340004417624783
1803 0.07341562617153843
1804 0.07342340307861608
1805 0.07342295321783854
1806 0.07341795366997438
1807 0.07341494169650413
1808 0.0734095861291704
1809 0.07340252023667439
1810 0.07339886458135424
1811 0.07339875097691441
1812 0.0733982302173553
1813 0.07339729347225256
1814 0.0733895809504328
1815 0.07337775873281789
1816 0.07336412647912154
1817 0.07334935520590341
1818 0.07333841668459447
1819 0.07334005461031924
1820 0.07334911514753314
1821 0.07336036306195183
1822 0.07336808490311959
1823 0.07336835232585796
1824 0.07336052295850297
1825 0.07334963952635794
1826 0.07333728993440931
1827 0.07333052470157375
1828 0.07333190530762181
1829 0.07333863371072345
1830 0.0733489783679255
1831 0.07336399315324185
1832 0.07337425401002934
1833 0.07337776940515543
1834 0.07338113872962911
1835 0.07338526903492552
1836 0.07338807927103792
1837 0.07339200447494075
1838 0.07339290364913116
1839 0.07339278650542908
1840 0.07339146257264567
1841 0.07338764328843779
1842 0.07338307677092372
1843 0.07338413132230653
1844 0.07338374967204782
1845 0.07337870929161179
1846 0.07337095728191989
1847 0.0733613267313882
1848 0.07335288044620616
1849 0.07335040807459951
1850 0.07334978749565092
1851 0.07335236187753884
1852 0.07335722282853015
1853 0.07335800188363831
1854 0.07335603708710101
1855 0.07335826330984936
1856 0.07336071300416488
1857 0.07336209792448234
1858 0.07336465544993108
1859 0.07336616091092117
1860 0.07336366464930923
1861 0.0733592243139867
1862 0.07335199561703189
1863 0.07334667874661888
1864 0.07334781694070357
1865 0.07335530229575746
1866 0.07336710617844275
1867 0.07338706161352933
1868 0.07340438994103132
1869 0.0734133832207058
1870 0.07341436192730752
1871 0.07340907614730038
1872 0.07340088995541581
1873 0.07340005709413873
1874 0.0734038299526671
1875 0.07340815866100976
1876 0.0734071144167472
1877 0.07339537058247465
1878 0.07337559028824875
1879 0.07335625555100292
1880 0.07333635852929728
1881 0.0733179738632634
1882 0.0733067794661558
1883 0.07330309749690324
1884 0.07330618157129057
1885 0.07331750034894439
1886 0.07333253711646147
1887 0.07335035503174815
1888 0.07336795845373643
1889 0.0733794887409679
1890 0.07338344172679974
1891 0.07338889120988032
1892 0.07339852280636858
1893 0.07341393009486773
1894 0.07343143806552378
1895 0.07344261116195742
1896 0.07344455011273966
1897 0.07344213031920896
1898 0.0734319791076712
1899 0.07341552933969266
1900 0.07339305086758269
1901 0.07336694150909558
1902 0.07334344850718874
1903 0.07333206896376068
1904 0.07332881927063413
1905 0.07333005057730906
1906 0.07333272539059599
1907 0.07333524703405556
1908 0.07333502766931832
1909 0.07333472861308947
1910 0.07333483491943997
1911 0.07334062610040874
1912 0.07335088279633308
1913 0.07335927035524487
1914 0.0733630035121928
1915 0.0733694464343151
1916 0.07337720791502317
1917 0.07338648209477767
1918 0.07339780424066913
1919 0.07340604378916198
1920 0.073408023792511
1921 0.07340701083785543
1922 0.07340362920081106
1923 0.07340251906630078
1924 0.073405369060704
1925 0.073407512094304
1926 0.0734052749851028
1927 0.07340108537290976
1928 0.07339081165842816
1929 0.07337815420770452
1930 0.07336982087731855
1931 0.0733647376257904
1932 0.0733596393448102
1933 0.07335234472184834
1934 0.07333917347025878
1935 0.0733230084633656
1936 0.07330840618271704
1937 0.07329642864826939
1938 0.07329213820175984
1939 0.07330301185377373
1940 0.07332237720044218
1941 0.07334539037410481
1942 0.07336603258362875
1943 0.07337960435028097
1944 0.07338446935880809
1945 0.07338893357136794
1946 0.07339503125621265
1947 0.07340710702041257
1948 0.07342367636479721
1949 0.07343685554513123
1950 0.07344096496175838
1951 0.07343695082969338
1952 0.07342353137615935
1953 0.07340441943287636
1954 0.07338615244075189
1955 0.07336992478081704
1956 0.07335450709764495
1957 0.07334229875520705
1958 0.07333180935871202
1959 0.07332633031674725
1960 0.07332710381035397
1961 0.07333107824598785
1962 0.07333568054482008
1963 0.07334451053080969
1964 0.0733512624083001
1965 0.07335715744982109
1966 0.07336397841968473
1967 0.07337082919077739
1968 0.07337476817886267
1969 0.07337977346420128
1970 0.07338330185539195
1971 0.07338599947379228
1972 0.07338672814166219
1973 0.0733827161924122
1974 0.07337395431858701
1975 0.07336953586652033
1976 0.07336729811075342
1977 0.07336832719595038
1978 0.07337476549210541
1979 0.07338283512871344
1980 0.07338782664698287
1981 0.07338866332731718
1982 0.07338074150379986
1983 0.07337622310029401
1984 0.07338249605390264
1985 0.07339200575447748
1986 0.07339584236346489
1987 0.07339424394134489
1988 0.07338544733350894
1989 0.07337330130757096
1990 0.07336341769164638
1991 0.0733550318260245
1992 0.07334606260032137
1993 0.07333998840599947
1994 0.07333676961272134
1995 0.0733393943621936
1996 0.07334870160585369
1997 0.07335836730845072
1998 0.07336592624996344
1999 0.07337376105501424
2000 0.0733743374911689
