"lift-coeff-rfile"
"Iteration" "lift-coeff"
("Iteration" "lift-coeff")
1 0.02388840559646595
2 0.056639039526065
3 0.08663305314064133
4 0.113070918766707
5 0.133255868283616
6 0.1475246693800606
7 0.1563310033202845
8 0.1610010185440921
9 0.1618934589284084
10 0.1601776998109652
11 0.1567162270362988
12 0.1528120426332701
13 0.1495315338474642
14 0.1478584259806769
15 0.148093795276915
16 0.1500064560396432
17 0.1529431490812176
18 0.1563154820339552
19 0.1597274713318022
20 0.1630123906506001
21 0.1660488046954464
22 0.1687570327342215
23 0.1710612675630448
24 0.1729484994961883
25 0.1744527960959137
26 0.1755953284363068
27 0.1764468199106752
28 0.1770741767199401
29 0.1775136103062717
30 0.1777813358108813
31 0.177909990405199
32 0.1779392524681779
33 0.1779026733189539
34 0.1778323309917743
35 0.1777520006226864
36 0.1776712315377257
37 0.1776043141994407
38 0.1775542508183805
39 0.17751884534991
40 0.177489783895672
41 0.1774617564909938
42 0.1774257737076518
43 0.1773816144210109
44 0.1773125915729674
45 0.1772218853223387
46 0.177109251589956
47 0.1769902074400809
48 0.1768811856363211
49 0.1768053796496691
50 0.1767688740306469
51 0.1767693093944522
52 0.1767931105979981
53 0.1768267776322889
54 0.1768576166338102
55 0.1768847047029388
56 0.176904486704491
57 0.1769126688721152
58 0.176908868764375
59 0.1768997173168243
60 0.1768864637401169
61 0.1768748285862954
62 0.176871176300776
63 0.1768810815205536
64 0.1768976807133811
65 0.1769227294836456
66 0.1769520851853486
67 0.1769754875126645
68 0.1769692407694851
69 0.176931438219267
70 0.1768723502210057
71 0.1768085985803707
72 0.1767453373726554
73 0.1766914255750381
74 0.1766484814360733
75 0.1766221371206884
76 0.1766180379798647
77 0.1766386691540001
78 0.1766764900779268
79 0.1767275121051653
80 0.1767844518453484
81 0.1768489776312905
82 0.1769094175489571
83 0.176950480179962
84 0.1769791475962231
85 0.1769840420095533
86 0.1769577366994662
87 0.1769008233180344
88 0.1768234735289085
89 0.1767372012063979
90 0.1766533985815755
91 0.1765908678313083
92 0.1765557429368605
93 0.1765567729503369
94 0.1765900602534634
95 0.1766464959066638
96 0.1767101905142715
97 0.176771953175478
98 0.1768205768272836
99 0.1768561487750235
100 0.176878011732503
101 0.1768893504772643
102 0.1768904859386528
103 0.1768850020695542
104 0.1768699165667744
105 0.1768466576794748
106 0.1768152171759709
107 0.1767809184248185
108 0.1767428328420405
109 0.176704196588969
110 0.176666365777187
111 0.1766352028092395
112 0.176615659573334
113 0.1766109490370528
114 0.1766236628521806
115 0.1766565809698404
116 0.1767074717923457
117 0.1767702846281504
118 0.1768388313563
119 0.1769106474329703
120 0.1769718013564209
121 0.1770134224393017
122 0.1770266790859396
123 0.177012277939326
124 0.1769772676336186
125 0.1769295048314541
126 0.176873318592265
127 0.1768162925957764
128 0.1767568806381188
129 0.176701470974149
130 0.1766531119188611
131 0.1766150672321119
132 0.1765844831911918
133 0.1765657444314954
134 0.1765587149257755
135 0.1765665731328993
136 0.1765877115345579
137 0.1766211768579224
138 0.1766543266352832
139 0.1766977430848049
140 0.1767466766164772
141 0.1767875134283918
142 0.176814730840584
143 0.176836797319393
144 0.1768587852227564
145 0.1768856629240432
146 0.1769100866676269
147 0.176928023448038
148 0.1769355269291571
149 0.1769276023350062
150 0.1769030306805624
151 0.1768641141197255
152 0.176822196734036
153 0.1767787127881854
154 0.1767447895978841
155 0.1767287707500553
156 0.1767212454147019
157 0.1767214451037744
158 0.1767275060424727
159 0.1767372235576024
160 0.1767394745892122
161 0.176727790355149
162 0.1767029950025043
163 0.1766733237121207
164 0.1766380763467049
165 0.1766030607373508
166 0.1765720197831236
167 0.1765645268894843
168 0.1765825371705561
169 0.1766273930467781
170 0.1766889609295526
171 0.1767553729721496
172 0.1768240519665272
173 0.1768899086710925
174 0.1769467525362261
175 0.1769918547103554
176 0.1770121278010957
177 0.1770137943370227
178 0.1769966615152763
179 0.1769589281305512
180 0.1768999439772883
181 0.176833059494303
182 0.1767643312335228
183 0.1767043661523738
184 0.1766567979410884
185 0.1766233249714282
186 0.1765983360080273
187 0.1765856899587157
188 0.1765764518573934
189 0.1765677464154486
190 0.1765622574520851
191 0.1765643755222024
192 0.1765785994359152
193 0.1766138296229613
194 0.1766591438868774
195 0.1767197413094384
196 0.1767914342826485
197 0.1768682498787981
198 0.1769377175270336
199 0.1769947390795167
200 0.1770284152950837
201 0.1770366047253675
202 0.1770185068942191
203 0.1769786241979595
204 0.1769250811247404
205 0.176868504494119
206 0.1768141927924805
207 0.1767678898498594
208 0.1767304314224205
209 0.1767037036729083
210 0.1766854257464135
211 0.1766766017271853
212 0.1766712472911545
213 0.1766682189298587
214 0.1766617711436923
215 0.1766515240808947
216 0.1766370367228081
217 0.176623285944568
218 0.1766130215175906
219 0.1766123924696798
220 0.1766210066286115
221 0.1766406846044682
222 0.1766698224897756
223 0.1767193318090206
224 0.1767803838566947
225 0.1768408379075464
226 0.1768911139932061
227 0.1769286338842475
228 0.1769542823501048
229 0.1769651681479122
230 0.1769613636798282
231 0.176952349467639
232 0.1769370747187347
233 0.1769143146514988
234 0.1768811988365941
235 0.1768423147367107
236 0.1767972891721338
237 0.1767502765849208
238 0.1767014421302742
239 0.176653966224352
240 0.1766107396843047
241 0.17657803183544
242 0.1765579744359161
243 0.1765542235338892
244 0.1765571471096406
245 0.1765661272489458
246 0.1765810782255271
247 0.1766170480535677
248 0.1766751445615595
249 0.1767490949322039
250 0.1768330784465566
251 0.176920250655229
252 0.1769900024545223
253 0.1770299847169766
254 0.1770366029251659
255 0.1770189139881531
256 0.1769859092865814
257 0.1769430359193478
258 0.1768932147045484
259 0.1768433270987438
260 0.1767956075850061
261 0.1767563891444703
262 0.1767256538123444
263 0.1767053037319291
264 0.176688937957757
265 0.1766791201151443
266 0.1766735621020179
267 0.1766716863981784
268 0.1766719646680665
269 0.1766700877982174
270 0.1766716034863895
271 0.176678815035229
272 0.176683585340852
273 0.176690654560676
274 0.1767029543413208
275 0.1767259828182311
276 0.1767529564295496
277 0.1767834722543792
278 0.1768113253917063
279 0.1768342811336912
280 0.1768468206066988
281 0.1768502187628283
282 0.1768515803101877
283 0.1768502874215104
284 0.1768448374146389
285 0.1768388781733916
286 0.1768347979644029
287 0.1768382095584086
288 0.1768425282056263
289 0.1768467648063411
290 0.1768403789448744
291 0.1768188138596926
292 0.1767808278967625
293 0.1767325307414001
294 0.1766758825014671
295 0.176621946320792
296 0.1765754992615081
297 0.1765465302401971
298 0.1765424236483489
299 0.1765652875957742
300 0.176611347679847
301 0.1766717188823974
302 0.1767366265847858
303 0.1768003626767234
304 0.1768533283002952
305 0.1768946292390472
306 0.1769193638470372
307 0.1769384390504087
308 0.1769440829571204
309 0.1769313793246985
310 0.1768997359840413
311 0.1768612087966109
312 0.1768181708277194
313 0.1767770751049534
314 0.1767395248957235
315 0.1767060831037211
316 0.1766750421888801
317 0.1766489568436361
318 0.1766235831923119
319 0.1766119397249036
320 0.1766117449196986
321 0.1766267959829586
322 0.1766514014201492
323 0.17669098134755
324 0.1767443342097327
325 0.1768042371550856
326 0.1768610264893318
327 0.1769044018133937
328 0.1769268293489731
329 0.1769294938278364
330 0.1769101133548978
331 0.1768742728338684
332 0.1768198598130665
333 0.1767587762351886
334 0.1767010536663296
335 0.1766573664940675
336 0.176632030011033
337 0.176627886366783
338 0.1766376560045142
339 0.1766578395337957
340 0.1766811515898736
341 0.176703796525378
342 0.1767247411909238
343 0.1767517955380156
344 0.176782406203826
345 0.1768125972606551
346 0.1768350982221942
347 0.1768520162263921
348 0.1768607523617829
349 0.1768645326458478
350 0.1768574022886054
351 0.1768432694599247
352 0.1768206249876616
353 0.176789584672269
354 0.176747353813735
355 0.1766987624947883
356 0.1766461917216311
357 0.1765982378436539
358 0.1765642898894496
359 0.1765530298266657
360 0.1765610145147627
361 0.1765917273504579
362 0.1766410734630147
363 0.1767051911050615
364 0.176771053864847
365 0.1768310649278223
366 0.1768808707616786
367 0.1769255034069711
368 0.1769599786788341
369 0.1769820936208994
370 0.176989726376529
371 0.1769833865645856
372 0.1769610868851376
373 0.1769284594492114
374 0.1768841987874266
375 0.176823039571297
376 0.1767579529789535
377 0.1767026080421633
378 0.176665004720323
379 0.1766477975723552
380 0.1766418646556095
381 0.176651091212416
382 0.1766675074646414
383 0.1766815294149408
384 0.1766883631368748
385 0.176695776138988
386 0.176707338684561
387 0.1767269682867181
388 0.1767547963590114
389 0.1767889599871426
390 0.176829504721804
391 0.1768752942582371
392 0.1769147783743456
393 0.176944889713663
394 0.1769624797200638
395 0.176973548142136
396 0.1769740953864696
397 0.1769628755269306
398 0.1769411148501933
399 0.1769159045992108
400 0.1768859476284587
401 0.1768505779455535
402 0.1768062599654078
403 0.1767596784552756
404 0.176710439936608
405 0.1766628252293305
406 0.1766166867764552
407 0.1765779288326282
408 0.1765496338398614
409 0.1765387814803083
410 0.1765492604787679
411 0.1765803143531841
412 0.1766255778629597
413 0.1766772886262786
414 0.1767311778246736
415 0.1767919471480314
416 0.1768521070580922
417 0.1769058996727476
418 0.1769499376197368
419 0.1769854418756448
420 0.1769978748360607
421 0.1769822911886482
422 0.176941071849514
423 0.1768876909006369
424 0.1768309011001028
425 0.1767764127184506
426 0.1767279338667685
427 0.176691054458302
428 0.1766630559800578
429 0.1766469675529524
430 0.1766384535608241
431 0.1766408261310605
432 0.1766508619586817
433 0.17667242384129
434 0.1767029094550971
435 0.1767410859902512
436 0.1767853187806332
437 0.176829806682161
438 0.1768634975809801
439 0.1768830228430218
440 0.1768815519941886
441 0.1768618690098357
442 0.1768289766903175
443 0.1767889440754167
444 0.176744632684367
445 0.176705778012766
446 0.1766734955621478
447 0.176657144393287
448 0.1766565254655841
449 0.1766708309016741
450 0.1766931204277546
451 0.1767246034112533
452 0.1767596853698687
453 0.1767971075552147
454 0.1768352851365925
455 0.1768774310325294
456 0.1769134088144056
457 0.1769383015470041
458 0.1769448191795629
459 0.1769356910602896
460 0.1769120563993853
461 0.1768753192834547
462 0.1768277154841094
463 0.1767731386206713
464 0.1767125730202813
465 0.1766539898679198
466 0.1766048644923041
467 0.1765699451145005
468 0.176547407256016
469 0.1765395834265594
470 0.1765519385196267
471 0.1765842322634223
472 0.1766318097355282
473 0.1766973956750245
474 0.1767730179321752
475 0.1768528006657429
476 0.176921832687062
477 0.1769756244754992
478 0.1770083235488674
479 0.177021956218836
480 0.1770143329725168
481 0.1769910215349668
482 0.176955664022658
483 0.1769120357497841
484 0.1768637910244683
485 0.1768126787203753
486 0.1767589627372045
487 0.1767100281765802
488 0.1766687552768866
489 0.1766406786837053
490 0.176624264894948
491 0.1766251458478863
492 0.1766425082889388
493 0.1766680340159088
494 0.176688929748292
495 0.1767002530287997
496 0.1767043193283299
497 0.1767120260415581
498 0.1767277177584584
499 0.1767542359368771
500 0.1767835496366214
501 0.1768131839439101
502 0.176841659193002
503 0.1768684635890372
504 0.1768846317160079
505 0.1768904709214861
506 0.1768914597777807
507 0.1768909293007365
508 0.1768874398413407
509 0.1768779415650319
510 0.176866586151956
511 0.1768586931252266
512 0.1768471504197128
513 0.176829534224274
514 0.1768009755123493
515 0.1767670591152491
516 0.1767286738958796
517 0.176691175940465
518 0.1766535508791919
519 0.1766251271738809
520 0.1766095997593118
521 0.1766134581652644
522 0.1766335979536716
523 0.1766676431511147
524 0.176704194259564
525 0.1767389146840483
526 0.1767725422873758
527 0.1768066128224895
528 0.1768390319777641
529 0.1768708814360592
530 0.1769023587309477
531 0.1769267139033598
532 0.1769330914331168
533 0.1769228819701944
534 0.1768975486745429
535 0.1768676917583575
536 0.1768351893627389
537 0.1768036345637459
538 0.1767744460921867
539 0.1767511891736502
540 0.1767306112643443
541 0.1767259006586278
542 0.1767305034034332
543 0.1767426392477308
544 0.1767609001588459
545 0.1767795395770418
546 0.1767992667300708
547 0.1768208493772251
548 0.1768373010635481
549 0.1768449250894292
550 0.1768384116406357
551 0.1768168549315582
552 0.1767816714904336
553 0.1767445523371531
554 0.176708952860837
555 0.1766826363101583
556 0.1766657379755264
557 0.1766614694527777
558 0.1766673251055496
559 0.1766874220271734
560 0.1767175099077845
561 0.1767546924837834
562 0.1767939326497708
563 0.1768347612379723
564 0.1768730559511261
565 0.1769106355276073
566 0.1769453580330211
567 0.1769746517641559
568 0.1769890357074243
569 0.1769825997058703
570 0.1769544732637262
571 0.1769102127827008
572 0.1768512829993589
573 0.1767827399274376
574 0.1767104035425036
575 0.1766412223460314
576 0.1765811296780403
577 0.1765393687506156
578 0.1765154901782484
579 0.1765122821832914
580 0.1765266362534401
581 0.1765566315334015
582 0.1765943686258464
583 0.1766445301165648
584 0.1767076363576641
585 0.1767831731378604
586 0.1768624753247731
587 0.1769369873238993
588 0.176994017534696
589 0.1770305801146765
590 0.1770429478305517
591 0.1770344057135947
592 0.177005566251795
593 0.1769621441459266
594 0.1769062441404495
595 0.1768474828533027
596 0.1767853186928477
597 0.176727172495212
598 0.17667344136022
599 0.1766328019112096
600 0.1766041770438491
601 0.1765917700340524
602 0.1765948962812524
603 0.1766181043070032
604 0.176653633136154
605 0.1766937181031324
606 0.1767250352916279
607 0.1767474510710315
608 0.1767626134654472
609 0.1767780692927568
610 0.1767943972835451
611 0.176812237395557
612 0.1768262412327326
613 0.1768362383651054
614 0.1768442962477773
615 0.1768463209103265
616 0.1768439256598039
617 0.1768408133900491
618 0.1768380974487971
619 0.1768368119523591
620 0.1768319118627243
621 0.1768263179964823
622 0.1768219287665784
623 0.176822097326476
624 0.1768169496427401
625 0.1768061106761656
626 0.1767908778686446
627 0.1767740998106823
628 0.1767565143699131
629 0.1767412777875029
630 0.176725159442987
631 0.176713489635874
632 0.1767071573459305
633 0.1767077133596762
634 0.1767121882572567
635 0.1767193081602724
636 0.1767180998869048
637 0.1767222471459794
638 0.176732817578472
639 0.1767521514913711
640 0.1767822422966119
641 0.1768191338477159
642 0.1768525744471547
643 0.1768754261007685
644 0.1768821826111797
645 0.1768750200780316
646 0.1768601222912749
647 0.1768434395398234
648 0.1768250560712099
649 0.1768111405167256
650 0.1768009940057916
651 0.1767973681998851
652 0.1767985943558366
653 0.1768048017307955
654 0.1768110277808297
655 0.1768170036822863
656 0.1768175465544668
657 0.1768142982685801
658 0.1768086769771605
659 0.1768029042107684
660 0.1767933072405764
661 0.1767798513355626
662 0.1767558135559606
663 0.1767252769042806
664 0.1766911275585754
665 0.1766597812831945
666 0.1766339127299079
667 0.176619337657367
668 0.1766164594161044
669 0.176627965236748
670 0.1766539054762954
671 0.1766952347857616
672 0.1767464354877858
673 0.1768080339820141
674 0.176872897403944
675 0.1769385585338646
676 0.176999959453491
677 0.1770514946283601
678 0.1770832998421294
679 0.1770915043585311
680 0.177066219955712
681 0.1770110125926845
682 0.176934091651413
683 0.1768508876895642
684 0.1767659569343538
685 0.1766866227349932
686 0.1766130611993564
687 0.1765519595013022
688 0.1765064158258901
689 0.176480383608992
690 0.1764743173661279
691 0.1764908217413047
692 0.1765263278532052
693 0.1765762512292465
694 0.1766381643842951
695 0.1767139674054201
696 0.1768005159391058
697 0.1768943381245686
698 0.176982702627746
699 0.1770550387981572
700 0.1771008922154075
701 0.1771173981585782
702 0.1770996540106292
703 0.1770531852157735
704 0.1769844065544905
705 0.1769027753898863
706 0.1768196506696092
707 0.1767440467172485
708 0.1766790738626764
709 0.176627801483361
710 0.1765906328351735
711 0.1765714213033671
712 0.1765674463615607
713 0.1765827871981706
714 0.1766152079588922
715 0.1766663099944937
716 0.1767224393098677
717 0.1767726523306643
718 0.1768088486719758
719 0.1768343779935729
720 0.1768492341884577
721 0.176859236365903
722 0.1768634953566015
723 0.1768624340091537
724 0.1768520515307158
725 0.1768333393376404
726 0.1768087249921812
727 0.1767841505429601
728 0.1767607202131525
729 0.1767376398003367
730 0.1767281058293693
731 0.1767336792693415
732 0.1767457367905845
733 0.1767680617148291
734 0.1767974858543532
735 0.1768274493842934
736 0.176850113875951
737 0.1768639837777093
738 0.1768678679613007
739 0.1768640148830393
740 0.176851223500429
741 0.1768311317572169
742 0.1768045024202295
743 0.1767757631349049
744 0.1767445906058913
745 0.1767152269660998
746 0.1766881527423962
747 0.176667344519715
748 0.1766534127438395
749 0.1766473126201883
750 0.176651752900705
751 0.176671878209253
752 0.1767045205214284
753 0.176743743795986
754 0.1767800851227081
755 0.1768138354297503
756 0.1768416805101688
757 0.1768668294666701
758 0.1768850257827881
759 0.1768985804603447
760 0.1769057270904004
761 0.176906094207575
762 0.1769006521491406
763 0.1768936623076303
764 0.1768821958739896
765 0.1768677122548523
766 0.1768465964354652
767 0.1768235906743309
768 0.1767944478928694
769 0.1767679080361628
770 0.176748706468819
771 0.176738248097462
772 0.1767296618173293
773 0.1767158723886908
774 0.1766929768755576
775 0.1766655349469685
776 0.1766371256683659
777 0.176612711737913
778 0.1765973347039266
779 0.1766005652824429
780 0.1766240875203905
781 0.1766681979496215
782 0.1767274997155116
783 0.1767951305166497
784 0.1768667607065154
785 0.1769381717786342
786 0.1769957554705221
787 0.1770373954162287
788 0.1770637480716452
789 0.1770732918442385
790 0.1770577968183028
791 0.1770173127814031
792 0.1769546589629439
793 0.1768818211416755
794 0.1768057021409753
795 0.1767357419486658
796 0.1766725440698861
797 0.1766165681177766
798 0.1765659980630629
799 0.1765297162484849
800 0.176507772132535
801 0.1765054740884846
802 0.1765253677896022
803 0.1765689300249718
804 0.1766274415737851
805 0.1766981409286532
806 0.1767744192060977
807 0.1768629942360058
808 0.1769442128695527
809 0.17700009879291
810 0.1770353917969517
811 0.1770502273374795
812 0.1770378599452533
813 0.1770021624607876
814 0.1769460621828668
815 0.1768821178645666
816 0.1768152170346797
817 0.1767549921195128
818 0.1767034520265023
819 0.1766663132208693
820 0.1766416019802679
821 0.1766259271267566
822 0.1766257822813193
823 0.176641598337465
824 0.1766668444893698
825 0.1767061983881917
826 0.1767531950511292
827 0.1768018679519183
828 0.1768412383393788
829 0.1768698307742345
830 0.1768803885542865
831 0.1768759602422754
832 0.1768558168047035
833 0.1768233242392366
834 0.1767830506563111
835 0.1767410214878942
836 0.1767002940422888
837 0.1766694364574833
838 0.1766504945815444
839 0.1766515082129871
840 0.1766691529629605
841 0.1767004508245303
842 0.1767386845368909
843 0.17678827591259
844 0.1768442679726242
845 0.1768990447986471
846 0.1769397016787867
847 0.1769643293817751
848 0.1769714124257982
849 0.1769620654651955
850 0.1769380867841197
851 0.1769052651928482
852 0.1768616022451814
853 0.1768117154938754
854 0.176756284860586
855 0.1766992562724722
856 0.1766436608345503
857 0.1765945946212432
858 0.1765595404763491
859 0.1765459309201025
860 0.176550373266752
861 0.1765726852731272
862 0.1766131470227873
863 0.1766703449377675
864 0.1767333915378161
865 0.1767933172234658
866 0.1768441694353448
867 0.1768902710904509
868 0.1769293655610518
869 0.176962224732159
870 0.1769814033745135
871 0.1769869902462654
872 0.1769773721321377
873 0.1769580762571563
874 0.1769308545220139
875 0.1768977557478537
876 0.1768600293996677
877 0.1768216478544048
878 0.1767818608994991
879 0.1767458813131334
880 0.1767145620176825
881 0.1766951481602215
882 0.1766856027297945
883 0.1766856535761307
884 0.1766865619234451
885 0.1766847403048338
886 0.176678494299925
887 0.1766709563646872
888 0.1766640418429091
889 0.176665487834186
890 0.1766766700924413
891 0.1767031421488574
892 0.1767409539645256
893 0.1767870232479605
894 0.1768349887361978
895 0.1768799043653154
896 0.1769162489352145
897 0.1769434808007194
898 0.1769617141657719
899 0.1769743797352317
900 0.176974323928377
901 0.1769608986933483
902 0.1769324409245402
903 0.1768898996140088
904 0.1768377893183188
905 0.1767832222403816
906 0.1767304396937468
907 0.1766864114699175
908 0.1766502760633288
909 0.1766238042587212
910 0.176606260506165
911 0.1766022857710136
912 0.176611092458359
913 0.1766369240494704
914 0.1766732844520783
915 0.1767177093627489
916 0.1767651007831856
917 0.1768134354346315
918 0.176854654049156
919 0.1768868250860409
920 0.1769072759744487
921 0.1769165887940884
922 0.17691360057804
923 0.1768988340212361
924 0.1768730109517199
925 0.1768406797905192
926 0.1768039270216554
927 0.1767679714224177
928 0.1767359636916373
929 0.1767130462580265
930 0.1766993793905761
931 0.1767001840672494
932 0.1767130815732165
933 0.176735805261243
934 0.1767620734207927
935 0.1767971338828304
936 0.1768344876569738
937 0.1768688789173086
938 0.1768896178472379
939 0.17689589297702
940 0.1768847967632312
941 0.1768568318502846
942 0.1768122876111985
943 0.1767586368960196
944 0.1767005071026769
945 0.1766481700066542
946 0.1766040715181238
947 0.1765765009097053
948 0.1765667378592325
949 0.1765780501911558
950 0.1766103378174072
951 0.1766599806236695
952 0.1767207411008146
953 0.1767869649634028
954 0.1768556335260695
955 0.1769270245951627
956 0.1769910300345444
957 0.1770392547539709
958 0.1770660940942645
959 0.1770706145619288
960 0.1770495204508763
961 0.177006624853935
962 0.1769434934142439
963 0.176869253740316
964 0.176787626551361
965 0.1767095278987123
966 0.1766370764066374
967 0.1765769250453722
968 0.176529852295007
969 0.1765046961974972
970 0.1765008893292227
971 0.176518556139165
972 0.1765557304070549
973 0.1766143750430228
974 0.1766844121786946
975 0.176757083680895
976 0.1768225802970556
977 0.1768800307336011
978 0.1769274494162008
979 0.1769674513032531
980 0.1769976715758662
981 0.1770161571353591
982 0.1770186540197868
983 0.1770023412060958
984 0.1769668604703195
985 0.1769201156380563
986 0.1768638908981664
987 0.1768094066778437
988 0.1767545923739477
989 0.1767222656296381
990 0.1767050517742267
991 0.1766959713519458
992 0.1766945692828811
993 0.1767006596786639
994 0.1767089614723557
995 0.1767204381572068
996 0.1767291866230066
997 0.1767368940921688
998 0.1767410294383934
999 0.1767421760791489
1000 0.1767420994545461
1001 0.1767441303276965
1002 0.1767501163657568
1003 0.1767650725428057
1004 0.1767858714494697
1005 0.1768088606265908
1006 0.1768320021806026
1007 0.1768525146944245
1008 0.1768670733224992
1009 0.1768815365088504
1010 0.1768934763235256
1011 0.1769043310824626
1012 0.1769078250058678
1013 0.176900931757881
1014 0.1768815296243363
1015 0.1768528091437464
1016 0.1768159105280197
1017 0.1767783010488124
1018 0.1767422361655672
1019 0.1767136763892331
1020 0.1766921282755415
1021 0.1766807906325732
1022 0.1766759107320664
1023 0.1766784510348505
1024 0.1766895898241038
1025 0.1767075786365681
1026 0.176728612924556
1027 0.1767530749884547
1028 0.1767785435887942
1029 0.1768021760314018
1030 0.1768181039568224
1031 0.1768257131520437
1032 0.176825594645217
1033 0.1768224384216853
1034 0.1768136445774801
1035 0.1768018857429904
1036 0.1767900610155522
1037 0.1767794723105851
1038 0.176768668178098
1039 0.1767631136803368
1040 0.1767612193393407
1041 0.1767656909474566
1042 0.1767750565926517
1043 0.1767933858045569
1044 0.1768160963084183
1045 0.1768435223465174
1046 0.1768720047796429
1047 0.176899527262477
1048 0.1769158871102284
1049 0.1769164415678253
1050 0.17689614016632
1051 0.176861747778198
1052 0.176816302721563
1053 0.1767645999954277
1054 0.1767120511892583
1055 0.1766629462217244
1056 0.176619346157724
1057 0.1765851706100726
1058 0.1765613552712104
1059 0.1765542069038904
1060 0.1765652927640909
1061 0.1766013970584531
1062 0.1766544760529268
1063 0.1767229402503655
1064 0.1767974815035118
1065 0.1768758796388875
1066 0.176949381459322
1067 0.1770136121822519
1068 0.1770605233597487
1069 0.1770904083578528
1070 0.1770948743070875
1071 0.1770738505047934
1072 0.177024773727076
1073 0.1769537918074892
1074 0.176868942574015
1075 0.176785179067536
1076 0.1767064660419995
1077 0.1766402484879532
1078 0.176586768178649
1079 0.1765486925212114
1080 0.1765235140929912
1081 0.1765243256050898
1082 0.1765400827451934
1083 0.1765723124228628
1084 0.1766252060918387
1085 0.1766902441114617
1086 0.1767534511756387
1087 0.176813148228106
1088 0.1768641357359647
1089 0.1769074945275129
1090 0.1769403870504265
1091 0.1769655391847895
1092 0.1769793923933608
1093 0.1769821017859198
1094 0.1769670803181156
1095 0.1769382062577287
1096 0.1768958124762997
1097 0.1768486286156813
1098 0.1768054240343577
1099 0.176774418996358
1100 0.1767517885189402
1101 0.1767396986124311
1102 0.176736290834315
1103 0.1767408206170634
1104 0.1767430806444773
1105 0.1767423869462894
1106 0.1767395049260443
1107 0.1767403851179215
1108 0.1767420561934697
1109 0.1767436081215427
1110 0.1767422357155673
1111 0.1767397889158877
1112 0.1767339237174932
1113 0.1767308338909063
1114 0.1767297715065013
1115 0.1767327734572516
1116 0.1767400303291387
1117 0.1767542208288416
1118 0.1767730663901382
1119 0.1767968541011944
1120 0.1768246507857777
1121 0.1768573475117809
1122 0.1768858595991606
1123 0.1769060165675139
1124 0.1769127833919288
1125 0.1769084293687902
1126 0.1768925659508534
1127 0.1768690151048358
1128 0.176839914017505
1129 0.176811844140277
1130 0.1767859707365345
1131 0.1767669134023973
1132 0.1767530920785858
1133 0.1767449671040707
1134 0.1767373299196787
1135 0.176733350716673
1136 0.1767305094763288
1137 0.1767298013977467
1138 0.1767296669095997
1139 0.1767347967321527
1140 0.1767408144626753
1141 0.1767491197144284
1142 0.1767560826536459
1143 0.1767625504906137
1144 0.1767654363435103
1145 0.1767651055358815
1146 0.1767610838602394
1147 0.1767583530684314
1148 0.1767596267968155
1149 0.1767665002513472
1150 0.1767800511363002
1151 0.176802371206844
1152 0.1768264247779752
1153 0.1768523952755617
1154 0.1768757813638099
1155 0.1769003771136743
1156 0.1769230066534147
1157 0.1769421638836732
1158 0.176952096104874
1159 0.176948447971404
1160 0.1769260684594305
1161 0.1768878420836052
1162 0.1768378218657919
1163 0.17678259449442
1164 0.1767253077993053
1165 0.1766739743129974
1166 0.1766285490082087
1167 0.1765915907792758
1168 0.1765613801824555
1169 0.1765423591173959
1170 0.1765346937117116
1171 0.1765459418826179
1172 0.176577615206084
1173 0.1766326071754075
1174 0.1767081304383248
1175 0.1767990178827796
1176 0.1768924064219775
1177 0.1769775897133739
1178 0.1770432946022281
1179 0.1770858911708146
1180 0.1771067727117143
1181 0.1771017737303291
1182 0.1770672187785809
1183 0.1770079801952642
1184 0.1769279495861956
1185 0.1768385330146799
1186 0.1767498827265576
1187 0.176669655648387
1188 0.1766053760411682
1189 0.1765618567641214
1190 0.1765385436087018
1191 0.1765334970673113
1192 0.1765407055865309
1193 0.1765649670310939
1194 0.1766068194341308
1195 0.176664345467133
1196 0.1767251943370845
1197 0.1767846910879222
1198 0.1768395629777386
1199 0.1768864500354146
1200 0.1769187831381004
1201 0.1769393789747561
1202 0.1769452800966013
1203 0.1769399872683115
1204 0.1769220277587493
1205 0.1768937679081574
1206 0.1768537123184445
1207 0.1768088658832244
1208 0.1767637680770029
1209 0.1767277918093013
1210 0.1767058048262636
1211 0.1766980647557655
1212 0.1767052066118829
1213 0.1767285948413369
1214 0.1767604070061302
1215 0.1767915677223886
1216 0.1768138269784589
1217 0.1768315032672485
1218 0.1768407102001993
1219 0.1768429410513296
1220 0.1768357227004387
1221 0.1768211506056483
1222 0.1767990434968371
1223 0.1767749979847573
1224 0.1767463503104286
1225 0.1767180290215418
1226 0.1766884106572161
1227 0.1766661812992027
1228 0.1766555215051017
1229 0.1766619873842439
1230 0.1766826685760534
1231 0.1767192282769227
1232 0.1767660012553053
1233 0.1768166958196277
1234 0.1768618753125264
1235 0.1768994813020245
1236 0.1769265237909368
1237 0.1769457549665237
1238 0.1769539540619428
1239 0.1769541851936614
1240 0.1769441537510179
1241 0.1769266691888077
1242 0.1768991690837606
1243 0.1768668254778496
1244 0.1768287122741778
1245 0.1767876832442223
1246 0.1767475645790123
1247 0.1767139118382094
1248 0.1766868672991408
1249 0.1766717529376063
1250 0.1766630153537189
1251 0.1766614562971363
1252 0.1766615989361481
1253 0.1766663279843663
1254 0.1766740014741025
1255 0.1766858324108108
1256 0.1766985820767109
1257 0.176711797394803
1258 0.1767275827013809
1259 0.1767519571071075
1260 0.1767852049152246
1261 0.1768296897222517
1262 0.1768793069324475
1263 0.1769289939081008
1264 0.1769701010302022
1265 0.1769978868320513
1266 0.1770087694365579
1267 0.1770064839666927
1268 0.1769891557589979
1269 0.1769602031437512
1270 0.1769207158836565
1271 0.1768762568827335
1272 0.1768273181463427
1273 0.1767757430729817
1274 0.1767195237904381
1275 0.1766642505006456
1276 0.1766135224203681
1277 0.1765736130880024
1278 0.1765464666687663
1279 0.1765376224541823
1280 0.1765417456455644
1281 0.1765600214764202
1282 0.1765945785139138
1283 0.1766469890838676
1284 0.1767137690024903
1285 0.1767978668420576
1286 0.176888336517659
1287 0.1769743164391247
1288 0.1770388663104692
1289 0.1770758819751052
1290 0.1770827623162837
1291 0.1770640844660517
1292 0.1770238657911247
1293 0.176966550639967
1294 0.1768981873979971
1295 0.1768274609063205
1296 0.1767566700858617
1297 0.1766923988429365
1298 0.1766332576386049
1299 0.1765893599318344
1300 0.1765625021176653
1301 0.1765575321483702
1302 0.176570347869506
1303 0.1766014369495035
1304 0.1766471389877805
1305 0.1767052189197557
1306 0.176764807935214
1307 0.176821458712089
1308 0.1768666505572399
1309 0.1769026608392217
1310 0.176924512501023
1311 0.1769292036854407
1312 0.1769127505167214
1313 0.1768797608112153
1314 0.1768336658086034
1315 0.176788255815398
1316 0.1767452701017734
1317 0.1767096918377783
1318 0.1766819811882025
1319 0.1766688533285568
1320 0.1766696699402366
1321 0.1766845963850097
1322 0.1767119474485074
1323 0.1767519092363368
1324 0.1768002436392567
1325 0.1768491915765515
1326 0.1768898946040753
1327 0.1769217134789412
1328 0.176940272603575
1329 0.1769444436876614
1330 0.1769325010230912
1331 0.1769039075599785
1332 0.1768586863375611
1333 0.176805310462719
1334 0.1767475601744367
1335 0.176688829733316
1336 0.1766348249646408
1337 0.1765888310906771
1338 0.1765524530871425
1339 0.1765470864372427
1340 0.1765664254919697
1341 0.1766025787830461
1342 0.1766585137735174
1343 0.1767319099483292
1344 0.1768084351203627
1345 0.1768827125774693
1346 0.176945009485144
1347 0.1769929721358222
1348 0.177022146168813
1349 0.1770346604682604
1350 0.1770286713824878
1351 0.177012274240914
1352 0.1769834055063794
1353 0.1769423634863969
1354 0.1768899258544226
1355 0.176831524795823
1356 0.1767697178822421
1357 0.1767154341931609
1358 0.1766738442927208
1359 0.176649048265013
1360 0.1766372906522886
1361 0.1766351425659581
1362 0.176634934276826
1363 0.1766381063942966
1364 0.1766438813180608
1365 0.1766577323560204
1366 0.1766788661498929
1367 0.1767061776632414
1368 0.1767357683581571
1369 0.1767680279505132
1370 0.1768002625672875
1371 0.1768356558936398
1372 0.1768711932856128
1373 0.1769072418370455
1374 0.1769377569660357
1375 0.1769624645661052
1376 0.1769735576497732
1377 0.1769723804497209
1378 0.1769610426376583
1379 0.176941815582278
1380 0.1769126887398157
1381 0.1768799002501813
1382 0.1768429373680155
1383 0.1768058293811784
1384 0.1767656751748551
1385 0.176722282868584
1386 0.176674624754579
1387 0.1766332348596133
1388 0.1766025139716648
1389 0.1765885968912223
1390 0.1765926235114501
1391 0.176612336043296
1392 0.1766401944753891
1393 0.1766754863623091
1394 0.1767157346389649
1395 0.1767711812157847
1396 0.1768317023381811
1397 0.1768813354692511
1398 0.176923607314435
1399 0.1769536366150354
1400 0.1769655251391123
1401 0.176963036296084
1402 0.1769459455763808
1403 0.1769208854228453
1404 0.1768860485839444
1405 0.1768451513023624
1406 0.1767999157786203
1407 0.1767571480421756
1408 0.1767101916394256
1409 0.1766734081897418
1410 0.1766525288850865
1411 0.176653901421199
1412 0.1766745331087707
1413 0.1767016925500055
1414 0.1767372027950354
1415 0.176779692764328
1416 0.1768173681369825
1417 0.1768481458829451
1418 0.1768671357844359
1419 0.1768758611778263
1420 0.1768707599414585
1421 0.1768512307847229
1422 0.1768170233350873
1423 0.1767776089425079
1424 0.1767355159071711
1425 0.1767013346460396
1426 0.1766751005040482
1427 0.176661454009124
1428 0.1766590154427365
1429 0.1766693591001972
1430 0.1766921836702767
1431 0.1767269080677839
1432 0.1767710438521372
1433 0.1768239057451824
1434 0.1768769683608609
1435 0.1769254595503529
1436 0.1769577298148967
1437 0.1769753128805439
1438 0.1769798446262163
1439 0.1769724104397596
1440 0.1769488691451457
1441 0.1769078763646622
1442 0.1768485295424836
1443 0.1767782619282763
1444 0.1767036837474934
1445 0.1766351090371573
1446 0.1765764872058591
1447 0.1765386584450299
1448 0.1765206481914761
1449 0.1765230652103615
1450 0.1765434623843444
1451 0.176581884349775
1452 0.1766376357844765
1453 0.1767073268505912
1454 0.1767795749116448
1455 0.1768518155535064
1456 0.1769193135617288
1457 0.1769762251057078
1458 0.1770144513268783
1459 0.1770339487615419
1460 0.1770342634364405
1461 0.1770177899360059
1462 0.1769890663311972
1463 0.1769510105217239
1464 0.1769007305583446
1465 0.1768408804292625
1466 0.1767746875466169
1467 0.1767130973353741
1468 0.176663660320152
1469 0.1766330926908646
1470 0.1766234579672843
1471 0.1766325258069196
1472 0.1766508663544067
1473 0.1766701076870937
1474 0.1766859701262388
1475 0.1767026474066944
1476 0.1767183937146044
1477 0.1767373457475323
1478 0.1767566643533404
1479 0.1767772936776503
1480 0.1767958722311932
1481 0.1768170325734901
1482 0.1768426692004493
1483 0.1768634918167531
1484 0.1768769749084405
1485 0.1768861040368028
1486 0.1768897710023499
1487 0.1768905163702001
1488 0.1768860703078454
1489 0.176879072878067
1490 0.1768658267744574
1491 0.1768504413969102
1492 0.1768328041677605
1493 0.1768161145347578
1494 0.1767988896907941
1495 0.176782625384522
1496 0.1767632256600982
1497 0.176740486242048
1498 0.1767151963238823
1499 0.1766976477730944
1500 0.1766856144713962
1501 0.1766823222597231
1502 0.1766851502179315
1503 0.1766900245971385
1504 0.1767055540648676
1505 0.1767238922924224
1506 0.1767449286214353
1507 0.1767718050360652
1508 0.1767964466022868
1509 0.1768181516754211
1510 0.1768347206444042
1511 0.1768502969226269
1512 0.1768616246062558
1513 0.1768671953517135
1514 0.1768647422313568
1515 0.1768545546412724
1516 0.1768368552707462
1517 0.1768167807904596
1518 0.1767962309258885
1519 0.1767837189076063
1520 0.1767756997860666
1521 0.1767752195422088
1522 0.1767799273485936
1523 0.1767880411276149
1524 0.1768004971012765
1525 0.1768164906485215
1526 0.1768276493208702
1527 0.176830645339058
1528 0.1768216876124224
1529 0.1768052320678072
1530 0.1767817418856738
1531 0.1767552957394877
1532 0.1767240897578329
1533 0.1766911229492005
1534 0.1766606210534283
1535 0.1766391408846514
1536 0.1766286846492754
1537 0.1766319998930766
1538 0.1766434457649591
1539 0.1766665289624691
1540 0.1767011665820267
1541 0.1767451300131006
1542 0.1767969516408344
1543 0.1768614596067738
1544 0.1769314116470559
1545 0.1769937582495383
1546 0.1770344384036139
1547 0.1770527894652873
1548 0.1770471413094511
1549 0.1770222543736609
1550 0.1769804800155844
1551 0.1769260863586258
1552 0.1768590857207388
1553 0.1767862395403308
1554 0.1767110424470763
1555 0.1766427382002479
1556 0.1765829503276151
1557 0.1765363160232661
1558 0.1765093061236272
1559 0.1765072880572089
1560 0.1765238015491428
1561 0.1765581564980739
1562 0.1766061408553188
1563 0.1766662085037886
1564 0.1767322956567041
1565 0.1767995171069252
1566 0.1768647669327083
1567 0.1769312027158621
1568 0.1769887299870704
1569 0.1770313837959247
1570 0.1770498024365214
1571 0.1770423845887623
1572 0.1770132733482079
1573 0.1769698892743541
1574 0.1769167876119474
1575 0.1768596326929556
1576 0.1768018754204845
1577 0.1767472981993999
1578 0.1766987574833795
1579 0.1766652514483315
1580 0.1766472777128082
1581 0.1766466545493191
1582 0.1766576769850004
1583 0.1766783729441663
1584 0.1767002990816861
1585 0.1767238113054962
1586 0.1767445294442464
1587 0.1767629988154297
1588 0.1767776625515924
1589 0.1767889320620113
1590 0.1767957871514647
1591 0.1768033568648532
1592 0.1768080392533369
1593 0.1768109059585645
1594 0.176810588980973
1595 0.1768094713340514
1596 0.1768067888491452
1597 0.176808162211377
1598 0.1768140868913511
1599 0.1768265456916112
1600 0.1768398393842202
1601 0.1768493849442898
1602 0.1768512212398239
1603 0.1768501352062102
1604 0.1768456334159366
1605 0.1768377631915274
1606 0.1768254650627791
1607 0.1768106067154469
1608 0.1767927939692748
1609 0.176774950729651
1610 0.1767568326368545
1611 0.1767436746505296
1612 0.1767336565742814
1613 0.1767269735857966
1614 0.1767190569506871
1615 0.1767162923580673
1616 0.1767184928749696
1617 0.1767248151256197
1618 0.1767338863223373
1619 0.1767422256795181
1620 0.1767486503651853
1621 0.1767578048698555
1622 0.1767691095626223
1623 0.1767845294091027
1624 0.1768010287100419
1625 0.1768162515102492
1626 0.1768250727491767
1627 0.1768297443373617
1628 0.1768292280149616
1629 0.1768286115023949
1630 0.176828583578523
1631 0.1768350742960728
1632 0.1768433269326571
1633 0.1768609584741792
1634 0.1768749643198427
1635 0.1768822430376843
1636 0.1768835043383945
1637 0.1768743863817425
1638 0.1768488501586763
1639 0.1768172938123418
1640 0.1767855345231007
1641 0.1767557426317714
1642 0.1767250458925831
1643 0.1766914826375523
1644 0.1766551073653101
1645 0.1766229652541471
1646 0.1765987383716149
1647 0.1765894058081072
1648 0.1765941323995303
1649 0.176612428617401
1650 0.1766438361346218
1651 0.1766880862024601
1652 0.1767421275448923
1653 0.176806976903372
1654 0.1768809440920751
1655 0.1769599447305306
1656 0.1770264422852613
1657 0.1770720759864215
1658 0.1770893494590413
1659 0.1770809735874774
1660 0.1770482083481322
1661 0.1769961268497043
1662 0.1769310042653756
1663 0.1768594857052325
1664 0.1767854209793384
1665 0.1767137041317142
1666 0.1766447498595814
1667 0.1765826301660764
1668 0.176530545058325
1669 0.1764970451026538
1670 0.1764864106807773
1671 0.1765017264232905
1672 0.1765395695917818
1673 0.1765960956238654
1674 0.1766599486093801
1675 0.1767265043033084
1676 0.1767892462955998
1677 0.1768521771362153
1678 0.1769215617518204
1679 0.1769805557294846
1680 0.1770131696782895
1681 0.1770211163421799
1682 0.1770059062691452
1683 0.1769742137356223
1684 0.1769284384363536
1685 0.1768774294767447
1686 0.1768220565200466
1687 0.1767701996396182
1688 0.1767217387724517
1689 0.1766828460461871
1690 0.1766570748263989
1691 0.1766469830357836
1692 0.1766518759101423
1693 0.1766662864712086
1694 0.1766842689535713
1695 0.1767070070309385
1696 0.1767310312042097
1697 0.1767539184996052
1698 0.1767695395156491
1699 0.176782161962682
1700 0.1767881732311606
1701 0.1767914323800197
1702 0.1767903822919515
1703 0.1767896076407673
1704 0.1767843425300619
1705 0.1767793237258016
1706 0.1767738900760311
1707 0.1767744520839391
1708 0.1767824021063662
1709 0.1767992195683316
1710 0.1768189817539434
1711 0.1768394810887977
1712 0.1768527416671145
1713 0.1768601103413797
1714 0.1768632216943634
1715 0.1768653489674247
1716 0.17686261644708
1717 0.1768565496954086
1718 0.1768455486565614
1719 0.1768329118276016
1720 0.1768183922653145
1721 0.1768054242844153
1722 0.1767894453021122
1723 0.1767718662301173
1724 0.1767495019326119
1725 0.1767259964023857
1726 0.176705253882741
1727 0.176694869255777
1728 0.1766920270565635
1729 0.1766965128164141
1730 0.1767007626619111
1731 0.1767062564441487
1732 0.1767127351640543
1733 0.1767239370370531
1734 0.17673706328444
1735 0.1767533924525706
1736 0.1767719533544441
1737 0.1767932487995444
1738 0.1768161955872425
1739 0.1768411412922785
1740 0.1768633325499254
1741 0.1768857067363995
1742 0.1769064513015214
1743 0.1769235772634163
1744 0.1769364192874408
1745 0.1769451363078469
1746 0.1769439697415677
1747 0.1769309583389236
1748 0.1769002531665415
1749 0.1768578389678301
1750 0.176809917974787
1751 0.1767670349253835
1752 0.1767284894683531
1753 0.1766953415502466
1754 0.1766624101964708
1755 0.1766289989217078
1756 0.1765962590911072
1757 0.1765695716760816
1758 0.1765532135583191
1759 0.1765548895119916
1760 0.1765722885519175
1761 0.1766209425969458
1762 0.1766924779550165
1763 0.1767728428890282
1764 0.1768551387067848
1765 0.1769369978662033
1766 0.1770063407570224
1767 0.1770552075183065
1768 0.1770793531238289
1769 0.1770779741369646
1770 0.1770519892473694
1771 0.1770048806246377
1772 0.1769402527414008
1773 0.1768685560400929
1774 0.1767949695895299
1775 0.1767281335221569
1776 0.1766678507450956
1777 0.1766177842575055
1778 0.1765766151699377
1779 0.1765490407921996
1780 0.1765366422947577
1781 0.1765439120745727
1782 0.1765714075903631
1783 0.1766220309661568
1784 0.1766840890456172
1785 0.1767457184312544
1786 0.1768007343715524
1787 0.1768490605809147
1788 0.176891281208697
1789 0.1769271534636775
1790 0.1769490699111106
1791 0.1769575202686587
1792 0.1769456887854292
1793 0.1769187865598139
1794 0.1768787410396288
1795 0.1768353315954679
1796 0.1767894123779935
1797 0.1767478763482743
1798 0.1767161366218332
1799 0.1766987639753737
1800 0.1766935553817809
1801 0.1767063646278351
1802 0.1767313094498424
1803 0.1767652126923365
1804 0.1767944787936679
1805 0.1768177814861244
1806 0.1768329420742992
1807 0.1768436987323322
1808 0.1768481055763367
1809 0.176844035167307
1810 0.1768304389181094
1811 0.1768100834040362
1812 0.1767816397867845
1813 0.1767495498762855
1814 0.1767120313474715
1815 0.1766751940290852
1816 0.1766457847544884
1817 0.1766318062957796
1818 0.1766355152262506
1819 0.1766594172562678
1820 0.1766984856374027
1821 0.1767494681628772
1822 0.1768015074887763
1823 0.1768512203774142
1824 0.1768965941789957
1825 0.1769408131972157
1826 0.1769763198597711
1827 0.1769982579881944
1828 0.1770012053586077
1829 0.1769862814827947
1830 0.1769481988879513
1831 0.1769027386885064
1832 0.1768538186210113
1833 0.1768145802940863
1834 0.1767712623644213
1835 0.1767237636513146
1836 0.1766778288354768
1837 0.1766432067928169
1838 0.1766209601986122
1839 0.1766146191452823
1840 0.1766191000055948
1841 0.176632401727768
1842 0.1766494264366946
1843 0.1766718323707626
1844 0.1766964494311812
1845 0.1767244752711053
1846 0.1767552356715405
1847 0.1767942812102439
1848 0.1768378551236086
1849 0.1768845836946722
1850 0.1769261236899167
1851 0.1769583467185472
1852 0.1769756513342778
1853 0.1769784465531385
1854 0.1769681082309523
1855 0.1769537503929474
1856 0.1769342833155974
1857 0.1769105919048882
1858 0.1768772350920613
1859 0.176837308832226
1860 0.1767922623937708
1861 0.1767498477238135
1862 0.1767114628680928
1863 0.1766800027531236
1864 0.1766547229377408
1865 0.1766334351365642
1866 0.1766138232926003
1867 0.1766010140002459
1868 0.1765956393210979
1869 0.1766028253834073
1870 0.1766274683922941
1871 0.1766694093519663
1872 0.1767199071170127
1873 0.1767800063256392
1874 0.176845868052754
1875 0.1769110488323782
1876 0.1769624651274373
1877 0.1769938943990259
1878 0.1770010875160566
1879 0.17699306269943
1880 0.1769708376360562
1881 0.1769371173447885
1882 0.1768938082318153
1883 0.1768449747831863
1884 0.1767911125197177
1885 0.1767403976332338
1886 0.1766931248442872
1887 0.176654790592654
1888 0.1766263137066251
1889 0.1766114510039123
1890 0.1766106914870045
1891 0.1766241779955497
1892 0.1766517526092252
1893 0.1766958966809459
1894 0.1767491678054878
1895 0.1768025501982098
1896 0.176843636414658
1897 0.1768726326691436
1898 0.1768865640635647
1899 0.1768889459209022
1900 0.1768777510508381
1901 0.1768538882494546
1902 0.1768182348135019
1903 0.1767824394841415
1904 0.1767518072689982
1905 0.176729736921987
1906 0.1767135100998725
1907 0.1767050607398208
1908 0.1767009104760998
1909 0.1767060922300798
1910 0.1767211670796059
1911 0.1767485490104873
1912 0.1767878739528196
1913 0.1768351655150231
1914 0.1768784082330598
1915 0.1769118748131853
1916 0.1769306955408346
1917 0.1769364137943288
1918 0.1769286866977382
1919 0.1769086902547129
1920 0.176871840158298
1921 0.1768250253223655
1922 0.1767688691857183
1923 0.1767101325730229
1924 0.1766510259269313
1925 0.1765978685139068
1926 0.1765542365371092
1927 0.1765310164388064
1928 0.1765304639494359
1929 0.1765589597075759
1930 0.1766130145861269
1931 0.1766865514603114
1932 0.1767630057277949
1933 0.1768392837491226
1934 0.1769067343746542
1935 0.1769656698609991
1936 0.1770141170727201
1937 0.1770500907257492
1938 0.177065639089362
1939 0.1770609321786195
1940 0.1770316746784365
1941 0.1769831534172627
1942 0.1769203389249294
1943 0.1768524774978443
1944 0.1767846257388557
1945 0.1767225168471722
1946 0.1766674567015932
1947 0.1766253467403105
1948 0.1765961785268877
1949 0.1765820887263547
1950 0.1765799513840359
1951 0.1765914905798539
1952 0.1766136379717323
1953 0.176645559212058
1954 0.1766838174398903
1955 0.1767250829066082
1956 0.1767626693962005
1957 0.176799288246971
1958 0.1768319383798598
1959 0.1768664362173871
1960 0.1768995542697269
1961 0.176930793231751
1962 0.1769527318187887
1963 0.1769622353341513
1964 0.1769549349453979
1965 0.1769370158595407
1966 0.1769179910861015
1967 0.1769007840563639
1968 0.1768797728888816
1969 0.1768536323934601
1970 0.1768204659889357
1971 0.1767857214074515
1972 0.1767527369909253
1973 0.1767227951864146
1974 0.1766964766150575
1975 0.1766773579703645
1976 0.1766645800308138
1977 0.1766586922862569
1978 0.1766584136769872
1979 0.1766649494884735
1980 0.1766750897613875
1981 0.1766935233114277
1982 0.1767193642556968
1983 0.1767538070304421
1984 0.1767859679658669
1985 0.1768234830608278
1986 0.1768570014794229
1987 0.1768829412745155
1988 0.1768964444824305
1989 0.1769003425286589
1990 0.1768970057589012
1991 0.1768906334108717
1992 0.1768777965339645
1993 0.1768584076230721
1994 0.1768319464517903
1995 0.1768011484625821
1996 0.1767715797115395
1997 0.1767439171138056
1998 0.1767199174504997
1999 0.1767049880174761
2000 0.1767002045427084
