"report-def-0-rfile"
"Iteration" "drag-coeff"
("Iteration" "drag-coeff")
1 0.1257465673510938
2 0.1197300392160628
3 0.1032388525108101
4 0.09719710548605788
5 0.09899134208175336
6 0.1036606025699993
7 0.1094650207522464
8 0.1152147147557223
9 0.1202386762503252
10 0.1241316303748298
11 0.1268595343345822
12 0.1285045933987883
13 0.1292120267261642
14 0.1291616397767043
15 0.1285421364958813
16 0.127626491793713
17 0.1267288206966775
18 0.1261534170955284
19 0.1260617940105591
20 0.1264517841829763
21 0.1272267078232673
22 0.1282479213234404
23 0.1293833850816657
24 0.1305212504296507
25 0.1315704355317179
26 0.1324704134891382
27 0.1331849312265302
28 0.1336672022754986
29 0.1339161321651855
30 0.1339209656610982
31 0.1336588042474074
32 0.1331576920345614
33 0.1324447232106853
34 0.1315437161745253
35 0.1304576026494469
36 0.1291852009732908
37 0.1276966107990024
38 0.1260036907717576
39 0.1241506977826484
40 0.1223554651860114
41 0.1209877006745357
42 0.1203507807970484
43 0.1204805733062778
44 0.1211633262583718
45 0.1221038387184624
46 0.1230927411948915
47 0.1240168133346251
48 0.1248399188578578
49 0.1255678363666949
50 0.1262233099747258
51 0.1268288729794186
52 0.1273980220182374
53 0.1279436914417006
54 0.1284762702008487
55 0.12900478180873
56 0.1295406527182419
57 0.1300811792464515
58 0.1306387541092996
59 0.1312080164263967
60 0.1317797292416572
61 0.1323498693880449
62 0.1329218930813051
63 0.1334967563278649
64 0.1340445129176272
65 0.1345540342668596
66 0.135021389448019
67 0.1354370183448664
68 0.1357876134907602
69 0.136053261779111
70 0.1362198190091113
71 0.136278234151704
72 0.1362173693939924
73 0.1360334531290583
74 0.1357113854832958
75 0.135219802104238
76 0.134535835690584
77 0.1336617555813444
78 0.1325922582652219
79 0.1313251126946612
80 0.1298627264591619
81 0.1282194893725571
82 0.1264126992672029
83 0.1244872325653471
84 0.1224996384119924
85 0.1205464788348894
86 0.1187271262566978
87 0.1171290069697847
88 0.1158675510610836
89 0.1150138504554997
90 0.1146128378402834
91 0.1146571333347835
92 0.1151190186182816
93 0.115933175988066
94 0.1169951623300863
95 0.1181913180531534
96 0.1194040133434269
97 0.1205470373911167
98 0.1215718752023737
99 0.1224682501481761
100 0.1232415457731878
101 0.1239065887580537
102 0.1244794088629176
103 0.1249720618779311
104 0.1253983232150319
105 0.1257739776034224
106 0.1261179227762551
107 0.1264417299596795
108 0.1267564119400083
109 0.1270727492004102
110 0.1274073475450982
111 0.1277701084432442
112 0.1281593461202219
113 0.1285849787176411
114 0.1290491952233081
115 0.129552709881665
116 0.1300579870272112
117 0.1305537096714267
118 0.1311297189788542
119 0.1317631010549857
120 0.1323645627004207
121 0.1329144394899742
122 0.1333914823077828
123 0.1337672559667459
124 0.1340097968437733
125 0.1340885433821438
126 0.1339887130017957
127 0.1336773584060193
128 0.1331544504389358
129 0.1324453613786334
130 0.1315492559225949
131 0.1304749529683377
132 0.1292022656088824
133 0.1276998796121278
134 0.1259803639288123
135 0.1241037333212044
136 0.1222438762015704
137 0.120751977651883
138 0.1199647483704178
139 0.1199759714347755
140 0.1206130947573841
141 0.1215607379985445
142 0.1225845578288872
143 0.1235536518520868
144 0.1244185064148023
145 0.1251769529444844
146 0.125846504850101
147 0.1264503097975155
148 0.1270081397368525
149 0.1275359391907522
150 0.1280414262236101
151 0.1285360892013327
152 0.1290283113142712
153 0.129517214237052
154 0.1300157798573672
155 0.1305211468884403
156 0.1310411760086458
157 0.1315591869502425
158 0.1320741896022183
159 0.1325905565390446
160 0.1330929163434325
161 0.1335728046824842
162 0.134025023495415
163 0.1344304142134519
164 0.1347963883573791
165 0.1351110052420648
166 0.1353636373470736
167 0.1355338781965092
168 0.1356145020659967
169 0.1355904054623959
170 0.1354551609436459
171 0.135190349419439
172 0.1347712180940218
173 0.1341717477547564
174 0.1333901207396067
175 0.1324106281410816
176 0.1312334014990452
177 0.1298582345392934
178 0.1283028412156378
179 0.1265833125777378
180 0.1247382637720665
181 0.122836290651168
182 0.1209505176720443
183 0.119170657063534
184 0.1175918193803084
185 0.1163229562514303
186 0.11541911313301
187 0.114917923930467
188 0.1148557767149358
189 0.115210622643941
190 0.1159421393531
191 0.1169540778164918
192 0.1181173925673003
193 0.1193106082622519
194 0.1204443106598985
195 0.1214666234973646
196 0.1223581089613924
197 0.1231289016596197
198 0.1237950145556327
199 0.1243671923411589
200 0.1248618817145645
201 0.125294134240601
202 0.1256767565286911
203 0.1260257867654099
204 0.1263544296819898
205 0.1266739741692392
206 0.1269940767124253
207 0.12732887267061
208 0.1276866743945685
209 0.1280735574002245
210 0.1284953147369997
211 0.128949318083755
212 0.1294446049934177
213 0.1299872958223007
214 0.1305571246330574
215 0.1311434734089586
216 0.1317402514855859
217 0.1323273030289484
218 0.1328737735823984
219 0.1333543717389479
220 0.1337386215263264
221 0.1340035962095272
222 0.1341210010854843
223 0.1340838365982081
224 0.1338559700653142
225 0.133414187588082
226 0.1327584009030547
227 0.131923677659912
228 0.1309144520434667
229 0.1297104080360605
230 0.1282908302697486
231 0.1266392017876709
232 0.1247870729896626
233 0.1228732822246737
234 0.1211824427544107
235 0.120081748633372
236 0.1197814146403597
237 0.1202158762038856
238 0.1210703741064769
239 0.1220952351034011
240 0.1231006317430525
241 0.1240157911151725
242 0.1248182940020694
243 0.1255204788276644
244 0.1261528276630912
245 0.1267283475371936
246 0.1272635566367584
247 0.1277729734410709
248 0.128268078426127
249 0.12875181856469
250 0.1292330878230847
251 0.1297155750534218
252 0.1302045563973847
253 0.1307057006914749
254 0.131211081203848
255 0.1317189576657875
256 0.1322209246720997
257 0.1327181169175096
258 0.1331966216202977
259 0.1336441339762555
260 0.1340599505789381
261 0.134440061641107
262 0.1347758132011358
263 0.1350560067503521
264 0.1352778629084727
265 0.1354107313958407
266 0.1354523197837403
267 0.1353942955652677
268 0.1352227168929238
269 0.1349219020511697
270 0.13445347227579
271 0.1338079055082964
272 0.1329715701451564
273 0.1319356434526711
274 0.1307046807840303
275 0.1292768351299787
276 0.1276749448691055
277 0.1259280043073415
278 0.1240739864862626
279 0.1221904112251962
280 0.1203481613538454
281 0.1186410071821467
282 0.1171682164556326
283 0.116012862124541
284 0.1152495960678605
285 0.1148954761201945
286 0.1149719512595487
287 0.1154528557588008
288 0.1162774694130633
289 0.1173411920983576
290 0.1185215209623767
291 0.1196938908930014
292 0.1207925637113164
293 0.1217697384578342
294 0.1226186901981539
295 0.1233496300388774
296 0.1239804615161348
297 0.1245240243977572
298 0.1249965007112308
299 0.1254114744230586
300 0.1257819502719453
301 0.1261234895126919
302 0.1264480703393894
303 0.1267675047925955
304 0.12709224122901
305 0.1274351228189262
306 0.1278033929333785
307 0.1282030895650587
308 0.1286368982724795
309 0.1291071955060642
310 0.129617061799267
311 0.1301633376884525
312 0.1307384567106796
313 0.1313328000582207
314 0.1319313090051341
315 0.1325095675797018
316 0.1330384634877835
317 0.1334927088721291
318 0.1338436445071439
319 0.1340680501877654
320 0.1341400388957183
321 0.1340469368994003
322 0.1337483183210799
323 0.133246776083519
324 0.1325459184845232
325 0.1316572465555911
326 0.1305988514516261
327 0.1293373186744557
328 0.1278430977050112
329 0.1261320814859369
330 0.1242511931735882
331 0.1223686457094806
332 0.1207978464680215
333 0.1199178222087816
334 0.1198445304826264
335 0.1204239912744788
336 0.1213448553085777
337 0.1223758526345184
338 0.1233512735921919
339 0.1242257953006125
340 0.1249946713155065
341 0.1256684318300019
342 0.1262769456578785
343 0.1268367413501035
344 0.1273608376989451
345 0.1278629699185525
346 0.1283527754840416
347 0.1288332764517397
348 0.1293114049240255
349 0.129794563177798
350 0.1302837245047229
351 0.1307853341929081
352 0.1312833533696345
353 0.1317843061388994
354 0.1322760754967115
355 0.1327657618048979
356 0.1332352417938641
357 0.1336744692414977
358 0.1340751084183628
359 0.1344378506160762
360 0.1347562249671164
361 0.1350223564296516
362 0.135229811648836
363 0.1353514395684712
364 0.1353826118829584
365 0.1353128965574175
366 0.1351281030105795
367 0.1348053562260436
368 0.1343126733148151
369 0.1336416860655353
370 0.1327780373058098
371 0.1317141620544166
372 0.1304576092329663
373 0.1290120667796303
374 0.1273937599160955
375 0.1256281335449516
376 0.1237681454970348
377 0.1218926802289021
378 0.1200681354894201
379 0.1183934938869492
380 0.1169620073328795
381 0.1158690413183048
382 0.1151671264238352
383 0.1148783406937807
384 0.1150169862671014
385 0.1155546029560527
386 0.1164211817257512
387 0.1175070840990506
388 0.1186885862913066
389 0.1198603427995771
390 0.120943471186011
391 0.1219002543850036
392 0.1227359086944523
393 0.1234527424763155
394 0.1240692953636903
395 0.1246013064211554
396 0.1250651329157652
397 0.1254718999319734
398 0.125836089285284
399 0.1261734303926897
400 0.1264961596566008
401 0.1268157977367093
402 0.1271434301043192
403 0.1274875905103612
404 0.1278609615947028
405 0.1282636874227611
406 0.1287017231962349
407 0.1291776734744365
408 0.1296978245920962
409 0.1302497928623869
410 0.1308263003715715
411 0.1314225112417181
412 0.1320213419363156
413 0.1325911683355946
414 0.1331153483244242
415 0.1335519968257613
416 0.1338850905260353
417 0.1340851828524009
418 0.1341407230085539
419 0.1340242156417178
420 0.1336985185573466
421 0.1331570018691684
422 0.1324233144321866
423 0.1315053738241262
424 0.130406986393001
425 0.1291098440436439
426 0.1275686127439303
427 0.1258139148104308
428 0.1239107668195281
429 0.1220552240173785
430 0.1205821541287026
431 0.1198430761163592
432 0.1199047397619925
433 0.1205675405902031
434 0.1215287571720244
435 0.1225599680063074
436 0.1235259156019449
437 0.1243850905469341
438 0.1251378420032178
439 0.1258003835217773
440 0.1263948085618593
441 0.1269467027244009
442 0.1274648261387476
443 0.1279613737005161
444 0.1284461521637461
445 0.1289262559274501
446 0.1294050146622635
447 0.1298910111608425
448 0.1303790904869529
449 0.1308832916383057
450 0.1313861095780509
451 0.1318845684083086
452 0.1323864445543856
453 0.1328787123778019
454 0.1333436738976511
455 0.1337790747273667
456 0.1341718240721558
457 0.1345293092645704
458 0.1348409729853708
459 0.1351014271202001
460 0.1352956218223067
461 0.135400228334792
462 0.1354086271443939
463 0.1353166268080634
464 0.1351017760286868
465 0.1347411106488844
466 0.1342096017468574
467 0.1334935389333629
468 0.1325894684477875
469 0.131485698514598
470 0.1301859336566246
471 0.1286949219957376
472 0.1270324633324773
473 0.1252382654532604
474 0.1233623106679825
475 0.1214796628565927
476 0.1196797870018243
477 0.1180508482637772
478 0.1166934344585005
479 0.1156802951687799
480 0.115069264608278
481 0.1148818863808704
482 0.1151092212589086
483 0.1157353115809008
484 0.1166703930144469
485 0.1177962766724232
486 0.1189876725832237
487 0.1201386364583017
488 0.1211918677354512
489 0.1221156436021351
490 0.1229186346715956
491 0.1236100624219624
492 0.1242065794750344
493 0.1247199026518274
494 0.1251686011453804
495 0.1255638254569044
496 0.1259204151409072
497 0.1262534400642261
498 0.1265748210479566
499 0.1268945670251507
500 0.1272258261722447
501 0.1275784831080453
502 0.1279557988387994
503 0.1283678664850722
504 0.1288136453604803
505 0.1292980189941891
506 0.1298277712211972
507 0.1303853284400752
508 0.1309664009322441
509 0.1315580078343722
510 0.1321545982971237
511 0.1327118949834359
512 0.1332237901699708
513 0.1336398323496838
514 0.133942136846288
515 0.1341161390913831
516 0.1341287739976219
517 0.1339725898785907
518 0.1335942634467014
519 0.133002531228078
520 0.1322281643607899
521 0.1312699041363236
522 0.1301289035348728
523 0.1287789318880053
524 0.1271905224774277
525 0.1253902762469573
526 0.1234743843276783
527 0.1216702247493628
528 0.1203421862599274
529 0.119776193151932
530 0.1199963469555762
531 0.1207574131281024
532 0.1217499653728877
533 0.1227806607911699
534 0.1237258961143016
535 0.1245550961568656
536 0.1252851129179507
537 0.1259309303867703
538 0.1265202100012818
539 0.1270633673253599
540 0.1275751376093022
541 0.1280703901178523
542 0.1285537136953099
543 0.1290339819988115
544 0.129510148250876
545 0.1299923109235794
546 0.1304840885076936
547 0.1309836253406214
548 0.1314897746036693
549 0.1319842872278521
550 0.1324825887427496
551 0.1329663565842075
552 0.133423486609036
553 0.1338544301627163
554 0.1342357060267383
555 0.134586056697896
556 0.134889621444206
557 0.1351325769448627
558 0.1352995018434985
559 0.135384479399947
560 0.1353760063779091
561 0.1352595853598437
562 0.1350140645332713
563 0.1346175816729741
564 0.1340432870847836
565 0.1332858242968396
566 0.132332325342364
567 0.1311845583950122
568 0.1298425509447262
569 0.1283155474027318
570 0.1266247750411847
571 0.1248073476251101
572 0.1229341249534667
573 0.1210709778535537
574 0.1193080479415671
575 0.1177341958553841
576 0.1164570811964661
577 0.1155387843175302
578 0.1150031650892467
579 0.1149079504995924
580 0.1152321795645899
581 0.1159399242419686
582 0.1169373268548624
583 0.1180932265690543
584 0.1192828472588703
585 0.120414850795444
586 0.1214387031527518
587 0.122332562469969
588 0.1231023660312342
589 0.1237666148143457
590 0.1243391740931812
591 0.1248347040153202
592 0.1252686989190274
593 0.1256526297972637
594 0.1260017907470422
595 0.1263318031605736
596 0.1266530167876215
597 0.1269744695271309
598 0.1273097428094199
599 0.1276672524592271
600 0.1280526864593422
601 0.1284748201098998
602 0.1289278711131578
603 0.1294224278191553
604 0.129962397240933
605 0.1305295025682779
606 0.1311156831420759
607 0.1317081939626098
608 0.1322966482888744
609 0.1328430953681212
610 0.1333251067778817
611 0.1337094808402428
612 0.1339802481431338
613 0.134114933637932
614 0.1340865609848554
615 0.1338749013340855
616 0.1334496662689262
617 0.1328063524278516
618 0.1319879067705159
619 0.1309949691829284
620 0.1298072207357187
621 0.1284063639221567
622 0.12676321809741
623 0.1249244665724223
624 0.1230036872743273
625 0.1212798028911495
626 0.1201285481059158
627 0.1197670807932749
628 0.1201578038814271
629 0.1209934958314093
630 0.1220163550404307
631 0.1230272878138791
632 0.1239429011500424
633 0.1247483019516688
634 0.1254547160168369
635 0.1260875034356932
636 0.1266662330864305
637 0.1272005857953244
638 0.1277083525118738
639 0.1282005564028854
640 0.1286829580919545
641 0.1291632144742234
642 0.129642467230255
643 0.1301304294006116
644 0.1306239981125006
645 0.1311270395844168
646 0.1316297143596981
647 0.13212517658656
648 0.1326174260046195
649 0.1330982036697607
650 0.1335509899759984
651 0.1339702633910216
652 0.1343506983800634
653 0.1346836311465133
654 0.1349688239698447
655 0.135200050106314
656 0.1353477845756257
657 0.13540815748969
658 0.1353659034281316
659 0.1352108830665615
660 0.1349315886673597
661 0.1344937257417722
662 0.1338767202724391
663 0.1330696579586426
664 0.1320607632952325
665 0.1308601362235127
666 0.1294644760057888
667 0.127885996755893
668 0.1261645462057953
669 0.1243263786971881
670 0.1224508603984774
671 0.1205997819823731
672 0.1188732935014352
673 0.1173667993881879
674 0.1161656039236077
675 0.1153496515290254
676 0.1149353266729113
677 0.1149527903617779
678 0.115371714635005
679 0.1161550053363056
680 0.1172001199303453
681 0.1183756251797053
682 0.1195532188991836
683 0.1206640881480512
684 0.1216556414429227
685 0.122519676278253
686 0.12326239549784
687 0.1239040244858748
688 0.1244582982255285
689 0.1249385448139906
690 0.1253600467295708
691 0.1257359793842487
692 0.1260799581006291
693 0.1264071778054328
694 0.1267283144918855
695 0.1270532252638488
696 0.1273924809222213
697 0.1277559931264443
698 0.1281506503827188
699 0.128578044680873
700 0.1290417047217822
701 0.1295501408633705
702 0.1300953210363185
703 0.1306659683589816
704 0.1312600773198781
705 0.1318584942908352
706 0.1324353546059546
707 0.1329703694020521
708 0.1334353035789094
709 0.1337971693886482
710 0.1340419422384304
711 0.1341358422495465
712 0.1340709297990639
713 0.1338144945483685
714 0.1333376637420345
715 0.1326590494314457
716 0.131792777261208
717 0.1307466107713761
718 0.1295040304844983
719 0.1280360978597269
720 0.1263496932016585
721 0.1244828257576251
722 0.1225810181820269
723 0.1209528518782582
724 0.119970725919084
725 0.1198028397471438
726 0.1203130277907379
727 0.1212093754552184
728 0.1222432370987562
729 0.123236133399425
730 0.1241319457868247
731 0.1249120459754165
732 0.1255994958089793
733 0.1262177951480116
734 0.1267830079132811
735 0.1273119478086417
736 0.127815730015977
737 0.1283070969567549
738 0.1287869429465169
739 0.1292661183989323
740 0.1297447963365425
741 0.130230965701266
742 0.1307278728331901
743 0.1312286287802066
744 0.1317303031410968
745 0.1322257742286223
746 0.132716005271124
747 0.1331887112136105
748 0.1336308309503274
749 0.1340354081681726
750 0.13440182083793
751 0.1347312102075549
752 0.1350097970363594
753 0.1352243593827819
754 0.1353553534881427
755 0.1353913995281579
756 0.1353319254718375
757 0.135157314683133
758 0.1348482706970796
759 0.1343740074940145
760 0.133720358757479
761 0.1328778626980131
762 0.1318353432676757
763 0.1305962666651115
764 0.1291633620501858
765 0.1275571129969101
766 0.1258061788678785
767 0.123954525584413
768 0.1220757991872347
769 0.120238324352055
770 0.118544964295442
771 0.117088201470457
772 0.1159579020403585
773 0.115222653890256
774 0.1148889967310519
775 0.1149903140926175
776 0.1154986894866264
777 0.1163415237372534
778 0.1174113732034451
779 0.1185901496782658
780 0.1197572597031504
781 0.1208514923750731
782 0.1218167585860908
783 0.1226615689356447
784 0.1233861319462902
785 0.124011710430826
786 0.124549933773947
787 0.1250186482927921
788 0.1254305382035457
789 0.1257983149485357
790 0.1261381002467108
791 0.1264625888907135
792 0.1267810078251228
793 0.1271079297440077
794 0.1274523347981673
795 0.1278239651314854
796 0.1282259357803368
797 0.1286592015343142
798 0.1291294314979078
799 0.1296428953634297
800 0.1301915904883583
801 0.1307686192049658
802 0.1313641671595433
803 0.1319647632440758
804 0.1325404838290715
805 0.1330691681260601
806 0.1335178977457507
807 0.133859469792001
808 0.1340731915360098
809 0.1341351658198268
810 0.1340249022713336
811 0.1337145325920096
812 0.1331988953880595
813 0.1324861950885725
814 0.1315914455165158
815 0.1305210974057893
816 0.1292501577459748
817 0.1277346415648206
818 0.1260105366691066
819 0.1241218283500279
820 0.1222492623799667
821 0.1207161996602641
822 0.1198854675309854
823 0.1198715153504433
824 0.1204759249856619
825 0.1214072600467862
826 0.1224349607583143
827 0.1234094622468708
828 0.1242789595474452
829 0.1250411310859969
830 0.125709815379459
831 0.1263120411817898
832 0.1268676286036218
833 0.1273896980700534
834 0.1278886872802278
835 0.1283763037593138
836 0.1288543748976351
837 0.129331245803691
838 0.1298155393244386
839 0.1303044406437721
840 0.130806825092948
841 0.1313051612819872
842 0.1318033749969987
843 0.132297010059705
844 0.1327887787579171
845 0.1332554010791428
846 0.1336939208785291
847 0.1340925760076605
848 0.1344534543428479
849 0.1347706720806348
850 0.1350314330314114
851 0.1352377182669226
852 0.1353564602981038
853 0.1353799176103049
854 0.1353012116545762
855 0.1351016264957922
856 0.1347695276234033
857 0.1342740283144847
858 0.1335963448845554
859 0.1327225189904754
860 0.1316468602520515
861 0.1303791819786216
862 0.128920774799215
863 0.1272906272407567
864 0.1255150133002079
865 0.1236529001364241
866 0.1217796188882446
867 0.1199617593452662
868 0.1183022309787467
869 0.1168895398199206
870 0.1158184724952547
871 0.1151459117425
872 0.114885914544908
873 0.115050860536363
874 0.1156124587138362
875 0.1164979009562375
876 0.1175958025129021
877 0.1187777468501831
878 0.1199441140209419
879 0.1210169526287387
880 0.1219624045960009
881 0.1227858076942812
882 0.1234952069765145
883 0.124106161318912
884 0.1246331607954448
885 0.1250927005217393
886 0.1254958810097864
887 0.1258587508063093
888 0.126194948453775
889 0.1265172378530976
890 0.1268355436510979
891 0.1271644038885372
892 0.1275124301782947
893 0.1278866893499707
894 0.1282920615590893
895 0.1287317364586893
896 0.1292095649035789
897 0.1297338312930634
898 0.1302877953899003
899 0.1308684379089338
900 0.1314635138434718
901 0.1320644568233166
902 0.1326316418505859
903 0.1331495603685246
904 0.1335820650610396
905 0.1339117759478912
906 0.1340987251347624
907 0.1341402894802648
908 0.1340179478156345
909 0.1336795669336079
910 0.1331244869554352
911 0.1323879863159494
912 0.1314586229283784
913 0.130345046822235
914 0.1290320076515674
915 0.1274785401368276
916 0.1257158967800137
917 0.1238087857418027
918 0.121956428110712
919 0.1205154074959403
920 0.1198146205570095
921 0.1199133174230375
922 0.120605489860833
923 0.1215766671041376
924 0.1226104435286618
925 0.1235742623674749
926 0.1244273343021304
927 0.1251772807988776
928 0.1258373118716191
929 0.1264345257080348
930 0.1269836067632225
931 0.1275013658575445
932 0.1279983446185705
933 0.128482607660277
934 0.128962991425409
935 0.1294402773169594
936 0.129927507822517
937 0.130417564618782
938 0.1309193223183838
939 0.1314229681402832
940 0.1319236853678011
941 0.1324258262548445
942 0.1329161208641648
943 0.133378877039939
944 0.1338141521399982
945 0.1342067821140777
946 0.1345617047846092
947 0.1348739369671443
948 0.1351294082287646
