"report-def-1-rfile"
"Iteration" "lift-coeff"
("Iteration" "lift-coeff")
1 0.1213485322108009
2 0.2295523087274183
3 0.3323574965097696
4 0.4287201620400032
5 0.5185721789929459
6 0.5928374472059498
7 0.6534727466760154
8 0.7013498963996143
9 0.7367382909349327
10 0.7609039393080479
11 0.7754024625942602
12 0.7820103123811173
13 0.7822830502890414
14 0.7778151358018318
15 0.7699566730539175
16 0.7603053372618945
17 0.7504771932696248
18 0.7419493641040837
19 0.7354829305675884
20 0.7310264028916846
21 0.7280484608475859
22 0.7259490917822081
23 0.7242277661161344
24 0.7224600917568498
25 0.7204326825183454
26 0.7180138970428031
27 0.7151984397184309
28 0.7120147958403344
29 0.7085658698294772
30 0.7051275991052952
31 0.7019223185267175
32 0.6991670829315664
33 0.697084918547245
34 0.695713290110857
35 0.6949371642014035
36 0.6945591438117482
37 0.6943660424805655
38 0.6943894014822051
39 0.6947143161083658
40 0.6957778234717448
41 0.6983721896741062
42 0.7029794146862888
43 0.7094155010787522
44 0.7166544161161992
45 0.7236714955049317
46 0.7297780033218191
47 0.7346896031906802
48 0.7384341138672017
49 0.7411105843854401
50 0.7428518739657566
51 0.7437916191418312
52 0.7439923554646325
53 0.743536364696051
54 0.7424833467804197
55 0.7408983002569427
56 0.7388609114895208
57 0.7363813246608639
58 0.7335276092918324
59 0.7303167153624921
60 0.726771660140839
61 0.7228944679393706
62 0.7187287739953787
63 0.7143322032397517
64 0.7096926736271642
65 0.7048445244059366
66 0.6997979588483594
67 0.694601814661689
68 0.6893146884058374
69 0.6839607140345606
70 0.6785356918679224
71 0.6730493276524738
72 0.6674944858766159
73 0.6619014275242772
74 0.6563330770650485
75 0.6508118249790578
76 0.6453319955852387
77 0.6399969364274418
78 0.6349560736951023
79 0.6303066904436437
80 0.6262112207572548
81 0.622900493425057
82 0.6205332933754143
83 0.619327007627624
84 0.6194811552795044
85 0.6211991567675166
86 0.6246995936775821
87 0.6300659234862919
88 0.6373843578991572
89 0.6465304728938386
90 0.657293789512943
91 0.6693082657029397
92 0.6820881040685923
93 0.695086032644301
94 0.7077588440787533
95 0.7196263413242829
96 0.7302476521603051
97 0.7394512395411619
98 0.7471773523265915
99 0.7534650063602076
100 0.7584453626497965
101 0.76224084235088
102 0.7649683492234314
103 0.7667289713777563
104 0.767628208487346
105 0.767760317974284
106 0.7672396134886393
107 0.7661580699015543
108 0.7645788594125055
109 0.762569921803714
110 0.7601995277290498
111 0.7575421985847458
112 0.7546177555023469
113 0.7514785468008528
114 0.7481466572219657
115 0.7446479989695179
116 0.740740327272587
117 0.7365767844512296
118 0.7326693493247516
119 0.7288649025076885
120 0.724905218528239
121 0.720858713827745
122 0.7167529532048734
123 0.7126316971918866
124 0.7085096229515448
125 0.7044194759421323
126 0.7005520104447344
127 0.6971587199524488
128 0.6944302976753356
129 0.6925079552995763
130 0.6913647750178917
131 0.6908850795688641
132 0.6907271317970807
133 0.690758690965282
134 0.6909908041466752
135 0.6915532930115716
136 0.6928975930262258
137 0.695670052833718
138 0.7004918763794837
139 0.7072472759591849
140 0.7150354336511686
141 0.7227105199439608
142 0.7294659507965781
143 0.7350308049328008
144 0.739355419229751
145 0.7425216796654456
146 0.7446379219410367
147 0.7458520363581225
148 0.7462638552087189
149 0.7459774677828505
150 0.7450545331683408
151 0.7435710875880793
152 0.7415908213778716
153 0.7391610800332319
154 0.7363296944719261
155 0.7331229319128831
156 0.7296055603730858
157 0.7257580438093172
158 0.7216018554368751
159 0.7172009150743142
160 0.7125629773626241
161 0.7077300626994089
162 0.7027258148370485
163 0.6975665916003346
164 0.6923292586940437
165 0.6870707759436702
166 0.6817843908898061
167 0.6764977911216499
168 0.6712357219896085
169 0.6659620760219253
170 0.6607013548615983
171 0.655483779240711
172 0.6503164012848577
173 0.6452083413178094
174 0.6402575396371716
175 0.6354882176318724
176 0.6310821489307624
177 0.6271871760506
178 0.6240444807847374
179 0.6218374511204601
180 0.6206882955380127
181 0.6208320995920834
182 0.6224732882704599
183 0.6258125956698106
184 0.6309559907628768
185 0.6379467297852557
186 0.6466747495321066
187 0.6569077441858472
188 0.6684096257468379
189 0.6807403857558595
190 0.6934257722763233
191 0.7059727720788386
192 0.717788166516649
193 0.7284302663051923
194 0.7376787609024653
195 0.7454610912839731
196 0.751807481706963
197 0.7568551951026187
198 0.7607267491191031
199 0.7635274499457476
200 0.7653752947165458
201 0.7663663582488304
202 0.7665996250566958
203 0.7661736505676476
204 0.7651794658999788
205 0.7636801160134495
206 0.7617538064007441
207 0.759451055195257
208 0.7568329990750461
209 0.7539590357194453
210 0.7508655325826477
211 0.747554902583802
212 0.7440752192549313
213 0.7404670054460324
214 0.7367488506209123
215 0.7328990644767125
216 0.7289788320128091
217 0.7249898412214382
218 0.7209307516981073
219 0.7167738309704841
220 0.7125851386149595
221 0.7084098449211309
222 0.7042610614095511
223 0.7002980311786774
224 0.6967663470100491
225 0.6938614324417236
226 0.6917010314511807
227 0.6903674703516096
228 0.6897345751510767
229 0.6895692965043998
230 0.6896524063173677
231 0.6898830830068124
232 0.6903660944941944
233 0.6914187060586064
234 0.6936420822842053
235 0.6977308472859832
236 0.7038860517152157
237 0.7115597341064586
238 0.7195157902599945
239 0.7268406137132497
240 0.7330133688864474
241 0.7379307172184799
242 0.7416074528575139
243 0.7441811505103121
244 0.7458066079734865
245 0.7465766914048574
246 0.7465945296560575
247 0.7459541173292047
248 0.7447129840905574
249 0.7429386848138875
250 0.7406840087128987
251 0.737991436188308
252 0.7349267342170038
253 0.7315195556788787
254 0.7277852452632364
255 0.7237505005612153
256 0.7194409896628109
257 0.7148924740387276
258 0.7101249542285119
259 0.7051751877331562
260 0.7000689447180594
261 0.6948618481886578
262 0.6895868186503421
263 0.6843206926085207
264 0.6790754038023755
265 0.6738205232450322
266 0.6686007501523545
267 0.6634036919476783
268 0.6582312879394356
269 0.6531280771959603
270 0.6480537728968382
271 0.6431057040901823
272 0.6382812805105263
273 0.6336961052299477
274 0.6295237471248863
275 0.6259236872699827
276 0.6231260636573758
277 0.6212783691081784
278 0.6205963296846143
279 0.6213047767617218
280 0.6235433357028108
281 0.6275328570894956
282 0.6333127077177813
283 0.6408944804333565
284 0.6501390860018472
285 0.6607826426409232
286 0.672565042933437
287 0.6850111383382157
288 0.6976351620284911
289 0.7099123779816342
290 0.7213495306185023
291 0.731511088804895
292 0.74024625390275
293 0.7475407809099955
294 0.7534448048980648
295 0.7580716300780801
296 0.7615701860935218
297 0.7640437611102786
298 0.7655998579417888
299 0.7663349754579731
300 0.7663501493080352
301 0.7657351211086157
302 0.7645736060908034
303 0.7629341388584443
304 0.7608837380279531
305 0.7584846185170153
306 0.7557906410912938
307 0.7528497564979649
308 0.7496854707771021
309 0.746351657691671
310 0.7428380291377947
311 0.7391696356239571
312 0.7353909373200259
313 0.7315286517101596
314 0.7275995121654155
315 0.7235852084396758
316 0.7194973977690819
317 0.7153338467453885
318 0.7111314821178262
319 0.706963275978012
320 0.7028512586126537
321 0.6989853798034575
322 0.6955672085308713
323 0.6928761539986181
324 0.6909762732336161
325 0.6898451473452518
326 0.6894073808101817
327 0.689323114387878
328 0.689431630993331
329 0.689718179787282
330 0.6903517925495836
331 0.6917237001240006
332 0.6943910627827191
333 0.6991258490854821
334 0.7058059159203595
335 0.7136570186775804
336 0.7214923576648999
337 0.7285327811391976
338 0.7343385009926375
339 0.7388769268311514
340 0.7422422573673862
341 0.7445390892745452
342 0.7459288839996678
343 0.746493887917403
344 0.7463247012274418
345 0.7455281210339417
346 0.7441623885465258
347 0.7422655926087826
348 0.739913303955106
349 0.7371465132316264
350 0.7340135536496497
351 0.7305519224416083
352 0.7267435682542176
353 0.722634299108823
354 0.7182604843581318
355 0.7136696990842575
356 0.7088567293440687
357 0.7038823012403469
358 0.6987597027422592
359 0.6935375547158587
360 0.6882602020248002
361 0.6830032954667019
362 0.6777667092610548
363 0.6725365482559967
364 0.6673663962771489
365 0.6622326044704478
366 0.6571316316771463
367 0.6520684557989882
368 0.6470447529938037
369 0.642148332944546
370 0.6374058628203992
371 0.6328947035049861
372 0.6288197977063423
373 0.625369691365963
374 0.622724535206707
375 0.6210662324426057
376 0.6205891000083155
377 0.6215192290158277
378 0.6240459887422717
379 0.6283364400775675
380 0.6343441384477887
381 0.6421837305892616
382 0.6516600345747325
383 0.6624876529420747
384 0.674380112571566
385 0.6868823826717775
386 0.6994889173803829
387 0.7116633673435531
388 0.7229208896462715
389 0.7329020540672431
390 0.7414205873218659
391 0.7484811191360481
392 0.7542038432270203
393 0.7586675430201067
394 0.7620119044040756
395 0.7643444365675369
396 0.7657728019512404
397 0.7663920887819013
398 0.7663016181371154
399 0.7655966748242669
400 0.7643571658111804
401 0.7626516652785748
402 0.7605474720265607
403 0.7580921868051965
404 0.7553564882114598
405 0.7523790640111604
406 0.749178737385074
407 0.7458148788586445
408 0.7422808164717011
409 0.7386074311216158
410 0.7348033875922608
411 0.7309293838046701
412 0.726986042823535
413 0.7229546774174049
414 0.7188642313785465
415 0.714686599929362
416 0.7104891914443104
417 0.7063046094227884
418 0.7022265209614289
419 0.6984431769239817
420 0.6951643823243897
421 0.6925651977840267
422 0.6907967057312737
423 0.6897863007026539
424 0.6894396374626899
425 0.6894380873168083
426 0.6895517245652806
427 0.6898638400545565
428 0.6905264260269645
429 0.6920874530728558
430 0.6950917338456829
431 0.7002211707626754
432 0.7072387764138122
433 0.7151728556410039
434 0.7229244000516913
435 0.7297446641981726
436 0.7353293844212833
437 0.7396729722298125
438 0.7428353351733518
439 0.7449454478036747
440 0.7461576831451879
441 0.7465709782259734
442 0.7462733507967552
443 0.7453520443525636
444 0.7438681817321741
445 0.7418757676994863
446 0.7394355676648653
447 0.7365925010843062
448 0.7333862575001004
449 0.7298476253485845
450 0.7259867221268816
451 0.7218330508203881
452 0.717433378037887
453 0.7128144587895242
454 0.70797954967543
455 0.7029793660322243
456 0.6978257143900076
457 0.6925788085116817
458 0.6873201101018181
459 0.6820648709112125
460 0.6768329958434591
461 0.6716220090505686
462 0.6664448567997969
463 0.661281837905307
464 0.6561621262973836
465 0.6510917174307231
466 0.6460822408376325
467 0.6411861996592558
468 0.6364700085701696
469 0.6320511358069889
470 0.6281023099819097
471 0.6248091724910758
472 0.6223687178390158
473 0.6209397238251515
474 0.6207524291151771
475 0.6219966099442058
476 0.6248770868486552
477 0.6295655840025084
478 0.6360353808948517
479 0.6442986856045908
480 0.6541189518296746
481 0.6652462821595446
482 0.6773060243657704
483 0.6898887757824349
484 0.7024569832476192
485 0.7144775183703337
486 0.7254606803489912
487 0.7350939283570317
488 0.7432721309123642
489 0.7499902335871103
490 0.755384663098976
491 0.7595553717800242
492 0.7626400625389859
493 0.764741089814069
494 0.7659646622426192
495 0.7664007255578575
496 0.7661567793633869
497 0.7653144423933886
498 0.763953596483134
499 0.7621497768119292
500 0.7599553872356135
501 0.7574317757633749
502 0.7546295378555659
503 0.7516020964857837
504 0.7483565363943067
505 0.7449388245476426
506 0.7413710665176315
507 0.7376697767593254
508 0.733849334544277
509 0.7299425704314636
510 0.7259890700212024
511 0.7219309706138753
512 0.717818573594739
513 0.7136365572015642
514 0.7094246036807087
515 0.7052743099843629
516 0.7012286778741299
517 0.6975429205498157
518 0.6943947719830169
519 0.6919670843885219
520 0.6903737598100583
521 0.6895339115020954
522 0.6892951612803729
523 0.6893249783860083
524 0.6894991018644132
525 0.6898892351206153
526 0.6907098240075994
527 0.6925280676200356
528 0.6959986895485583
529 0.7015467566977004
530 0.7088998173322353
531 0.7169250528889688
532 0.7245425054717096
533 0.7311297456543752
534 0.7364501659206154
535 0.7405043892799034
536 0.7434177966694493
537 0.7453164466874383
538 0.7463546773565412
539 0.7466027171441306
540 0.7461638989991914
541 0.7451147068853157
542 0.7435152584968207
543 0.7414150339506043
544 0.7388735988395854
545 0.7359433410318076
546 0.7326590592031674
547 0.7290454023207739
548 0.7251259827374645
549 0.7209032403210404
550 0.7164426546198812
551 0.7117561440289361
552 0.7068817885722164
553 0.7018606521594163
554 0.6966548490597683
555 0.6913992857308332
556 0.686155073459163
557 0.6808999522148605
558 0.6756664016998507
559 0.6704739448475266
560 0.6653226133752044
561 0.6601973570852012
562 0.6551097569601624
563 0.6500645115425713
564 0.6450847895413665
565 0.640241078523799
566 0.6355658432007733
567 0.6312608957380107
568 0.627471710261434
569 0.6243827917178831
570 0.6222044219798754
571 0.6210623789418517
572 0.621231028560647
573 0.6228715371058046
574 0.6261756192085164
575 0.6312587300933292
576 0.6381555628998502
577 0.6467944908505039
578 0.6568482602989767
579 0.6681950452292719
580 0.680388935196965
581 0.6929894444304358
582 0.7054895176484158
583 0.7172877185822385
584 0.7279313123592074
585 0.7371979978154004
586 0.7450093173509761
587 0.7513946976297827
588 0.7564649243579812
589 0.760358938712199
590 0.7631773416528189
591 0.765049102922846
592 0.7660660072436696
593 0.7663239148196571
594 0.7659158932063674
595 0.7649422107449834
596 0.7634698977594547
597 0.7615621802001827
598 0.7592761243330349
599 0.7566779761882995
600 0.7538119422003682
601 0.7507333898863885
602 0.7474359315815284
603 0.7439703859821726
604 0.7403728587736396
605 0.7366537091880092
606 0.7328108646277739
607 0.7288822359293109
608 0.7249012325322841
609 0.7208445232620528
610 0.7166965712951087
611 0.7124943452938939
612 0.7083033954868224
613 0.7041570218430139
614 0.7001868793036907
615 0.6966418861290113
616 0.6936948177557648
617 0.6914723315346282
618 0.6901278020122119
619 0.6894874093289932
620 0.6893262782737785
621 0.6894193497420554
622 0.6896255304913477
623 0.6901044665923273
624 0.6911284367627769
625 0.6932557097794253
626 0.6972446886841859
627 0.7032926298862106
628 0.7109212476495004
629 0.7189165742477213
630 0.7263368823427414
631 0.7326204554863038
632 0.7376283588660852
633 0.7413806758604289
634 0.744034806106303
635 0.7457238408717978
636 0.7465598848217559
637 0.7466314786839586
638 0.7460374223181881
639 0.7448373514252553
640 0.743111484666476
641 0.7409011082161683
642 0.738255052081221
643 0.7352299642757978
644 0.7318485044920635
645 0.7281558987833537
646 0.7241507408741185
647 0.7198611147439847
648 0.7153146814133297
649 0.7105666540514171
650 0.7056479662931006
651 0.7005889394990926
652 0.6953858435918792
653 0.6901047506864398
654 0.6848195571571772
655 0.6795596010884712
656 0.6743397072534791
657 0.6691571510411967
658 0.6639774326771444
659 0.6588190091123546
660 0.6537357335361621
661 0.6486977468501803
662 0.6437620888491422
663 0.6389428928029591
664 0.634327211723543
665 0.6301173274963353
666 0.6264626601387789
667 0.6235472215868354
668 0.6215859426837338
669 0.6207494219379778
670 0.6212942982713927
671 0.6233234249965703
672 0.6270704291106963
673 0.6325834310990354
674 0.6399022711452614
675 0.6489298005777936
676 0.6593474835413536
677 0.6710071510310676
678 0.6833345358763381
679 0.6959521047606361
680 0.7083373782770731
681 0.719921647229491
682 0.7302434034754701
683 0.7391625910302138
684 0.7466339220899413
685 0.7526998941019375
686 0.7574745536064812
687 0.7611050279538421
688 0.7637023430648845
689 0.7653682935027318
690 0.7662016477308988
691 0.7663066483156554
692 0.7657667719386808
693 0.7646738568956749
694 0.763094774390729
695 0.7611008980422219
696 0.7587436801181036
697 0.7560781634398059
698 0.7531571626053012
699 0.7500146197313142
700 0.7466889428660828
701 0.7432001276322819
702 0.7395663383635086
703 0.7357928023549383
704 0.7319459164892708
705 0.7280339264369753
706 0.7240200866806422
707 0.7199529803743633
708 0.7157943397705998
709 0.7115642111870043
710 0.7073982794265058
711 0.7032754391722694
712 0.6993684698970863
713 0.6959343217367647
714 0.6931525058438041
715 0.6911513601569093
716 0.6899572580638967
717 0.6894293418327296
718 0.6892940288530538
719 0.689376627281821
720 0.6896336591613927
721 0.690223334821055
722 0.6914599353770298
723 0.693933375712523
724 0.6984008743592085
725 0.7048936802134337
726 0.7126634814733317
727 0.7205861577737694
728 0.7277902233966728
729 0.7337888977380357
730 0.7385213713287521
731 0.7420248687273479
732 0.7444500016065333
733 0.745940094979185
734 0.7466007763049715
735 0.7465152185354017
736 0.7457818274897673
737 0.7444677840626125
738 0.742625699982897
739 0.7403224988708057
740 0.7375828509577212
741 0.734476271666924
742 0.7310239031559387
743 0.7272567821007444
744 0.7231764931477405
745 0.7188221572600352
746 0.7142535345864798
747 0.7094678589813975
748 0.7045021085602121
749 0.6993848888329978
750 0.6941616911159031
751 0.6888864408533125
752 0.6836346500698239
753 0.678405186525788
754 0.6731808341170029
755 0.6679922511982357
756 0.6628453477189502
757 0.6577178193399951
758 0.6526411387063169
759 0.6476125959040291
760 0.6426964269245898
761 0.6379338292581826
762 0.6334039144423973
763 0.6292689620341483
764 0.625737795318004
765 0.6229961255785786
766 0.6212432536234174
767 0.6206594845880206
768 0.6214581240434752
769 0.6238008775158372
770 0.6279130807087582
771 0.633775394602461
772 0.6414459053773488
773 0.6507708136562762
774 0.6614531484162356
775 0.6732667121806898
776 0.6857435366578386
777 0.6983639678876042
778 0.7105934903626064
779 0.7219488361836788
780 0.7320097362504567
781 0.7406587874528758
782 0.7478338355038707
783 0.7536692810344888
784 0.7582309090458097
785 0.7616668601170394
786 0.7640844347766543
787 0.7655950293908721
788 0.7662865152533133
789 0.766261869774149
790 0.7656135366724294
791 0.764427299612529
792 0.7627644159230355
793 0.7606972499676495
794 0.7582752320504207
795 0.7555725099771243
796 0.752623534503436
797 0.7494385857779271
798 0.7460794870309104
799 0.7425656406380924
800 0.7388967547133736
801 0.7351136009440352
802 0.7312441243258107
803 0.7273095460496549
804 0.7232780635210725
805 0.7191954346789888
806 0.7150375470293309
807 0.7108426920880752
808 0.7066579084638418
809 0.7025487697857302
810 0.6986979714333126
811 0.6953404487176665
812 0.6926817210380938
813 0.6908325379626337
814 0.6897797400468162
815 0.6893765116842421
816 0.6893294753916468
817 0.6894357418679641
818 0.6897493952063403
819 0.6904033953699
820 0.6918250258324237
821 0.6946145126744206
822 0.6995029089620641
823 0.7063476101663173
824 0.7142024382040594
825 0.7220006838409136
826 0.7289389835976816
827 0.734673693308136
828 0.7391512953089778
829 0.7424475295503948
830 0.7446788163116148
831 0.7460016666527739
832 0.7465162395375368
833 0.7463037922090319
834 0.7454630855226215
835 0.7440556859649442
836 0.7421239669170095
837 0.7397395380134624
838 0.7369596998913404
839 0.7338039464950166
840 0.7303178547954565
841 0.7264924495848056
842 0.7223648644369555
843 0.7179784261598576
844 0.7133877411955171
845 0.7085670005426424
846 0.7035898116547822
847 0.6984672812876239
848 0.6932372230209951
849 0.6879672731329483
850 0.6827021635508194
851 0.677483039995799
852 0.6722706829598204
853 0.6670999998297192
854 0.661956467893085
855 0.6568212710586692
856 0.6517633536817733
857 0.6467714059755388
858 0.6419012854856893
859 0.6371850721324972
860 0.6326992708285086
861 0.6286549689523552
862 0.6252464885906851
863 0.6226641530860938
864 0.6210712699037323
865 0.62068754418299
866 0.621730195661391
867 0.624358422840565
868 0.6287593739168797
869 0.6348826535403873
870 0.6428109466065908
871 0.6524045819594474
872 0.6633126328597004
873 0.6752678316450051
874 0.6877750682492397
875 0.7003555458909173
876 0.7124831222200629
877 0.723657054638183
878 0.73352691503536
879 0.7419455968104315
880 0.7489024609401311
881 0.7545159736981012
882 0.7588871429108576
883 0.7621549752359233
884 0.7644214787109901
885 0.7657909295191645
886 0.7663573611787569
887 0.7662227557240133
888 0.7654787458652418
889 0.7642045012301751
890 0.7624685771415207
891 0.7603402013286521
892 0.7578708456777921
893 0.7551146517847835
894 0.752118977760099
895 0.7489036591422522
896 0.7455133098270902
897 0.7419748285069387
898 0.7382997259938509
899 0.7344997652040078
900 0.7306099731904903
901 0.726685351729645
902 0.7226596095636627
903 0.7185350676064011
904 0.7143616831905667
905 0.7101891103153957
906 0.7059935990860404
907 0.7019238678421869
908 0.6981805042758706
909 0.6949469077073579
910 0.6924015274692175
911 0.6906946769204565
912 0.6897371297646275
913 0.6894029293982512
914 0.6893980916778228
915 0.6895270902963947
916 0.689859740650301
917 0.6905764746501638
918 0.6921802666662012
919 0.695302280024477
920 0.700531869146791
921 0.70762004430715
922 0.7156014235793157
923 0.7233463817567761
924 0.730136115555524
925 0.7356618345758461
926 0.7399403973912574
927 0.7430558381221422
928 0.7451151178902407
929 0.7462846475281963
930 0.7466479663564699
931 0.7463180920486777
932 0.7453620765086643
933 0.7438415156052988
934 0.7418166476653282
935 0.7393439594629788
936 0.7364732251364353
937 0.7332426017283701
938 0.7296818102199246
939 0.7257902673172824
940 0.7216144952298497
941 0.7171987918284504
942 0.7125582296439197
943 0.7077032215740814
944 0.7026948394693833
945 0.6975184726938628
946 0.6922529687678222
947 0.6869970790887845
948 0.6817414636979676
