"report-def-1-rfile"
"Iteration" "lift-coeff"
("Iteration" "lift-coeff")
948 0.6817414636979676
949 0.676504221626031
950 0.6713108386872408
951 0.6661331175771014
952 0.6609692916293405
953 0.6558426501717068
954 0.6507687767898936
955 0.6457626796878763
956 0.640895925194655
957 0.6361758239011447
958 0.6317614565998569
959 0.6278363080979737
960 0.6246111410658587
961 0.6222407774407149
962 0.6209102538017893
963 0.6208188088354737
964 0.622183993606938
965 0.6252091785624181
966 0.6300434992614586
967 0.6366714773865163
968 0.6450415836885401
969 0.6549646323695008
970 0.6661901395308434
971 0.6783099238541156
972 0.6909273332534959
973 0.7034788024194834
974 0.7154284289411222
975 0.7262985985715724
976 0.7358069943047221
977 0.7438660751938456
978 0.7504732481515679
979 0.7557613204364292
980 0.7598404533161257
981 0.7628431049288287
982 0.7648667359095868
983 0.7660189806031045
984 0.7663934736662322
985 0.7661014084258434
986 0.7652137766686462
987 0.7638129617249032
988 0.7619759610151287
989 0.7597508678687538
990 0.7571961531473523
991 0.7543768227592119
992 0.7513365452159579
993 0.7480732325047958
994 0.744637965137386
995 0.7410627706010344
996 0.7373483053180782
997 0.7335284538274922
998 0.7296053265356136
999 0.725655036444863
1000 0.7216093783044027
1001 0.7174828722043023
1002 0.7132845875405837
1003 0.7090873224374804
1004 0.7049147960617049
1005 0.7008861932147649
1006 0.6972668024940626
1007 0.694193420699376
1008 0.6918564679330146
1009 0.6903289547353388
1010 0.6895511816279049
1011 0.6893505806824249
1012 0.6894160761770523
1013 0.6895731825167971
1014 0.6900133391898557
1015 0.6909440005936262
1016 0.692840110687839
1017 0.6964700409305529
1018 0.7022020500170632
1019 0.7096573663766159
1020 0.7176385193789724
1021 0.725189653764223
1022 0.7316551262210869
1023 0.7368693121549656
1024 0.7408097618910344
1025 0.7436250932796665
1026 0.7454443844663905
1027 0.7464013428893397
1028 0.74658411352551
1029 0.7460892019782603
1030 0.7449839233015868
1031 0.7433366155301397
1032 0.7411996291103837
1033 0.7386243390609175
1034 0.7356620470206858
1035 0.7323386230743484
1036 0.7286999081023479
1037 0.7247497448039075
1038 0.720495650220799
1039 0.7160063435036702
1040 0.7112884168043221
1041 0.7063888785121463
1042 0.7013479928832637
1043 0.6961516156907834
1044 0.6908856673725068
1045 0.6856223283804298
1046 0.6803546498213521
1047 0.6751292241095557
1048 0.6699380607153089
1049 0.6647575102245457
1050 0.6596060792257775
1051 0.6545059223883452
1052 0.649459735814556
1053 0.6445063369004868
1054 0.6396809083578251
1055 0.6350258290317122
1056 0.6307588266102202
1057 0.6270142448953767
1058 0.624017859463265
1059 0.621914345634331
1060 0.6209100122896902
1061 0.6212108872996325
1062 0.6229826115417024
1063 0.6264635861435973
1064 0.6317401777920917
1065 0.6388447753483593
1066 0.6476291846658795
1067 0.6578487466509623
1068 0.6693222374794098
1069 0.6815691116961584
1070 0.6941684879234127
1071 0.7066221256451131
1072 0.7183478110886916
1073 0.7288749124411235
1074 0.7380043233880952
1075 0.7456708296415772
1076 0.7519172714555192
1077 0.7568729700186995
1078 0.7606653130687946
1079 0.7633941076173275
1080 0.7651830458835475
1081 0.7661262547901078
1082 0.7663231781815202
1083 0.7658638191687408
1084 0.764842064007513
1085 0.7633250091479084
1086 0.7613786351566899
1087 0.7590600780306062
1088 0.756438084012279
1089 0.7535635614829685
1090 0.7504612638995194
1091 0.7471542779736193
1092 0.7436745270418107
1093 0.7400577334907226
1094 0.7363215321560089
1095 0.7324814714210619
1096 0.7285660747868551
1097 0.7245702602776707
1098 0.7204982238941815
1099 0.7163452752515125
1100 0.7121479780695593
1101 0.7079796634911252
1102 0.7038166727993252
1103 0.6998713916417174
1104 0.6963662526446556
1105 0.6934948903651451
1106 0.691369974226497
1107 0.6900579729338031
1108 0.689444421829089
1109 0.6892918652202638
1110 0.6893927303596141
1111 0.6896311425507058
1112 0.690133108793656
1113 0.6912148912833235
1114 0.6934857579459383
1115 0.697643943610217
1116 0.7038572243166029
1117 0.7115544752888674
1118 0.7195159489461959
1119 0.7268678909796471
1120 0.7330378744413492
1121 0.737946943909136
1122 0.7416171023546807
1123 0.7441902637024389
1124 0.7458126554384595
1125 0.7465822914032778
1126 0.7465976318018642
1127 0.7459616654596476
1128 0.7447222848971351
1129 0.7429497653513146
1130 0.7407021230367523
1131 0.7380116248286087
1132 0.7349520099883907
1133 0.7315433818352757
1134 0.7278098259847328
1135 0.7237695133465712
1136 0.7194624377743171
1137 0.7149145072172197
1138 0.7101432561986166
1139 0.7052103495827713
1140 0.7001194117319381
1141 0.6949159810660976
1142 0.689637893379457
1143 0.6843480514255808
1144 0.6791079544443969
1145 0.6738920713255272
1146 0.6686951336558
1147 0.6635207922826885
1148 0.6583762558794161
1149 0.65329082015618
1150 0.648249141766196
1151 0.6433111940576645
1152 0.6384992360152907
1153 0.633910747468566
1154 0.6297255506993649
1155 0.6261209613121217
1156 0.623288143445212
1157 0.6213908506023821
1158 0.6206515089331757
1159 0.6213006722510103
1160 0.6234434803196346
1161 0.6273513344922901
1162 0.6330315600940623
1163 0.6404989165807653
1164 0.6496498773015354
1165 0.6601951883082811
1166 0.6719127598674354
1167 0.6842797935916244
1168 0.6969077365776107
1169 0.7092297305738151
1170 0.7207345522342299
1171 0.730962172099774
1172 0.7397854223037765
1173 0.7471504125991383
1174 0.7531151190807687
1175 0.7578062854963624
1176 0.7613638460551954
1177 0.7638903640711647
1178 0.76549522322835
1179 0.7662702602092388
1180 0.7663222778311706
1181 0.765740728772436
1182 0.7646059536714314
1183 0.7629932419783795
1184 0.7609679554660386
1185 0.7585824515134912
1186 0.7559044390537233
1187 0.7529755248108946
1188 0.7498225647053373
1189 0.7464920001856478
1190 0.7429936416034615
1191 0.739339151491326
1192 0.7355570532615866
1193 0.731708667561194
1194 0.7277849191300491
1195 0.7237584477909748
1196 0.7196809522882995
1197 0.7155211047605965
1198 0.711300074399421
1199 0.7071335055128997
1200 0.7029979181668465
1201 0.6990994809669194
1202 0.6956718139353264
1203 0.692933427139794
1204 0.6909928282692477
1205 0.6898427342860852
1206 0.6893523237580639
1207 0.6892265938438265
1208 0.6893175481232857
1209 0.6895869718508097
1210 0.6902137444314986
1211 0.6915341289027938
1212 0.6941132887276815
1213 0.6987335594129428
1214 0.705322117918683
1215 0.7131188418427272
1216 0.7210157129646071
1217 0.728138169394778
1218 0.7340303877173477
1219 0.7386716518353854
1220 0.7421063038427561
1221 0.7444748220097777
1222 0.7459184134645993
1223 0.7465270001093977
1224 0.7464082856134227
1225 0.7456559918916139
1226 0.7443236872690663
1227 0.7424608180640637
1228 0.7401376462274282
1229 0.7373845460632008
1230 0.7342692184606028
1231 0.7308052987267281
1232 0.7270265534580208
1233 0.722945276187267
1234 0.7185817843273034
1235 0.7140020633448355
1236 0.7092041219668483
1237 0.7042376477857978
1238 0.6991226656305641
1239 0.6938938601723235
1240 0.6886148701262059
1241 0.6833594397033573
1242 0.6781261773632905
1243 0.6729077853351874
1244 0.6677349600101442
1245 0.6626077564004779
1246 0.6574948160174808
1247 0.6524339750233016
1248 0.6474209387008668
1249 0.642538216836807
1250 0.6377915637298728
1251 0.6332744465813809
1252 0.6291534807126471
1253 0.6256402092379306
1254 0.6229290968123726
1255 0.6212023200691402
1256 0.6206411814912246
1257 0.6214622739215716
1258 0.6238338044606428
1259 0.6279881727967218
1260 0.6338797147134663
1261 0.6415874983992411
1262 0.6509289204673756
1263 0.6616527382848669
1264 0.6734816327538067
1265 0.6859365497285096
1266 0.6985485029648616
1267 0.7107769289251922
1268 0.7221107427051656
1269 0.7321590602882432
1270 0.7407955276423834
1271 0.7479528076808856
1272 0.7537707488236665
1273 0.7583177040863189
1274 0.7617406561355605
1275 0.7641447382451695
1276 0.7656375696405591
1277 0.7663166108566992
1278 0.7662812636196688
1279 0.7656202093443104
1280 0.7644208376957288
1281 0.7627520204065245
1282 0.7606754057083681
1283 0.7582454829287194
1284 0.7555346311031198
1285 0.7525803168865295
1286 0.7493922421195174
1287 0.7460314000766474
1288 0.7425251041904433
1289 0.7388548284813308
1290 0.7350657239219694
1291 0.7311960224607992
1292 0.7272501003599747
1293 0.7232131502451719
1294 0.7191386497904581
1295 0.7149941393348416
1296 0.7107930036649729
1297 0.7065956910213232
1298 0.7024904143244171
1299 0.6986479415028877
1300 0.6953105215788589
1301 0.6926754857945878
1302 0.690850683709075
1303 0.689787091987232
1304 0.6893822784989138
1305 0.6893422959133911
1306 0.6894580836295362
1307 0.6897642217271551
1308 0.6904162963555793
1309 0.6918419167012687
1310 0.6946601044559098
1311 0.6995936807939453
1312 0.7064699016958212
1313 0.7143352914895305
1314 0.7221439555760411
1315 0.7290412294718162
1316 0.7347435898626787
1317 0.7391984163827948
1318 0.7424749830723358
1319 0.7446843485511756
1320 0.7459934249224538
1321 0.7464952779834032
1322 0.7462720531041408
1323 0.7454272987334744
1324 0.7440156566642765
1325 0.7420790018674281
1326 0.7396922143234319
1327 0.7369035590190143
1328 0.7337435508774339
1329 0.7302553229176569
1330 0.7264233330452821
1331 0.7222900555423643
1332 0.7179031586473631
1333 0.7133027005949965
1334 0.708480672337099
1335 0.7035045893636811
1336 0.6983788276337516
1337 0.6931466015941727
1338 0.6878738319341131
1339 0.6826081289244095
1340 0.6773899404458593
1341 0.6721769861394106
1342 0.6670024555286087
1343 0.6618597352067418
1344 0.6567354332202906
1345 0.6516844246353286
1346 0.6466937059397275
1347 0.6418276751063803
1348 0.6371089576875134
1349 0.6326248610310106
1350 0.6285915809268677
1351 0.6251825001686938
1352 0.6226210737903487
1353 0.6210584574359783
1354 0.6206898793343287
1355 0.621746607893842
1356 0.6243880264671849
1357 0.6288172066055435
1358 0.634959022287104
1359 0.6429089800508675
1360 0.6525302059809014
1361 0.6634464541570666
1362 0.6753873351528853
1363 0.6878995875386246
1364 0.7004847581643427
1365 0.7126028075399249
1366 0.7237686980695277
1367 0.7336270207176107
1368 0.7420314375161847
1369 0.7489750993808124
1370 0.7545747412873031
1371 0.7589337905437493
1372 0.7621903268639394
1373 0.7644466673675715
1374 0.7658067663706503
1375 0.7663645177639863
1376 0.7662246532378119
1377 0.7654740218892607
1378 0.7641929175125637
1379 0.7624538502483656
1380 0.7603218990727749
1381 0.7578491735134371
1382 0.7550820161649824
1383 0.7520809819670955
1384 0.7488681060722572
1385 0.7454784193878174
1386 0.7419406736690871
1387 0.7382669427488584
1388 0.734459644344904
1389 0.7305681865057866
1390 0.7266279833498419
1391 0.7225972101902157
1392 0.7184707080089547
1393 0.7142952770430425
1394 0.7101144035477686
1395 0.7059213401453566
1396 0.7018501407038161
1397 0.6981072491193013
1398 0.6948927039892973
1399 0.6923581228459853
1400 0.6906586646910275
1401 0.6897243574923398
1402 0.6893960947758394
1403 0.6893956656383631
1404 0.6895257861681688
1405 0.6898594151230587
1406 0.6905725706382958
1407 0.6921857624202201
1408 0.6953191588945777
1409 0.7005617468619529
1410 0.7076681101445821
1411 0.7156423414834989
1412 0.7233936232171583
1413 0.7301783481995757
1414 0.735699164926867
1415 0.7399714896460964
1416 0.7430856759585239
1417 0.745140632837794
1418 0.7463101145505531
1419 0.7466706402271754
1420 0.7463365993233118
1421 0.7453730079683221
1422 0.7438500524049162
1423 0.7418243930410606
1424 0.739355911941135
1425 0.7364819971574728
1426 0.7332470255800204
1427 0.7296830845357427
1428 0.7257938199219776
1429 0.7216084918350794
1430 0.717184309926669
1431 0.7125410133195785
1432 0.7076856470696609
1433 0.7026738748789736
1434 0.6974952984141858
1435 0.6922268473038755
1436 0.6869679210790921
1437 0.6817045523332778
1438 0.6764596895222753
1439 0.6712600669947993
1440 0.6660815894049634
1441 0.6609202342819829
1442 0.6558003040966417
1443 0.6507405965108405
1444 0.6457316209234596
1445 0.6408401240355767
1446 0.6361180391650817
1447 0.6317068050032576
1448 0.6277897481790551
1449 0.6245578520246964
1450 0.6221759269343944
1451 0.6208318483727691
1452 0.620732744269441
1453 0.6220821788238574
1454 0.625085496039715
1455 0.6299066056926411
1456 0.6365228768050034
1457 0.6449222755289487
1458 0.6548659047761398
1459 0.6660740080520843
1460 0.6782066937622575
1461 0.6908177208263128
1462 0.703383244744534
1463 0.7153524619705502
1464 0.7262235723513438
1465 0.7357454032132155
1466 0.7438237845284108
1467 0.7504422172019324
1468 0.7557444112157907
1469 0.7598444143485888
1470 0.7628562351635326
1471 0.7648910176127265
1472 0.7660532046248336
1473 0.766437822483697
1474 0.7661503899484372
1475 0.7652670855546709
1476 0.7638719231158289
1477 0.7620379449911914
1478 0.7598224811577506
1479 0.7572709563788862
1480 0.7544465875164099
1481 0.751406434777814
1482 0.7481441657045086
1483 0.7447111160906298
1484 0.7411416464913116
1485 0.7374282749059158
1486 0.7336137939663012
1487 0.7296926975120814
1488 0.7257371038052403
1489 0.7216823746152033
1490 0.717561936322293
1491 0.7133610772056422
1492 0.7091658014146238
1493 0.7049873861400424
1494 0.7009622074811575
1495 0.6973217073147526
1496 0.6942398688327458
1497 0.6919039718685146
1498 0.6903694124253222
1499 0.6895816339912788
1500 0.6893689172900784
1501 0.6894146954177292
1502 0.6895640463883257
1503 0.6899825051102977
1504 0.6909028151966412
1505 0.692796249544526
1506 0.6963957706017597
1507 0.7021035771560209
1508 0.7095348171255599
1509 0.7175245931095032
1510 0.7250782923902666
1511 0.7315528080671286
1512 0.736784785809218
1513 0.7407439737796763
1514 0.7435780837106022
1515 0.7454129484502974
1516 0.7463848133057889
1517 0.7465776709464486
1518 0.7460927372343416
1519 0.744997176126432
1520 0.7433566034386371
1521 0.741231974194631
1522 0.7386591415499761
1523 0.7357060735408152
1524 0.7323877794113776
1525 0.7287509498509479
1526 0.7248042968454753
1527 0.7205545391049472
1528 0.7160715739760374
1529 0.7113591240087002
1530 0.7064590331313035
1531 0.7014179267528594
1532 0.6962232686596477
1533 0.6909611282113364
1534 0.6856947989550682
1535 0.6804251153202555
1536 0.6751960170534681
1537 0.6700063735024423
1538 0.6648373407138969
1539 0.6596840225940399
1540 0.654582913365975
1541 0.6495354266832229
1542 0.6445833397815276
1543 0.6397555115566668
1544 0.6351019019495806
1545 0.6308317061979257
1546 0.6270800673847987
1547 0.6240544072090369
1548 0.6219371405848095
1549 0.6209119774364844
1550 0.6211954879783758
1551 0.6229565871751976
1552 0.6263921708440117
1553 0.6316376979067629
1554 0.6387089129669831
1555 0.6474686847310089
1556 0.6576710234969966
1557 0.6691289684557327
1558 0.6813892659802513
1559 0.6939923109151114
1560 0.7064393168173024
1561 0.7181727850272721
1562 0.7287141371937775
1563 0.7378597302087125
1564 0.7455568151214739
1565 0.7518286323055309
1566 0.7568068943818882
