"report-def-0-rfile"
"Iteration" "drag-coeff"
("Iteration" "drag-coeff")
948 0.1351294082287646
949 0.1353173349279357
950 0.1354207829943207
951 0.1354216485232802
952 0.1353193401087122
953 0.1350937917707673
954 0.1347215033149757
955 0.134175484542139
956 0.1334496539885275
957 0.1325252323563036
958 0.1314007658770265
959 0.1300805340730673
960 0.1285784090395938
961 0.1268997274626182
962 0.1250961940439862
963 0.1232129853862656
964 0.1213299451556884
965 0.1195421063393783
966 0.1179321158897961
967 0.1166030729500687
968 0.1156185959940269
969 0.1150352534121486
970 0.1148790516285712
971 0.1151449494450877
972 0.1158043336509553
973 0.1167600398230329
974 0.1178950113004049
975 0.1190901421902647
976 0.1202332640470861
977 0.1212741043156144
978 0.1221873966615
979 0.1229803090756663
980 0.1236619954477835
981 0.1242504652256887
982 0.1247585175693152
983 0.1252011572023722
984 0.1255934611239755
985 0.1259482452686141
986 0.126280176508638
987 0.1266010952819724
988 0.1269213809877569
989 0.1272535089373621
990 0.1276062851787271
991 0.1279870877267734
992 0.1284048278167527
993 0.1288521431665636
994 0.1293396336532693
995 0.1298735157218128
996 0.1304335406082243
997 0.131016802130823
998 0.1316030927856782
999 0.1322000498762545
1000 0.1327557986472455
1001 0.1332566342284927
1002 0.1336582231124016
1003 0.1339507027211385
1004 0.1341065656680736
1005 0.1341029519985968
1006 0.133926497356311
1007 0.1335283283888772
1008 0.132922697904456
1009 0.1321312279219756
1010 0.1311648105265471
1011 0.130010111443697
1012 0.1286447949010563
1013 0.127032732564865
1014 0.1252232028586799
1015 0.1233020861289537
1016 0.1215237549636078
1017 0.1202583007014148
1018 0.1197708181060839
1019 0.1200593857522711
1020 0.120839977398816
1021 0.1218513806934571
1022 0.1228712057601632
1023 0.1238071126275523
1024 0.1246305552478188
1025 0.1253515593216942
1026 0.125992987954468
1027 0.1265754709371003
1028 0.1271175132134484
1029 0.1276297342510129
1030 0.1281247732366417
1031 0.1286076401805599
1032 0.129087485495523
1033 0.1295688855144425
1034 0.1300563256591395
1035 0.1305474250924449
1036 0.1310499255951019
1037 0.1315549778701564
1038 0.1320492585262643
1039 0.1325461770798701
1040 0.1330280247086094
1041 0.1334835395263876
1042 0.133910486902508
1043 0.1342958328884757
1044 0.1346382260984505
1045 0.1349322268742421
1046 0.1351707486140628
1047 0.1353308017804449
1048 0.1354031020304754
1049 0.1353740722684666
1050 0.1352412992268192
1051 0.1349792482164922
1052 0.1345620256798997
1053 0.1339694992213436
1054 0.1331914080398321
1055 0.1322142198440059
1056 0.131044248736019
1057 0.1296770115213317
1058 0.1281317257948607
1059 0.1264213780491389
1060 0.1245958187170444
1061 0.1227190988542577
1062 0.1208574260895129
1063 0.1191116765973219
1064 0.1175672798819511
1065 0.1163244280224621
1066 0.1154462211969093
1067 0.114967862213658
1068 0.1149204626376558
1069 0.1152846227374829
1070 0.1160228936773377
1071 0.1170390084169011
1072 0.1182044660335096
1073 0.1193904858286442
1074 0.1205141157934387
1075 0.1215239970191926
1076 0.1224056794653806
1077 0.123164682517097
1078 0.1238214975248833
1079 0.1243866421894393
1080 0.1248760714157453
1081 0.1253047906859384
1082 0.1256859882718552
1083 0.1260336914435385
1084 0.126361956365173
1085 0.1266828933163239
1086 0.1270049873366138
1087 0.1273414967581002
1088 0.1277022259425313
1089 0.1280925350621227
1090 0.1285160540014167
1091 0.1289730631180822
1092 0.1294732640380377
1093 0.130015960910729
1094 0.1305841032958856
1095 0.1311746461387084
1096 0.1317699730987404
1097 0.1323536682066108
1098 0.1328950660323442
1099 0.1333716857901562
1100 0.133750928731347
1101 0.1340114800092197
1102 0.1341235087036104
1103 0.1340842539903109
1104 0.1338550507102553
1105 0.1334068110150914
1106 0.1327530464624871
1107 0.1319114435040223
1108 0.130895891001327
1109 0.1296901669451181
1110 0.1282627924265858
1111 0.1266014887675493
1112 0.1247442939270305
1113 0.1228295840585771
1114 0.1211455677231744
1115 0.1200581783016536
1116 0.1197677202288537
1117 0.120207760445067
1118 0.1210629617138684
1119 0.1220916604478808
1120 0.1230957516693604
1121 0.124006992133415
1122 0.1248076404633616
1123 0.1255072438969381
1124 0.1261368108246554
1125 0.1267111633402166
1126 0.1272448099948598
1127 0.1277520088003392
1128 0.1282447910457905
1129 0.1287267533907096
1130 0.1292064885392483
1131 0.1296859516511063
1132 0.130174660619138
1133 0.1306709317279212
1134 0.1311721683865592
1135 0.1316751449423173
1136 0.1321732729482735
1137 0.1326667718920803
1138 0.1331417808317488
1139 0.1335930115612531
1140 0.1340056358193611
1141 0.134383864887643
1142 0.1347168527340726
1143 0.1349933535516547
1144 0.1352219038086227
1145 0.135364532392298
1146 0.1354116300289401
1147 0.1353611678030986
1148 0.1351985313308573
1149 0.1349054903019911
1150 0.1344518751497051
1151 0.1338186925113006
1152 0.1329939490149558
1153 0.131973602592255
1154 0.1307575155842303
1155 0.1293466278130038
1156 0.1277575355760633
1157 0.1260191853336802
1158 0.1241746930505944
1159 0.1222958334944456
1160 0.120453832924791
1161 0.1187422751461287
1162 0.1172588425849109
1163 0.1160839558137373
1164 0.1153000386844355
1165 0.1149199010942676
1166 0.1149683845883507
1167 0.1154175904662037
1168 0.1162245447437653
1169 0.1172791551999587
1170 0.1184613250426419
1171 0.1196352483509866
1172 0.1207401221214481
1173 0.1217207689762932
1174 0.1225752935253109
1175 0.1233122205584215
1176 0.1239473650999206
1177 0.1244960489794694
1178 0.1249721003476805
1179 0.1253891998191179
1180 0.1257619718785268
1181 0.126104515323354
1182 0.1264294510519854
1183 0.1267502489866175
1184 0.127074925621264
1185 0.1274162326332247
1186 0.127783090007932
1187 0.1281806785334606
1188 0.1286132622966591
1189 0.1290804009910514
1190 0.1295899820666586
1191 0.1301350787378567
1192 0.130706916141068
1193 0.1313031393946427
1194 0.1319022640118283
1195 0.1324764816436538
1196 0.1330089968416254
1197 0.1334666406978582
1198 0.1338207304469181
1199 0.1340557908096301
1200 0.1341371260002829
1201 0.1340558789352505
1202 0.1337806076881898
1203 0.1332889833008891
1204 0.1326022344863534
1205 0.1317264560437479
1206 0.1306721030760166
1207 0.1294150159192227
1208 0.1279328388585163
1209 0.1262349828095474
1210 0.1243596479640046
1211 0.1224709709324544
1212 0.120874053652922
1213 0.1199420791059532
1214 0.1198164670233492
1215 0.1203605084689169
1216 0.121268674826857
1217 0.1223033851883534
1218 0.1232845644651453
1219 0.1241712282806197
1220 0.1249463428490326
1221 0.1256257124808955
1222 0.1262396820814765
1223 0.1267999202384337
1224 0.1273270312346854
1225 0.1278303316169995
1226 0.1283200861544573
1227 0.1287969284825616
1228 0.129275273087211
1229 0.1297557782095958
1230 0.1302425953738851
1231 0.1307387344303699
1232 0.1312381493115949
1233 0.131740265279908
1234 0.1322320901315536
1235 0.1327220002303834
1236 0.1331904905868382
1237 0.1336280169543719
1238 0.1340303318175566
1239 0.1343928540557129
1240 0.1347188906992224
1241 0.1349928453709624
1242 0.1352027477082256
1243 0.1353311200073354
1244 0.135368222228691
1245 0.1353083482706059
1246 0.1351317974913143
1247 0.1348221806640189
1248 0.1343468239754939
1249 0.1336922648405298
1250 0.1328444451982043
1251 0.1317980109316192
1252 0.1305562793334395
1253 0.1291218323188657
1254 0.127515210941167
1255 0.1257640174811919
1256 0.1239121660111216
1257 0.1220370301140106
1258 0.1202013881232043
1259 0.1185161802284009
1260 0.1170653518895301
1261 0.1159444644679853
1262 0.1152139399805411
1263 0.1148896764412435
1264 0.1149959022337892
1265 0.1155032443901018
1266 0.1163502977433634
1267 0.1174253159266186
1268 0.118604690272149
1269 0.1197731217798083
1270 0.1208676004814675
1271 0.1218319788108117
1272 0.122675315893956
1273 0.1233989801779558
1274 0.1240225736321995
1275 0.124559873962132
1276 0.1250274054553208
1277 0.1254386103548627
1278 0.1258060651584007
1279 0.1261449598224572
1280 0.126468981295634
1281 0.1267873913287421
1282 0.1271142288708079
1283 0.1274581976087184
1284 0.127829915518033
1285 0.1282326661306248
1286 0.1286669848213195
1287 0.1291369454752361
1288 0.1296535978823878
1289 0.130203179486627
1290 0.1307795229007741
1291 0.1313749366784182
1292 0.1319735646719697
1293 0.1325465194983695
1294 0.1330755433043531
1295 0.1335250091701758
1296 0.1338630652603593
1297 0.1340732305973378
1298 0.1341329756029809
1299 0.1340235718700062
1300 0.1337115057268833
1301 0.1331945845843527
1302 0.1324836860871893
1303 0.1315848137346496
1304 0.1305044367766063
1305 0.1292269256607281
1306 0.1277096397340965
1307 0.1259804380990786
1308 0.1240890532494681
1309 0.1222169770956172
1310 0.120693796372474
1311 0.1198784645790745
1312 0.1198752136403583
1313 0.1204887368376927
1314 0.1214291904933344
1315 0.1224521548041598
1316 0.1234244944229673
1317 0.1242906229556544
1318 0.125050242154277
1319 0.1257176286148119
1320 0.1263197692900095
1321 0.1268741949068393
1322 0.1273957485141566
1323 0.1278962210092263
1324 0.1283839048547334
1325 0.1288627675456619
1326 0.1293406340927563
1327 0.1298236036710447
1328 0.13031129399198
1329 0.1308145771782127
1330 0.1313129494166371
1331 0.1318103775247024
1332 0.132304342967459
1333 0.1327965410177436
1334 0.1332626562694882
1335 0.1336995945567307
1336 0.1340966993061927
1337 0.134456958814399
1338 0.1347716905252066
1339 0.1350321750751273
1340 0.1352358403108342
1341 0.1353529245337836
1342 0.1353745216023938
1343 0.1352943940443944
1344 0.1350950675840795
1345 0.1347612286122506
1346 0.134262170618557
1347 0.1335827241052057
1348 0.1327054323809395
1349 0.1316273977815004
1350 0.1303567024377921
1351 0.1288960912412779
1352 0.1272659361548091
1353 0.1254928014625161
1354 0.1236290796777247
1355 0.1217543805482308
1356 0.1199364414212009
1357 0.1182801376032518
1358 0.1168709116456301
1359 0.1158055765484904
1360 0.1151381375145785
1361 0.1148831958881002
1362 0.1150489288535493
1363 0.1156164616352638
1364 0.1165067573299541
1365 0.1176056504887524
1366 0.1187908925724361
1367 0.1199561712310875
1368 0.1210275520348028
1369 0.1219720295252109
1370 0.1227944667984315
1371 0.1235023879184126
1372 0.1241125148549786
1373 0.1246388148295321
1374 0.1250974198871068
1375 0.1255005164997513
1376 0.1258628950854879
1377 0.1261992697315777
1378 0.1265215955174859
1379 0.1268399204761478
1380 0.1271685829872773
1381 0.1275169500091808
1382 0.1278901430153659
1383 0.1282950123411766
1384 0.1287367150446019
1385 0.1292156989124628
1386 0.1297406524110656
1387 0.1302957317935641
1388 0.1308755076335612
1389 0.1314672145601414
1390 0.1320674025609281
1391 0.1326338407091399
1392 0.133152187752343
1393 0.1335840429374857
1394 0.1339090539981699
1395 0.134097619374461
1396 0.1341400714258271
1397 0.1340135509631879
1398 0.1336772780201732
1399 0.1331256758878016
1400 0.1323871679446499
1401 0.1314583354488962
1402 0.1303414799418933
1403 0.1290286529244487
1404 0.127474526722977
1405 0.125709203747104
1406 0.1237979064484242
1407 0.1219454871292589
1408 0.1205077007951509
1409 0.1198122491364331
1410 0.1199190402920743
1411 0.1206082851617965
1412 0.1215836498368184
1413 0.1226175170568484
1414 0.1235798988612157
1415 0.1244314226207376
1416 0.1251816324799839
1417 0.1258414757679139
1418 0.1264398234025642
1419 0.1269886463008631
1420 0.1275062252656221
1421 0.1280024646288994
1422 0.1284866649568375
1423 0.1289672566985191
1424 0.1294471245399511
1425 0.1299338199924057
1426 0.1304226396849213
1427 0.1309247347364019
1428 0.1314298109931065
1429 0.1319282220672531
1430 0.132429116944114
1431 0.1329202583461897
1432 0.1333830592169444
1433 0.1338177603830276
1434 0.1342099401768087
1435 0.1345641997098673
1436 0.1348731481649388
1437 0.1351271058459299
1438 0.1353138616164663
1439 0.1354167421345308
1440 0.1354188804716248
1441 0.135317210454054
1442 0.1350931744323275
1443 0.1347214646719376
1444 0.1341744291617692
1445 0.1334440557226053
1446 0.1325215484980113
1447 0.1314001996675778
1448 0.1300841635431834
1449 0.1285824647435793
1450 0.1269034722981363
1451 0.125097821491302
1452 0.123215799065868
1453 0.1213316624195304
1454 0.1195406284696786
1455 0.1179273529098532
1456 0.1165942430193303
1457 0.1156078717178829
1458 0.1150318545851743
1459 0.114873041302705
1460 0.1151381528423593
1461 0.1157940943839337
1462 0.1167477493696409
1463 0.1178852189736439
1464 0.1190780984029508
1465 0.1202207693549156
1466 0.1212648083447566
1467 0.1221796465186336
1468 0.1229733854252632
1469 0.1236573292384249
1470 0.1242467285204939
1471 0.1247549315604845
1472 0.125198935693755
1473 0.1255910981622011
1474 0.1259459475071429
1475 0.1262777364722845
1476 0.1265995052506482
1477 0.1269198868763088
1478 0.1272526795009758
1479 0.1276053421118687
1480 0.1279848562254778
1481 0.1284004954081448
1482 0.1288484644170637
1483 0.129336356885111
1484 0.1298717641743781
1485 0.1304316888384361
1486 0.1310149724850406
1487 0.1316023717488856
1488 0.1321981421114242
1489 0.1327535390785138
1490 0.1332572556339808
1491 0.1336587414155422
1492 0.1339539916514668
1493 0.1341098872184786
1494 0.1341093749183451
1495 0.1339374941781413
1496 0.133543243978604
1497 0.1329383273346808
1498 0.1321465950700249
1499 0.131180898158729
1500 0.1300266495794529
1501 0.1286619878890736
1502 0.1270532433195957
1503 0.1252443672589354
1504 0.1233240691696208
1505 0.1215421657768107
1506 0.1202678946448541
1507 0.1197713633863848
1508 0.1200479580238014
1509 0.1208291286993123
1510 0.1218352451516287
1511 0.1228546429916815
1512 0.1237926143830815
1513 0.12461794662114
1514 0.1253400635176563
1515 0.1259819715698581
1516 0.1265652826047466
1517 0.1271078086009209
1518 0.1276208280163639
1519 0.128116093043953
1520 0.1285986703337742
1521 0.1290825544402002
1522 0.129561860465145
1523 0.1300483850780419
1524 0.1305397180020403
1525 0.1310429108153766
1526 0.1315484063397079
1527 0.1320428646488863
1528 0.1325392333096414
1529 0.1330214192942432
1530 0.1334759212933698
1531 0.1339021900634246
1532 0.1342871369641278
1533 0.1346322804225418
1534 0.1349242906893306
1535 0.1351627628613205
1536 0.1353246066412128
1537 0.1353993433612726
1538 0.1353732611767107
1539 0.1352413513762625
1540 0.1349811975225634
1541 0.1345667904292649
1542 0.1339783805331217
1543 0.133204274286457
1544 0.1322300107289579
1545 0.1310630258141504
1546 0.1296984724053496
1547 0.1281537480499025
1548 0.1264481012522919
1549 0.1246262465393784
1550 0.1227498504448642
1551 0.1208902177394139
1552 0.1191412015610632
1553 0.1175929583384193
1554 0.1163444842194063
1555 0.1154578062654715
1556 0.1149703770146008
1557 0.1149179437514588
1558 0.1152803761471054
1559 0.1160130980316864
1560 0.1170228889173634
1561 0.118187090093844
1562 0.1193715907006408
1563 0.1204952250847066
1564 0.1215081051855792
1565 0.1223921071999465
1566 0.1231533788948058
