"cd-cl-cp-log"
"Iteration" "cd etc.."
("Iteration" "cd" "cl" "cp(t1)" "cp(t2)" "cp(t3)" "cp(t4)" "cp(t5)" "cp(t6)" "cp(t7)" "cp(t8)")
1 0.1880171045786124 -0.01397928446431524 0.1636997014284134 -0.1759300082921982 -0.2473866939544678 -0.1360955685377121 -0.414870947599411 -0.2561067640781403 -0.1047952622175217 -0.02299245819449425
2 0.1616632075849508 -0.01622509448497073 0.2251756936311722 -0.297397643327713 -0.3899192810058594 -0.2113549560308456 -0.6463888883590698 -0.3923811316490173 -0.1655853986740112 -0.04091129451990128
3 0.1231040256796744 -0.02135120338892497 0.2432355433702469 -0.3774171471595764 -0.4679186046123505 -0.2489554435014725 -0.7813925743103027 -0.4666138589382172 -0.202647402882576 -0.05475613847374916
4 0.09899666112579596 -0.02646041843199645 0.2401545643806458 -0.4284666478633881 -0.5088014602661133 -0.2653245031833649 -0.8551687002182007 -0.5066553950309753 -0.2257080972194672 -0.06541381031274796
5 0.08487083597057299 -0.03345007910459868 0.2355399131774902 -0.4578920602798462 -0.529457151889801 -0.2701624035835266 -0.8948501944541931 -0.5299563407897949 -0.2403417378664017 -0.07320419698953629
6 0.0759192464447208 -0.04017437742823957 0.2279326766729355 -0.4762624502182007 -0.538465678691864 -0.2694154381752014 -0.9161938428878784 -0.543785572052002 -0.2500900030136108 -0.08015453070402145
7 0.07094829712878066 -0.04790941500595434 0.2237018793821335 -0.4848629534244537 -0.5402626395225525 -0.2651621699333191 -0.9260978102684021 -0.5516526103019714 -0.2568372488021851 -0.08630524575710297
8 0.06860590145625198 -0.05522941799387011 0.2219173759222031 -0.4878363907337189 -0.53891521692276 -0.2593536376953125 -0.9296903610229492 -0.5559880137443542 -0.261870950460434 -0.09198033809661865
9 0.06788345701734276 -0.06242495115741527 0.2221371084451675 -0.4873839318752289 -0.5362429022789001 -0.2530198097229004 -0.9306695461273193 -0.5582301020622253 -0.2658286094665527 -0.09719012677669525
10 0.06817055505012223 -0.06893214511044503 0.2234071791172028 -0.4853352606296539 -0.533222496509552 -0.2467574328184128 -0.9305161237716675 -0.5590128898620605 -0.2689932584762573 -0.1019361168146133
11 0.06893752291014234 -0.07491372536451277 0.225240096449852 -0.4826057255268097 -0.5302139520645142 -0.2408629506826401 -0.930139422416687 -0.5588834285736084 -0.2715854942798615 -0.106186643242836
12 0.06988960622738523 -0.08016129991671281 0.227210596203804 -0.4798235297203064 -0.5274370312690735 -0.2356224358081818 -0.9299234747886658 -0.5583794713020325 -0.2738274037837982 -0.1099341735243797
13 0.07081461647138967 -0.08454627947169192 0.2290797680616379 -0.4773154854774475 -0.525037407875061 -0.2313079088926315 -0.9299948811531067 -0.5577786564826965 -0.2756941318511963 -0.1129928082227707
14 0.07158649501165627 -0.08774993693768626 0.2306534796953201 -0.4753152430057526 -0.5231778025627136 -0.2281657606363297 -0.9302305579185486 -0.5571463704109192 -0.27706378698349 -0.1151979044079781
15 0.07214857147410926 -0.08955406594155407 0.2318596988916397 -0.4739032089710236 -0.5219631195068359 -0.2263510823249817 -0.9303820133209229 -0.5562951564788818 -0.2777683734893799 -0.116415448486805
16 0.07249526678457446 -0.089913014348874 0.2326052337884903 -0.4731398224830627 -0.52144855260849 -0.2258548885583878 -0.9303390979766846 -0.5551503300666809 -0.2777367234230042 -0.1165998801589012
17 0.07262764551945168 -0.0890887104998504 0.2329078614711761 -0.4729495048522949 -0.5215505957603455 -0.2264445573091507 -0.9300695061683655 -0.5536906123161316 -0.2769524455070496 -0.1158398240804672
18 0.07257952484279986 -0.08749734354568323 0.2328477799892426 -0.4731887876987457 -0.5220967531204224 -0.2277595102787018 -0.929607629776001 -0.5520282387733459 -0.2756103277206421 -0.1144398897886276
19 0.07240665121680888 -0.08551722419901728 0.2325298488140106 -0.4737050831317902 -0.5229119062423706 -0.2294591069221497 -0.9290565848350525 -0.5504172444343567 -0.2739459574222565 -0.1127158030867577
20 0.07216649728814707 -0.0833651542073728 0.2320185154676437 -0.4744033217430115 -0.5238779187202454 -0.2313105463981628 -0.9284543395042419 -0.5489961504936218 -0.2722078263759613 -0.1109293848276138
21 0.07193172950420668 -0.08120384134235832 0.2314198315143585 -0.4751587808132172 -0.5248684883117676 -0.2331355065107346 -0.9277756214141846 -0.5478389263153076 -0.2706713378429413 -0.1092683598399162
22 0.07174130302207865 -0.07912023646583279 0.2307815253734589 -0.4759237170219421 -0.5258342027664185 -0.2348480820655823 -0.9270804524421692 -0.5470245480537415 -0.26948282122612 -0.1078475788235664
23 0.0715798818687219 -0.07717501043558846 0.2301352024078369 -0.4766680300235748 -0.5267375111579895 -0.2363889813423157 -0.9264804124832153 -0.5465567111968994 -0.2686271071434021 -0.1066764071583748
24 0.07145215350990333 -0.07543614942594623 0.2295127362012863 -0.47735396027565 -0.5275436639785767 -0.2377263754606247 -0.9259932041168213 -0.5463354587554932 -0.26803919672966 -0.1057155355811119
25 0.07141384558460599 -0.07393466792361265 0.2289646565914154 -0.4779431521892548 -0.5282326340675354 -0.2388426065444946 -0.9255154728889465 -0.5462151765823364 -0.26762655377388 -0.1049160584807396
26 0.07147383330187675 -0.07266896385269769 0.2284879833459854 -0.4784466326236725 -0.5288094282150269 -0.2397551536560059 -0.9250518083572388 -0.5461928844451904 -0.2673684060573578 -0.1042628064751625
27 0.07159786192731256 -0.07163714518153866 0.2280815839767456 -0.4788672626018524 -0.5292807817459106 -0.2404830753803253 -0.9246564507484436 -0.5462790131568909 -0.2672369778156281 -0.103725403547287
28 0.07173749008903009 -0.07083063750194722 0.2277351766824722 -0.4792178571224213 -0.5296673178672791 -0.2410492300987244 -0.9244235754013062 -0.5465415120124817 -0.2672403752803802 -0.1032666116952896
29 0.07184082450283616 -0.07022327577686865 0.2274344116449356 -0.4795153439044952 -0.5299744606018066 -0.2414675652980804 -0.92435222864151 -0.5468879342079163 -0.2672950327396393 -0.1028537154197693
30 0.07188128000030242 -0.06979901638890636 0.227181077003479 -0.4797526895999908 -0.5301984548568726 -0.2417517006397247 -0.9244324564933777 -0.5472108721733093 -0.2673413753509521 -0.1024944558739662
31 0.07185257518167903 -0.06953591616356999 0.2269808202981949 -0.4799258410930634 -0.5303544998168945 -0.2419260144233704 -0.9246411323547363 -0.547438383102417 -0.2673353552818298 -0.1022042110562325
32 0.07176409380118132 -0.06938864362475759 0.2268332690000534 -0.4800464808940887 -0.5304517149925232 -0.2420139312744141 -0.9249311089515686 -0.5475227236747742 -0.2672054469585419 -0.1019688919186592
33 0.07164529256005622 -0.06932432831083123 0.226728692650795 -0.4801215529441833 -0.5304946899414062 -0.2420338988304138 -0.9252145290374756 -0.5474604368209839 -0.2669462561607361 -0.1018011048436165
34 0.07153460079152499 -0.06931559932687646 0.2266755551099777 -0.4801436364650726 -0.5304939746856689 -0.2420042753219604 -0.9254253506660461 -0.5473324060440063 -0.266645610332489 -0.1017062813043594
35 0.07146031233200006 -0.06935299235965091 0.226666048169136 -0.4801292419433594 -0.5304639935493469 -0.2419421821832657 -0.9255374073982239 -0.5472329258918762 -0.2664463520050049 -0.1017075926065445
36 0.07143314313751552 -0.06942511675304469 0.2266798317432404 -0.4800962209701538 -0.5304147601127625 -0.2418634295463562 -0.9255623817443848 -0.5472264289855957 -0.2664085030555725 -0.1017857640981674
37 0.07145386602337081 -0.0695199404485267 0.2267110347747803 -0.4800519645214081 -0.5303636789321899 -0.2417843490839005 -0.9255176782608032 -0.5473268032073975 -0.2665558159351349 -0.101922519505024
38 0.07151093559770633 -0.0696254925483705 0.2267410755157471 -0.4800152778625488 -0.5303191542625427 -0.2417135983705521 -0.9254235625267029 -0.5475491881370544 -0.2668674290180206 -0.1020832508802414
39 0.07158922595068574 -0.0697245540721799 0.2267588824033737 -0.4799908995628357 -0.5302841067314148 -0.241654098033905 -0.9252564311027527 -0.5478098392486572 -0.2673064172267914 -0.102255254983902
40 0.07168557317441569 -0.06981054995025926 0.2267684042453766 -0.4799736142158508 -0.5302609801292419 -0.2416059076786041 -0.9250048398971558 -0.5480767488479614 -0.2678649127483368 -0.102430559694767
41 0.07179041257584481 -0.06988913212330661 0.226761594414711 -0.4799742698669434 -0.5302487015724182 -0.2415658235549927 -0.9246892929077148 -0.5483393669128418 -0.26846843957901 -0.1025795191526413
42 0.0718905577292534 -0.06996714871960306 0.2267329394817352 -0.4799892008304596 -0.5302394032478333 -0.2415295243263245 -0.9243663549423218 -0.5486068725585938 -0.2690388560295105 -0.1026777774095535
43 0.07197612985076784 -0.07005872280417119 0.2267006933689117 -0.4800017774105072 -0.530234158039093 -0.2414925545454025 -0.9241332411766052 -0.5489012002944946 -0.2695032060146332 -0.1027144938707352
44 0.07203488954263594 -0.07016125560326107 0.2266724705696106 -0.4800128936767578 -0.5302237868309021 -0.2414457947015762 -0.9240411520004272 -0.5491614937782288 -0.269787460565567 -0.1027101203799248
45 0.0720600903267337 -0.07027188821653385 0.226651668548584 -0.4800167381763458 -0.5301995873451233 -0.2413865625858307 -0.9240584373474121 -0.5492500066757202 -0.2698903679847717 -0.1027090549468994
46 0.0720551203910362 -0.07037789559340783 0.2266519218683243 -0.4799997806549072 -0.5301644206047058 -0.2413214147090912 -0.9241718053817749 -0.5491267442703247 -0.2698369026184082 -0.1027329191565514
47 0.07202845195563502 -0.07046390590043268 0.2266740202903748 -0.479969710111618 -0.5301247835159302 -0.2412588447332382 -0.9243754148483276 -0.5488595962524414 -0.2696191370487213 -0.1027763038873672
48 0.07198843305117503 -0.07051611630705067 0.2267047315835953 -0.4799375534057617 -0.5300852656364441 -0.241209402680397 -0.9246819019317627 -0.5485876798629761 -0.2692206501960754 -0.1028152257204056
49 0.07194242466015224 -0.0705355502763827 0.226749911904335 -0.4798985421657562 -0.5300521850585938 -0.2411776781082153 -0.9250314235687256 -0.5484009981155396 -0.2687833905220032 -0.1028648838400841
50 0.07189473405754308 -0.07053868318797285 0.2268036603927612 -0.4798603355884552 -0.5300257802009583 -0.2411624491214752 -0.9253989458084106 -0.5483894348144531 -0.268491268157959 -0.1029592826962471
51 0.07184928239899002 -0.07054011650111967 0.2268623858690262 -0.479822188615799 -0.5300032496452332 -0.2411564439535141 -0.9257667064666748 -0.5485813021659851 -0.2684153318405151 -0.1030773967504501
52 0.07182065062699501 -0.07053767708785336 0.226930096745491 -0.4797798097133636 -0.5299864411354065 -0.2411549091339111 -0.9260604977607727 -0.5488541722297668 -0.2684820592403412 -0.103177011013031
53 0.07182204623235076 -0.07053148490376596 0.2269938737154007 -0.4797453880310059 -0.5299724936485291 -0.2411525994539261 -0.9261927604675293 -0.5490787029266357 -0.2686131298542023 -0.10324327647686
54 0.07185576820077434 -0.07052581092441466 0.2270375192165375 -0.4797222912311554 -0.5299574136734009 -0.2411475032567978 -0.9261336326599121 -0.5492048859596252 -0.2688104808330536 -0.1032811999320984
55 0.07191619626792824 -0.07052641858287377 0.227069690823555 -0.4797010719776154 -0.5299477577209473 -0.2411410808563232 -0.9259371757507324 -0.5492784380912781 -0.2690885663032532 -0.1032977774739265
56 0.0719843324286466 -0.07053546239026424 0.2270846515893936 -0.4796927869319916 -0.5299424529075623 -0.2411321401596069 -0.9256939291954041 -0.5493866205215454 -0.2694789171218872 -0.1033120825886726
57 0.07203788283313449 -0.07056381175131507 0.2270825356245041 -0.4796946942806244 -0.5299347639083862 -0.2411173582077026 -0.9254860281944275 -0.5495951771736145 -0.269966185092926 -0.1033306196331978
58 0.07206889216725032 -0.07061041387271894 0.2270752489566803 -0.4796940982341766 -0.5299263000488281 -0.2410970479249954 -0.9253729581832886 -0.5498654842376709 -0.270438551902771 -0.1033373326063156
59 0.07207715005758175 -0.07067143815817703 0.2270703613758087 -0.4796911776065826 -0.5299147367477417 -0.2410672307014465 -0.9253325462341309 -0.5500832796096802 -0.2707853317260742 -0.1033207476139069
60 0.07205874307095936 -0.07074000220764676 0.2270645350217819 -0.4796863794326782 -0.5298939943313599 -0.2410266995429993 -0.9253367185592651 -0.5501464605331421 -0.2709351181983948 -0.1032700911164284
61 0.07202019192115075 -0.07081288349559463 0.2270640283823013 -0.4796728193759918 -0.5298678278923035 -0.2409800738096237 -0.9253581762313843 -0.5499933958053589 -0.2708329260349274 -0.103177011013031
62 0.07197676566395643 -0.07087986938554597 0.2270700931549072 -0.4796537160873413 -0.5298351049423218 -0.2409315258264542 -0.9253800511360168 -0.5496433973312378 -0.2704507112503052 -0.1030389964580536
63 0.07193396823783994 -0.07093035972754835 0.227075606584549 -0.4796335101127625 -0.5298012495040894 -0.2408884465694427 -0.9254133701324463 -0.5492152571678162 -0.2698115706443787 -0.1028508543968201
64 0.07189635615204076 -0.07096332440316146 0.2270866185426712 -0.4796088337898254 -0.5297719240188599 -0.2408541440963745 -0.9254577159881592 -0.5488540530204773 -0.269087165594101 -0.1026433110237122
65 0.07186211445185534 -0.07098885165285054 0.2271031886339188 -0.4795871376991272 -0.5297477245330811 -0.2408288866281509 -0.9255427122116089 -0.5486716032028198 -0.2685093581676483 -0.1024862676858902
66 0.07183301718549273 -0.07100936872328897 0.2271212935447693 -0.4795669913291931 -0.5297242999076843 -0.2408115416765213 -0.9257069826126099 -0.5487580299377441 -0.2682393491268158 -0.102432906627655
67 0.07182500890090192 -0.0710282376048692 0.227155476808548 -0.4795375764369965 -0.5297084450721741 -0.2408030182123184 -0.9259252548217773 -0.5490536689758301 -0.2682808339595795 -0.1024964153766632
68 0.07184265009088753 -0.07104452066972382 0.2271987795829773 -0.4795116782188416 -0.5296999216079712 -0.2408018410205841 -0.9261314868927002 -0.549428403377533 -0.2685577571392059 -0.1026567444205284
69 0.07187801526846661 -0.07106319438160806 0.2272359579801559 -0.4794962406158447 -0.5296967029571533 -0.2408077418804169 -0.9262799620628357 -0.5497870445251465 -0.2689849138259888 -0.1028678193688393
70 0.07192616931516189 -0.0710886873572544 0.2272694855928421 -0.4794826209545135 -0.5296997427940369 -0.240819975733757 -0.9263585805892944 -0.5501298904418945 -0.269521027803421 -0.1030914783477783
71 0.07197847679978227 -0.07111968608132235 0.2272965312004089 -0.4794766008853912 -0.5297096967697144 -0.2408353835344315 -0.9263880848884583 -0.5504655838012695 -0.2700972259044647 -0.1032915785908699
72 0.07202028909754364 -0.07115569980636496 0.2273111939430237 -0.4794789552688599 -0.5297183394432068 -0.2408486008644104 -0.9264019131660461 -0.5507981777191162 -0.2706339657306671 -0.1034436002373695
73 0.07204258961683781 -0.07119626532942026 0.2273197323083878 -0.4794820845127106 -0.5297276973724365 -0.2408585846424103 -0.92642742395401 -0.5510919094085693 -0.2710451781749725 -0.1035332381725311
74 0.07204263261150172 -0.07122889861303328 0.2273213714361191 -0.4794886410236359 -0.529733419418335 -0.2408633530139923 -0.926459014415741 -0.551245391368866 -0.2712584435939789 -0.1035591140389442
75 0.07202006965704166 -0.07125277725019499 0.2273170799016953 -0.4794938564300537 -0.5297330021858215 -0.2408632785081863 -0.9264637231826782 -0.5511809587478638 -0.2712637484073639 -0.1035344004631042
76 0.07198379733253875 -0.07125682788159955 0.2273124009370804 -0.4794940054416656 -0.5297316312789917 -0.2408628016710281 -0.9264224171638489 -0.550880491733551 -0.2710280418395996 -0.1034495234489441
77 0.07194399324600063 -0.07123489389424675 0.2273033708333969 -0.4794982671737671 -0.5297300219535828 -0.240863636136055 -0.9263374209403992 -0.5504098534584045 -0.2705407738685608 -0.1032959297299385
78 0.07190927895150893 -0.07118675575957836 0.2272841781377792 -0.479506254196167 -0.5297247767448425 -0.2408656626939774 -0.9262055158615112 -0.5498625040054321 -0.2698712050914764 -0.1030941531062126
79 0.07188668777421829 -0.07112840858717347 0.2272676378488541 -0.4795074164867401 -0.5297226309776306 -0.2408684939146042 -0.9260569214820862 -0.5493836998939514 -0.2691839337348938 -0.1028826907277107
80 0.07187987182584323 -0.07106581486697086 0.227252334356308 -0.4795108139514923 -0.5297216176986694 -0.240868091583252 -0.9259105920791626 -0.5490614175796509 -0.2686867713928223 -0.1027380600571632
81 0.07188607843131542 -0.0710143434786997 0.2272338718175888 -0.479517787694931 -0.5297174453735352 -0.2408616244792938 -0.9258033633232117 -0.5489451289176941 -0.2684536278247833 -0.1026757508516312
82 0.07190992500918297 -0.0709809781580107 0.2272211164236069 -0.4795188009738922 -0.5297137498855591 -0.2408508211374283 -0.9257367253303528 -0.5489895343780518 -0.2684593200683594 -0.1026904135942459
83 0.07194603927604099 -0.07096829168514154 0.2272129207849503 -0.4795202016830444 -0.5297127366065979 -0.2408361732959747 -0.9256758689880371 -0.5491081476211548 -0.268625408411026 -0.1027501821517944
84 0.07198144711515311 -0.07097452082373407 0.2271998822689056 -0.4795273244380951 -0.5297116637229919 -0.2408195436000824 -0.9256091713905334 -0.5492414236068726 -0.2688642144203186 -0.1028185561299324
85 0.07200772850256958 -0.07100245922507542 0.2271885871887207 -0.4795322716236115 -0.5297123193740845 -0.2408023178577423 -0.9255524873733521 -0.5493838787078857 -0.2691276371479034 -0.1028711870312691
86 0.07202540880432223 -0.07104503459853388 0.2271794676780701 -0.4795374870300293 -0.529711127281189 -0.2407837957143784 -0.9255301952362061 -0.549548864364624 -0.2693663239479065 -0.1028916239738464
87 0.07203462051542231 -0.07109956940971593 0.2271731942892075 -0.4795396625995636 -0.5297060012817383 -0.2407636046409607 -0.9255527853965759 -0.549727737903595 -0.2695550918579102 -0.1028880253434181
88 0.07203895783635521 -0.07116147782295464 0.2271784693002701 -0.479531854391098 -0.5296988487243652 -0.2407417893409729 -0.925620973110199 -0.5498936176300049 -0.2696834802627563 -0.1028696745634079
89 0.07203678259896289 -0.0712234299957499 0.2271919399499893 -0.4795227646827698 -0.5296889543533325 -0.2407188564538956 -0.9257127642631531 -0.5499969720840454 -0.269747257232666 -0.1028521060943604
90 0.07202437300399146 -0.0712785512499042 0.2272042632102966 -0.4795132875442505 -0.5296734571456909 -0.2406965345144272 -0.9258096218109131 -0.5500133633613586 -0.2697480320930481 -0.1028407141566277
91 0.07200841818703567 -0.07132231194591865 0.227224200963974 -0.479495495557785 -0.5296610593795776 -0.2406791150569916 -0.9258841276168823 -0.5499266982078552 -0.2696841061115265 -0.1028356328606606
92 0.07199312659349248 -0.07134295146577754 0.2272444665431976 -0.4794816672801971 -0.5296517610549927 -0.240666463971138 -0.9259098172187805 -0.5497578978538513 -0.2695533335208893 -0.1028368324041367
93 0.07197842447899988 -0.07134524449095056 0.2272538542747498 -0.479476273059845 -0.5296432971954346 -0.240659162402153 -0.9258843660354614 -0.5495654344558716 -0.2693902850151062 -0.1028478145599365
94 0.07197489046587194 -0.07132998425217628 0.2272606492042542 -0.4794695377349854 -0.5296394824981689 -0.2406585514545441 -0.9258153438568115 -0.5493828058242798 -0.2692356109619141 -0.1028735116124153
95 0.07198938696198443 -0.07130463093551352 0.2272643744945526 -0.4794679284095764 -0.5296427607536316 -0.2406633645296097 -0.9257150888442993 -0.5492535829544067 -0.2691672742366791 -0.1029343232512474
96 0.07202007337527418 -0.07127747317270731 0.2272593826055527 -0.4794738292694092 -0.5296477079391479 -0.2406702041625977 -0.9255974888801575 -0.5492187142372131 -0.2692476212978363 -0.103037603199482
97 0.07206443846509232 -0.07125772296908325 0.2272507846355438 -0.4794823527336121 -0.5296587347984314 -0.2406794726848602 -0.9254738688468933 -0.5492858290672302 -0.2694957554340363 -0.1031754687428474
98 0.07211369841429302 -0.0712456010744759 0.2272346466779709 -0.4794988632202148 -0.5296735167503357 -0.2406895309686661 -0.9253596663475037 -0.5494494438171387 -0.2699024677276611 -0.1033341288566589
99 0.0721576930203814 -0.07124712224350357 0.2272093743085861 -0.4795208871364594 -0.5296891927719116 -0.2406977117061615 -0.925268828868866 -0.5496963858604431 -0.2704176008701324 -0.1034917905926704
100 0.07219262758340778 -0.07126058910985139 0.227184921503067 -0.479539543390274 -0.5297056436538696 -0.2407029569149017 -0.9252217411994934 -0.5500267744064331 -0.2709653079509735 -0.1036353260278702
101 0.07221421704131646 -0.07128493100656477 0.2271616756916046 -0.4795600771903992 -0.5297194719314575 -0.2407040446996689 -0.9252293109893799 -0.5504026412963867 -0.2714625298976898 -0.1037538349628448
102 0.07221788345612416 -0.07131796810024919 0.2271353602409363 -0.479579895734787 -0.5297259092330933 -0.2407021522521973 -0.9252766966819763 -0.5507658123970032 -0.2718563079833984 -0.1038487628102303
103 0.07220976244586347 -0.07135725316215373 0.2271202355623245 -0.4795872867107391 -0.5297314524650574 -0.2407016307115555 -0.9253509044647217 -0.5510620474815369 -0.2721514403820038 -0.1039345040917397
104 0.07219486155531829 -0.07139652670092887 0.2271148711442947 -0.4795916676521301 -0.5297360420227051 -0.2407055050134659 -0.9254350066184998 -0.5512771010398865 -0.2723968625068665 -0.1040276885032654
105 0.07217684708102103 -0.0714310318725386 0.2271126508712769 -0.4795961976051331 -0.5297386646270752 -0.2407186925411224 -0.9255066514015198 -0.5513958930969238 -0.2726229429244995 -0.104140967130661
106 0.07216548560781946 -0.07145262766022389 0.2271186262369156 -0.4795940220355988 -0.5297452211380005 -0.2407457232475281 -0.9255464673042297 -0.551413893699646 -0.2728336155414581 -0.1042685061693192
107 0.07216592784928574 -0.07145465503724426 0.2271307557821274 -0.4795927107334137 -0.5297588706016541 -0.2407852858304977 -0.9255272150039673 -0.5513247847557068 -0.273007869720459 -0.1043904721736908
108 0.07217231467384103 -0.07143790414536554 0.2271336615085602 -0.4796015322208405 -0.5297781229019165 -0.2408344000577927 -0.9254329204559326 -0.5511291027069092 -0.2731114029884338 -0.1044765040278435
109 0.0721792905558437 -0.07140852956718587 0.2271284461021423 -0.4796152114868164 -0.5298035740852356 -0.2408861368894577 -0.9252367615699768 -0.5508033037185669 -0.2731077969074249 -0.1044938489794731
110 0.07218380640222788 -0.0713681758708624 0.2271080762147903 -0.4796386957168579 -0.5298296809196472 -0.240931898355484 -0.9249353408813477 -0.5503385066986084 -0.272954136133194 -0.1044198423624039
111 0.07218085574248508 -0.07132298807410481 0.2270708084106445 -0.4796677231788635 -0.5298515558242798 -0.2409655451774597 -0.9245585203170776 -0.5497604012489319 -0.2726360261440277 -0.1042535603046417
112 0.07217119116282361 -0.07127804854743305 0.2270281612873077 -0.4796920418739319 -0.5298677682876587 -0.2409841269254684 -0.9241634011268616 -0.5491300225257874 -0.2721796333789825 -0.104026198387146
113 0.07215523896376745 -0.07123613607487833 0.2269857972860336 -0.4797142744064331 -0.5298752784729004 -0.2409873008728027 -0.9238276481628418 -0.5485268831253052 -0.2715969085693359 -0.1037687361240387
114 0.072133942196968 -0.07119230427860891 0.2269438505172729 -0.4797308743000031 -0.5298702716827393 -0.240978017449379 -0.9235848784446716 -0.5479691624641418 -0.270907461643219 -0.1035139262676239
115 0.07211645057311686 -0.07114141115968124 0.2269179075956345 -0.4797311425209045 -0.5298613309860229 -0.2409621030092239 -0.9234338998794556 -0.5474737882614136 -0.2701548635959625 -0.1032838970422745
116 0.0721073083782944 -0.07107794891769838 0.2269036024808884 -0.4797285199165344 -0.5298518538475037 -0.2409440577030182 -0.9233635663986206 -0.5470811128616333 -0.2694566249847412 -0.1031187325716019
117 0.07210097067103699 -0.07100963885236815 0.2268913388252258 -0.4797283411026001 -0.5298414826393127 -0.2409272342920303 -0.9233841896057129 -0.5468782186508179 -0.2689657509326935 -0.1030480340123177
118 0.07210394452317839 -0.07094916419307438 0.226891428232193 -0.479719877243042 -0.5298331379890442 -0.2409133613109589 -0.9235026240348816 -0.5469276309013367 -0.2688059210777283 -0.1030990928411484
119 0.07211839006382412 -0.07090743397485434 0.2269029021263123 -0.4797102212905884 -0.5298300385475159 -0.2409018576145172 -0.9237071871757507 -0.5472332239151001 -0.268994927406311 -0.1032547950744629
120 0.07214082666981393 -0.0708860195400951 0.2269153743982315 -0.4797053635120392 -0.5298281908035278 -0.240890845656395 -0.9239459633827209 -0.5477139949798584 -0.2694325149059296 -0.1034621596336365
121 0.0721706701380961 -0.07089069964238984 0.2269328534603119 -0.479698657989502 -0.5298298001289368 -0.2408806979656219 -0.9241852760314941 -0.5483017563819885 -0.2699977159500122 -0.1036679372191429
122 0.07220437237740676 -0.07091473562550001 0.226950079202652 -0.4796956479549408 -0.5298320055007935 -0.2408713698387146 -0.9244134426116943 -0.5489189624786377 -0.2705536186695099 -0.1038296595215797
123 0.07223572043931789 -0.07095767001213792 0.2269631326198578 -0.4796948134899139 -0.529833197593689 -0.2408635467290878 -0.9246156811714172 -0.5495022535324097 -0.2710346281528473 -0.1039448007941246
124 0.07226126219049367 -0.07101371749419279 0.2269802838563919 -0.4796885251998901 -0.5298343896865845 -0.2408572733402252 -0.9247967004776001 -0.5500138998031616 -0.2714094221591949 -0.1040078848600388
125 0.07227240293575377 -0.07107444332560943 0.226996123790741 -0.4796862006187439 -0.5298349857330322 -0.2408526688814163 -0.9249553680419922 -0.5504039525985718 -0.2716689109802246 -0.1040243729948997
126 0.0722669366276648 -0.07113204837815627 0.2270058244466782 -0.4796853065490723 -0.5298302173614502 -0.2408498376607895 -0.9250619411468506 -0.550624668598175 -0.2718170583248138 -0.1040148511528969
127 0.07225221086153617 -0.07118100799175131 0.2270184755325317 -0.479677826166153 -0.5298284888267517 -0.2408514469861984 -0.9250978827476501 -0.5506423711776733 -0.2718444466590881 -0.10397569835186
128 0.07223331191002587 -0.07121220106707307 0.2270281910896301 -0.4796746075153351 -0.5298286080360413 -0.2408556044101715 -0.9250374436378479 -0.5504381656646729 -0.2717225551605225 -0.103894054889679
129 0.0722114928219105 -0.07122560851264077 0.2270228266716003 -0.4796808660030365 -0.5298278331756592 -0.2408594489097595 -0.9248724579811096 -0.5500271320343018 -0.2714141011238098 -0.1037589535117149
130 0.07219763205384871 -0.07122004502084374 0.2270082533359528 -0.4796864986419678 -0.5298275947570801 -0.2408606112003326 -0.9245877861976624 -0.5494300127029419 -0.270940363407135 -0.103578969836235
131 0.07219645536973458 -0.07119860942344068 0.2269862145185471 -0.4796950817108154 -0.5298284888267517 -0.2408571243286133 -0.9241963028907776 -0.5487155914306641 -0.2703721225261688 -0.1033862829208374
132 0.07220088766560474 -0.07116456123405325 0.2269498556852341 -0.4797112643718719 -0.5298281311988831 -0.2408492416143417 -0.9237658381462097 -0.5479997992515564 -0.2698190808296204 -0.1032148972153664
133 0.07220862944107485 -0.07112685943376899 0.2269110977649689 -0.4797267317771912 -0.5298309922218323 -0.2408405244350433 -0.9233765006065369 -0.5474174022674561 -0.2694095075130463 -0.1031077951192856
134 0.0722156759576765 -0.07108862567191561 0.2268721759319305 -0.4797447621822357 -0.5298357605934143 -0.2408319115638733 -0.923094630241394 -0.5470741987228394 -0.2692414820194244 -0.1030897945165634
135 0.07221470939252428 -0.07105878611184964 0.2268332242965698 -0.4797650873661041 -0.5298440456390381 -0.2408270090818405 -0.9229875206947327 -0.5470378398895264 -0.2693552672863007 -0.1031670570373535
136 0.07220680727944881 -0.07103881133750316 0.2268083989620209 -0.4797780215740204 -0.5298566818237305 -0.2408265322446823 -0.9230741858482361 -0.547311544418335 -0.2697140574455261 -0.1033230870962143
137 0.07219564191776975 -0.07103266840678814 0.2267987281084061 -0.4797891974449158 -0.5298706293106079 -0.2408305555582047 -0.9233395457267761 -0.5478548407554626 -0.2702566385269165 -0.1035426929593086
138 0.07218478904955282 -0.07103749238133034 0.2267986238002777 -0.4797967672348022 -0.5298799872398376 -0.2408381402492523 -0.9237185120582581 -0.5485596656799316 -0.2708770036697388 -0.1037934124469757
139 0.07218284750133495 -0.07105129446242105 0.2268177717924118 -0.4797908067703247 -0.5298904776573181 -0.2408506572246552 -0.9241437315940857 -0.5493022203445435 -0.271456390619278 -0.104036882519722
140 0.07219071763563148 -0.07106723517019282 0.2268459349870682 -0.4797843396663666 -0.5299002528190613 -0.2408660799264908 -0.9245245456695557 -0.5499634146690369 -0.27191361784935 -0.1042334511876106
141 0.07220027248821652 -0.07108251127649345 0.2268694043159485 -0.4797820448875427 -0.5299062132835388 -0.2408836036920547 -0.9247921109199524 -0.5504294037818909 -0.2721903324127197 -0.1043463051319122
142 0.07221286919271445 -0.0710946210476584 0.2268909066915512 -0.4797751903533936 -0.5299102067947388 -0.2409033924341202 -0.9249045848846436 -0.5506675839424133 -0.2723232209682465 -0.1043754741549492
143 0.07222514790817726 -0.07110103841796382 0.2269069999456406 -0.4797710180282593 -0.5299155712127686 -0.2409258782863617 -0.924884021282196 -0.5507268309593201 -0.2723557949066162 -0.1043233424425125
144 0.07222890881518278 -0.07110357266630521 0.2269120216369629 -0.4797721803188324 -0.5299179553985596 -0.2409495860338211 -0.9247938394546509 -0.5506798028945923 -0.272350400686264 -0.1042229011654854
145 0.07222292987500514 -0.07110930890346842 0.226916566491127 -0.4797694385051727 -0.5299195647239685 -0.2409727424383163 -0.92469722032547 -0.5506027936935425 -0.2723445892333984 -0.1041028574109077
146 0.07220971870799427 -0.07111836645583554 0.2269232273101807 -0.4797651767730713 -0.5299177765846252 -0.2409935295581818 -0.9246464371681213 -0.5505544543266296 -0.2723434865474701 -0.1039799302816391
147 0.07219063423549031 -0.07113818632508931 0.2269318848848343 -0.479758083820343 -0.5299122333526611 -0.2410102337598801 -0.9246611595153809 -0.5505380034446716 -0.2723339796066284 -0.103869155049324
148 0.07217263594428122 -0.07116448557648294 0.2269491851329803 -0.4797432422637939 -0.5299059152603149 -0.2410215139389038 -0.9246999621391296 -0.5504887700080872 -0.2722689807415009 -0.1037632375955582
149 0.07215852920491046 -0.07118939770311816 0.2269659787416458 -0.4797317683696747 -0.5298978686332703 -0.241025447845459 -0.9246976375579834 -0.5503169894218445 -0.2720809280872345 -0.1036519333720207
150 0.07214929447532813 -0.07120362504032715 0.2269723564386368 -0.4797245562076569 -0.5298848152160645 -0.241022065281868 -0.9246172308921814 -0.5499761700630188 -0.2717346549034119 -0.1035260036587715
151 0.07215180615815291 -0.07120239871708321 0.2269757688045502 -0.4797132909297943 -0.5298736691474915 -0.2410129308700562 -0.9244321584701538 -0.5494543313980103 -0.2712258398532867 -0.1033912673592567
152 0.07216469444176871 -0.07117763252870112 0.226971223950386 -0.479709267616272 -0.5298647284507751 -0.2409987300634384 -0.9241605401039124 -0.5488109588623047 -0.2706153988838196 -0.1032633632421494
153 0.07217897108993945 -0.0711342822661519 0.2269510328769684 -0.4797156453132629 -0.5298559665679932 -0.2409815937280655 -0.9238454699516296 -0.5481597781181335 -0.2700330317020416 -0.1031685397028923
154 0.07219633060057161 -0.07107979952086942 0.2269239127635956 -0.4797230362892151 -0.5298519134521484 -0.2409650236368179 -0.9235492944717407 -0.5476414561271667 -0.2696116268634796 -0.1031305640935898
155 0.07221506443052859 -0.07102899942363802 0.2268964052200317 -0.4797338247299194 -0.5298538208007812 -0.2409492582082748 -0.9233542680740356 -0.5473973155021667 -0.269459992647171 -0.1031599342823029
156 0.07222495917106928 -0.07099572017493701 0.2268667370080948 -0.4797501266002655 -0.5298581719398499 -0.2409344464540482 -0.9233322143554688 -0.5475212335586548 -0.2696153223514557 -0.1032521426677704
157 0.07222546396739397 -0.07098797216477294 0.2268462479114532 -0.4797625839710236 -0.5298665165901184 -0.2409211993217468 -0.9234945178031921 -0.5479913949966431 -0.2700361609458923 -0.1033936217427254
158 0.07221921913757909 -0.07100545003379147 0.2268379479646683 -0.4797720313072205 -0.5298738479614258 -0.2409077435731888 -0.9238165020942688 -0.5487184524536133 -0.2706145346164703 -0.1035640984773636
159 0.07220586578220078 -0.07104498740666043 0.226839542388916 -0.4797766506671906 -0.5298784375190735 -0.2408943325281143 -0.9242227673530579 -0.5495388507843018 -0.2712240517139435 -0.1037420257925987
160 0.07219141118880271 -0.07109999118757264 0.2268568277359009 -0.4797700643539429 -0.5298808217048645 -0.2408800423145294 -0.9246361255645752 -0.5503237843513489 -0.2717823684215546 -0.1039074882864952
161 0.07217732038778024 -0.07116568735859011 0.2268839478492737 -0.4797609150409698 -0.5298791527748108 -0.2408639490604401 -0.9250024557113647 -0.5509965419769287 -0.2722653746604919 -0.1040524393320084
162 0.07216438460730265 -0.07123592815962432 0.2269100397825241 -0.4797501266002655 -0.5298693180084229 -0.2408460676670074 -0.92528235912323 -0.5515225529670715 -0.2726868093013763 -0.1041832491755486
163 0.07216285433626551 -0.07130860992898459 0.2269477397203445 -0.4797252714633942 -0.5298557877540588 -0.2408268749713898 -0.9254674911499023 -0.5519030690193176 -0.2730595171451569 -0.1042982786893845
164 0.07217564920051779 -0.07137255112747966 0.2269894331693649 -0.4796998500823975 -0.5298401117324829 -0.240807831287384 -0.9255586266517639 -0.5521318316459656 -0.273354560136795 -0.1043912321329117
165 0.0721914411012077 -0.07143120563546418 0.2270236611366272 -0.4796789586544037 -0.5298203825950623 -0.2407899796962738 -0.9255920052528381 -0.552226185798645 -0.2735389173030853 -0.1044463589787483
166 0.0722097758932372 -0.07148498950168082 0.2270597517490387 -0.4796520173549652 -0.5298002958297729 -0.2407768666744232 -0.9255871772766113 -0.5522053241729736 -0.2736165225505829 -0.1044580116868019
167 0.07222731060011844 -0.0715323911473621 0.2270931005477905 -0.4796284437179565 -0.5297847390174866 -0.2407703548669815 -0.9255495071411133 -0.5521036386489868 -0.2736232280731201 -0.1044307947158813
168 0.07223553680868498 -0.07156874396183563 0.2271128296852112 -0.4796156287193298 -0.5297732353210449 -0.2407727837562561 -0.9254816174507141 -0.5519384145736694 -0.2735578715801239 -0.104365348815918
169 0.07223769359155638 -0.07159105038888622 0.2271248549222946 -0.4796063601970673 -0.5297685265541077 -0.2407851666212082 -0.9253665804862976 -0.5516999959945679 -0.2734144926071167 -0.1042702943086624
170 0.07223623195381025 -0.07159183387356564 0.2271247506141663 -0.4796072542667389 -0.5297700762748718 -0.240806832909584 -0.925197422504425 -0.5513729453086853 -0.2731832265853882 -0.10414969176054
171 0.07223049489781404 -0.07157180788452842 0.2271093428134918 -0.4796168804168701 -0.5297763347625732 -0.2408347725868225 -0.9249665141105652 -0.5509465336799622 -0.2728657722473145 -0.1040174886584282
172 0.07222242716821151 -0.07152877700121768 0.2270848751068115 -0.4796300232410431 -0.5297895073890686 -0.2408659905195236 -0.9246909022331238 -0.5504438281059265 -0.2724740505218506 -0.1038796231150627
173 0.07221561891768145 -0.07146323882902834 0.2270513474941254 -0.4796516597270966 -0.5298053026199341 -0.2408944815397263 -0.9243668913841248 -0.549854576587677 -0.2720094323158264 -0.103744812309742
174 0.07221203705173368 -0.07138383423848409 0.2270038723945618 -0.4796798229217529 -0.5298177003860474 -0.2409162223339081 -0.9239996075630188 -0.5491944551467896 -0.27152419090271 -0.1036330237984657
175 0.07221537101447528 -0.07130152602808126 0.2269557267427444 -0.4797026813030243 -0.5298317670822144 -0.2409303784370422 -0.9236109256744385 -0.5485220551490784 -0.2710877358913422 -0.1035550534725189
176 0.07222111525703023 -0.07122381658212212 0.2269077599048615 -0.4797276556491852 -0.5298447608947754 -0.2409353107213974 -0.9232592582702637 -0.5479421019554138 -0.2707683742046356 -0.1035246551036835
177 0.07221664599018474 -0.07116169629466407 0.2268566191196442 -0.4797555208206177 -0.5298534035682678 -0.240932822227478 -0.9230256080627441 -0.5475708246231079 -0.2706226706504822 -0.1035492867231369
178 0.07220224351601755 -0.07112147876055558 0.2268195152282715 -0.479771614074707 -0.5298599004745483 -0.240927517414093 -0.9229850769042969 -0.547493577003479 -0.2706651389598846 -0.1036287099123001
179 0.07218281093888862 -0.07110175845592152 0.2268038094043732 -0.4797780513763428 -0.5298655033111572 -0.2409211546182632 -0.9231517314910889 -0.5477197170257568 -0.2708603739738464 -0.1037484109401703
180 0.07215807090606356 -0.07109889345166831 0.2268052995204926 -0.4797782003879547 -0.5298669338226318 -0.2409149259328842 -0.9234856963157654 -0.5481721758842468 -0.2711240947246552 -0.1038798093795776
181 0.07213342000960109 -0.07110778452707717 0.2268284261226654 -0.4797665774822235 -0.52986741065979 -0.2409101873636246 -0.9239076972007751 -0.5487222075462341 -0.2713605761528015 -0.1039900258183479
182 0.07211505712178912 -0.07111481100180986 0.2268630266189575 -0.479751855134964 -0.5298658609390259 -0.2409062534570694 -0.9243285655975342 -0.5492468476295471 -0.2715031206607819 -0.1040612012147903
183 0.0721042338972223 -0.0711212110695157 0.2269022464752197 -0.4797340035438538 -0.5298601984977722 -0.2409011125564575 -0.9247037768363953 -0.5496892929077148 -0.2715490460395813 -0.1040909513831139
184 0.07210802666665317 -0.07112828090706223 0.2269489318132401 -0.4797085225582123 -0.5298523306846619 -0.2408929467201233 -0.9249950647354126 -0.5500235557556152 -0.271551251411438 -0.104095570743084
185 0.0721271189151209 -0.07113753761254923 0.2269954085350037 -0.4796856045722961 -0.529841423034668 -0.240880012512207 -0.9251896739006042 -0.5502554774284363 -0.2715242803096771 -0.1040753647685051
186 0.07215935322716049 -0.07115300487265719 0.2270336747169495 -0.4796649217605591 -0.5298232436180115 -0.240861251950264 -0.9252921342849731 -0.5503904819488525 -0.2714721858501434 -0.1040323749184608
187 0.07220073539579415 -0.07117683129066432 0.2270694673061371 -0.4796400666236877 -0.529806911945343 -0.2408398389816284 -0.9253125190734863 -0.5504306554794312 -0.2713630199432373 -0.1039520502090454
188 0.07223824667777837 -0.07120684477437648 0.2270966768264771 -0.4796223938465118 -0.5297912955284119 -0.2408148795366287 -0.9252752661705017 -0.550398588180542 -0.2711943984031677 -0.1038314029574394
189 0.07226253097442581 -0.07124290681527572 0.227107509970665 -0.4796143770217896 -0.5297736525535583 -0.2407878339290619 -0.9251789450645447 -0.550300657749176 -0.2710233926773071 -0.1036971360445023
190 0.07227914932450817 -0.07127986029960982 0.2271088808774948 -0.4796066582202911 -0.5297583937644958 -0.2407630980014801 -0.9250181317329407 -0.5501590967178345 -0.2709252238273621 -0.1035884991288185
191 0.07229159497467981 -0.07131210027525095 0.2271014302968979 -0.4796055257320404 -0.5297499895095825 -0.2407439649105072 -0.9248194694519043 -0.5500229001045227 -0.2709376215934753 -0.1035255268216133
192 0.07229770802329866 -0.07133404111424636 0.2270791232585907 -0.4796153008937836 -0.5297459363937378 -0.2407321929931641 -0.9246062636375427 -0.5499178767204285 -0.2710637450218201 -0.1035193055868149
193 0.07230011434465344 -0.07135291851989996 0.2270519286394119 -0.4796276986598969 -0.5297497510910034 -0.2407299429178238 -0.9244007468223572 -0.5498731136322021 -0.2713181674480438 -0.1035824045538902
194 0.07230158916910542 -0.0713670011667781 0.2270195335149765 -0.4796473681926727 -0.5297602415084839 -0.2407369911670685 -0.9242256283760071 -0.5499041676521301 -0.2716830670833588 -0.1037044152617455
195 0.07230178481967443 -0.07138078279113194 0.2269821763038635 -0.4796715676784515 -0.5297753214836121 -0.2407525330781937 -0.924077033996582 -0.5499814748764038 -0.2721265554428101 -0.1038789078593254
196 0.07230479645343828 -0.07139464805806182 0.2269502282142639 -0.4796929657459259 -0.5297970771789551 -0.2407765686511993 -0.923943817615509 -0.5500872135162354 -0.2726481258869171 -0.104095958173275
197 0.07231013781214213 -0.07140698681539112 0.2269212752580643 -0.4797189831733704 -0.529823362827301 -0.2408079206943512 -0.923835277557373 -0.5502116084098816 -0.2732128202915192 -0.1043295860290527
198 0.07231355009457434 -0.07141858744159044 0.2268890887498856 -0.4797477722167969 -0.5298482775688171 -0.2408447563648224 -0.9237542748451233 -0.550342321395874 -0.2737485468387604 -0.1045389249920845
199 0.07231021895848583 -0.07142720115759021 0.2268631756305695 -0.4797704815864563 -0.5298781394958496 -0.2408869713544846 -0.9237175583839417 -0.5504422783851624 -0.2741343975067139 -0.1046688407659531
200 0.07229254402189637 -0.07142520203761239 0.2268426418304443 -0.4797928929328918 -0.5299062132835388 -0.2409275621175766 -0.9237135052680969 -0.5504331588745117 -0.2742432653903961 -0.1046843528747559
201 0.07225268184273809 -0.07140858097157909 0.226820096373558 -0.4798153340816498 -0.5299255847930908 -0.2409631609916687 -0.9237304329872131 -0.5502548813819885 -0.2740087807178497 -0.1045790463685989
202 0.07220141378508657 -0.07137085341751616 0.2268040925264359 -0.4798255562782288 -0.5299367904663086 -0.2409939616918564 -0.9237322807312012 -0.5498571991920471 -0.2734160423278809 -0.1043732389807701
203 0.072152626040847 -0.07130219951640847 0.2267977893352509 -0.4798274338245392 -0.5299423336982727 -0.2410217225551605 -0.9236921072006226 -0.5492191910743713 -0.2725058495998383 -0.1040980815887451
204 0.07211521535157116 -0.07120189183345944 0.2267937958240509 -0.4798261821269989 -0.5299407839775085 -0.241048276424408 -0.923600971698761 -0.548419713973999 -0.271390825510025 -0.1037925854325294
205 0.07209758896973557 -0.07108218947277861 0.2267983108758926 -0.4798174798488617 -0.529938817024231 -0.2410757392644882 -0.9235036373138428 -0.5476477742195129 -0.2702504992485046 -0.1035100445151329
206 0.0720989133528427 -0.07095787924565625 0.2268064022064209 -0.4798104465007782 -0.5299388766288757 -0.2411031574010849 -0.923467218875885 -0.5471046566963196 -0.2693426907062531 -0.1033093705773354
207 0.07210871443940023 -0.07085236709110636 0.22681625187397 -0.4798047542572021 -0.5299409031867981 -0.2411275953054428 -0.9235696792602539 -0.5469637513160706 -0.2688503563404083 -0.1032204031944275
208 0.07212587226241149 -0.07078034416489831 0.2268397063016891 -0.4797925651073456 -0.529945433139801 -0.2411429584026337 -0.9238278269767761 -0.5472410321235657 -0.2688058614730835 -0.1032449156045914
209 0.07214754090570868 -0.07074372834253413 0.2268694490194321 -0.4797835350036621 -0.5299496650695801 -0.241144672036171 -0.9241790175437927 -0.5478167533874512 -0.2691135108470917 -0.1033467054367065
210 0.07217151181115328 -0.07074196623606546 0.2268972247838974 -0.479775607585907 -0.5299460291862488 -0.2411302477121353 -0.9245448708534241 -0.54854816198349 -0.2696419358253479 -0.1034857407212257
211 0.07220299271600887 -0.07077034358851574 0.2269292771816254 -0.4797599613666534 -0.5299407243728638 -0.2411038130521774 -0.924859881401062 -0.5493135452270508 -0.2702696621417999 -0.1036285385489464
212 0.07223713676871787 -0.07081897635716469 0.2269569635391235 -0.4797487258911133 -0.5299330353736877 -0.2410673201084137 -0.9250991940498352 -0.5500300526618958 -0.2708656489849091 -0.1037407964468002
213 0.07226431231875771 -0.07088600666557433 0.2269724607467651 -0.4797427654266357 -0.5299179553985596 -0.2410225868225098 -0.9252436757087708 -0.5506067276000977 -0.2713404297828674 -0.1038106605410576
214 0.07228230918185935 -0.07097156413584171 0.2269830107688904 -0.4797318279743195 -0.5298982858657837 -0.2409723401069641 -0.9252955913543701 -0.5510188937187195 -0.2716882526874542 -0.1038316786289215
215 0.07229008981397061 -0.0710697508781564 0.2269899845123291 -0.4797211885452271 -0.5298779010772705 -0.240920752286911 -0.9252672791481018 -0.5512478351593018 -0.2719247937202454 -0.1038176119327545
216 0.07228895311579803 -0.07117276681708808 0.2269883155822754 -0.4797135591506958 -0.5298531055450439 -0.2408699691295624 -0.9251529574394226 -0.5513128042221069 -0.2721086740493774 -0.1037920564413071
217 0.07228457838558916 -0.07127312272621154 0.2269868403673172 -0.4797025918960571 -0.5298304557800293 -0.240825891494751 -0.924967885017395 -0.5512461066246033 -0.2722809314727783 -0.1037673577666283
218 0.07228309238083831 -0.07136078815820286 0.2269799709320068 -0.4796968698501587 -0.529811680316925 -0.2407912164926529 -0.9247334599494934 -0.5511019229888916 -0.2724683284759521 -0.1037518307566643
219 0.07228101227397313 -0.07143357676364864 0.2269660830497742 -0.4796952605247498 -0.5297964811325073 -0.2407649904489517 -0.924480676651001 -0.5509310960769653 -0.2726701200008392 -0.1037481352686882
220 0.07227717391051684 -0.0714977450529304 0.2269527912139893 -0.4796924591064453 -0.5297878384590149 -0.2407461106777191 -0.9242651462554932 -0.5508026480674744 -0.2729056477546692 -0.1037726104259491
221 0.07226971745800963 -0.07155385811523689 0.2269405126571655 -0.4796943962574005 -0.5297824740409851 -0.2407304048538208 -0.9241195917129517 -0.5507373809814453 -0.2731749713420868 -0.1038363501429558
222 0.07225502915494195 -0.071603830528115 0.2269285172224045 -0.4796960055828094 -0.5297732949256897 -0.2407156229019165 -0.924073338508606 -0.5507395267486572 -0.2734529674053192 -0.1039469391107559
223 0.07223804425660209 -0.0716456960152989 0.2269327938556671 -0.479684978723526 -0.5297660231590271 -0.240704819560051 -0.9241349697113037 -0.5507700443267822 -0.2736814022064209 -0.1040959805250168
224 0.0722220328212614 -0.07167101003827238 0.2269521802663803 -0.4796701967716217 -0.5297596454620361 -0.2407001107931137 -0.9242886304855347 -0.5507711172103882 -0.2737946212291718 -0.1042680367827415
225 0.0721993092057876 -0.07167725077308354 0.2269759774208069 -0.4796575903892517 -0.5297536253929138 -0.2407062649726868 -0.9245180487632751 -0.550701379776001 -0.2736933827400208 -0.1044146046042442
226 0.07217574389071565 -0.07165093253196646 0.2270075976848602 -0.4796410202980042 -0.5297542214393616 -0.2407288104295731 -0.9247592091560364 -0.5504820346832275 -0.2732813656330109 -0.1044883131980896
227 0.07215964854654305 -0.07158000553145034 0.2270381599664688 -0.4796303510665894 -0.5297642350196838 -0.2407670617103577 -0.9249091148376465 -0.5500379800796509 -0.2725374400615692 -0.1044580265879631
228 0.07215067029439044 -0.07146096085145959 0.2270511984825134 -0.4796343147754669 -0.5297812223434448 -0.2408184409141541 -0.9248970150947571 -0.5493873953819275 -0.2715513408184052 -0.10432019084692
229 0.07214737138480593 -0.07130704154046091 0.2270447760820389 -0.4796497523784637 -0.5298084616661072 -0.2408784478902817 -0.9247371554374695 -0.5486595630645752 -0.2705095708370209 -0.1041042804718018
230 0.07214591162144764 -0.07113785726983518 0.2270180583000183 -0.4796783626079559 -0.5298401117324829 -0.2409386485815048 -0.9245181083679199 -0.5480440855026245 -0.2696281373500824 -0.1038687229156494
231 0.07214154450486897 -0.07098627104393494 0.2269766479730606 -0.4797135293483734 -0.5298712849617004 -0.2409908026456833 -0.924355685710907 -0.5477067232131958 -0.2690655291080475 -0.1036624684929848
232 0.07213715842925818 -0.07086989494227888 0.2269410490989685 -0.479739785194397 -0.5298973321914673 -0.2410264611244202 -0.9242907762527466 -0.5476824641227722 -0.2688400745391846 -0.1035049706697464
233 0.07213113871043356 -0.07080382917448085 0.2269120216369629 -0.479763388633728 -0.5299158692359924 -0.24104243516922 -0.9243428707122803 -0.5479468703269958 -0.2689249813556671 -0.103404313325882
234 0.07212487473157742 -0.07079380289989062 0.2268929779529572 -0.4797763228416443 -0.5299181938171387 -0.2410369962453842 -0.9244987368583679 -0.5484471321105957 -0.26926589012146 -0.1033556908369064
235 0.0721262789504301 -0.07083388486621968 0.2268984615802765 -0.479766845703125 -0.529910147190094 -0.2410133481025696 -0.9247194528579712 -0.549100935459137 -0.2697705626487732 -0.103345550596714
236 0.07213986695956356 -0.07091098810481525 0.2269212603569031 -0.4797487258911133 -0.529893696308136 -0.2409754395484924 -0.9249579310417175 -0.549811840057373 -0.270357072353363 -0.1033679321408272
237 0.0721583454042576 -0.07101024107637618 0.2269518971443176 -0.4797249734401703 -0.5298653244972229 -0.2409258633852005 -0.925169050693512 -0.5504634976387024 -0.2708951830863953 -0.1033988520503044
238 0.07218181680778991 -0.07112315196033908 0.2269905209541321 -0.4796903431415558 -0.5298307538032532 -0.2408696860074997 -0.9253174662590027 -0.5509772896766663 -0.2713391184806824 -0.1034343168139458
239 0.0722040859647301 -0.07124073443083916 0.2270306348800659 -0.4796548187732697 -0.529795229434967 -0.2408113777637482 -0.9253915548324585 -0.5513132810592651 -0.2716846764087677 -0.1034653335809708
240 0.07221640721583178 -0.07135200287044054 0.2270606011152267 -0.4796257317066193 -0.5297588706016541 -0.2407567054033279 -0.9253932237625122 -0.5514625310897827 -0.2719494104385376 -0.1034948155283928
241 0.07222407931643431 -0.0714495028596039 0.2270903140306473 -0.4795942008495331 -0.5297244787216187 -0.2407098561525345 -0.9253063201904297 -0.5514262318611145 -0.2721639275550842 -0.1035290360450745
242 0.0722296804926421 -0.07152238688063282 0.2271096855401993 -0.4795727133750916 -0.5296984910964966 -0.2406790256500244 -0.9251708984375 -0.5512651205062866 -0.2723107933998108 -0.1035633385181427
243 0.07223117415528434 -0.07156884495214459 0.2271176427602768 -0.4795601069927216 -0.5296810865402222 -0.2406647205352783 -0.9250264763832092 -0.5510077476501465 -0.2723605036735535 -0.1035993620753288
244 0.07223199306457066 -0.07158988293677558 0.227122575044632 -0.4795512557029724 -0.5296759605407715 -0.2406655102968216 -0.9248916506767273 -0.5506772398948669 -0.2722916305065155 -0.1036346480250359
245 0.07223279390240064 -0.07158477189279062 0.227120503783226 -0.4795540273189545 -0.5296797752380371 -0.2406749278306961 -0.9247463345527649 -0.5502598881721497 -0.2720796167850494 -0.103659562766552
246 0.07222963426072777 -0.0715572231066436 0.2271048426628113 -0.4795667827129364 -0.5296863913536072 -0.2406877428293228 -0.9245796203613281 -0.5497661232948303 -0.2717436254024506 -0.1036695688962936
247 0.07222640098155272 -0.07151330839572745 0.2270850539207458 -0.4795790910720825 -0.5297001004219055 -0.2407019585371017 -0.9243742823600769 -0.5492238402366638 -0.2713306844234467 -0.1036676168441772
248 0.072223284788764 -0.07145298144539934 0.2270577549934387 -0.479600191116333 -0.5297181606292725 -0.2407148331403732 -0.924145519733429 -0.5486860275268555 -0.2708896398544312 -0.1036599352955818
249 0.07221534706934483 -0.071385585637846 0.227016493678093 -0.4796311855316162 -0.5297364592552185 -0.2407270669937134 -0.9239193201065063 -0.5482116341590881 -0.2705004215240479 -0.1036618798971176
250 0.07220772314394237 -0.0713179279600105 0.2269731909036636 -0.479659378528595 -0.5297566056251526 -0.2407411932945251 -0.9237512946128845 -0.5478864908218384 -0.270223468542099 -0.1036830693483353
251 0.07220123736416234 -0.07125424690694129 0.2269350737333298 -0.479686439037323 -0.5297797322273254 -0.2407579720020294 -0.923689603805542 -0.5477622747421265 -0.2700876295566559 -0.1037279143929482
252 0.07219197195377461 -0.07119974392975477 0.2269020080566406 -0.4797126054763794 -0.5298004150390625 -0.2407774180173874 -0.9237542748451233 -0.5478609204292297 -0.2700971662998199 -0.1037925332784653
253 0.07218300389447048 -0.07115838634861617 0.2268834263086319 -0.4797303080558777 -0.5298225283622742 -0.2408018559217453 -0.9239267706871033 -0.5481427907943726 -0.2702235579490662 -0.1038671582937241
254 0.07217848800313299 -0.07112833466785697 0.2268780320882797 -0.4797430038452148 -0.5298422574996948 -0.2408288717269897 -0.9241452813148499 -0.5485392808914185 -0.2704367637634277 -0.1039363145828247
255 0.07217944350766872 -0.0711111822542486 0.2268791049718857 -0.4797520637512207 -0.5298594832420349 -0.2408576756715775 -0.9243549704551697 -0.5489838719367981 -0.2707173228263855 -0.1039939820766449
256 0.07218802000231188 -0.07110241873853133 0.2268902361392975 -0.4797528982162476 -0.5298758745193481 -0.2408862262964249 -0.9245145320892334 -0.5494164228439331 -0.2710249125957489 -0.1040255203843117
257 0.07220097551774948 -0.07109901438696206 0.226904034614563 -0.4797551333904266 -0.5298895239830017 -0.2409115135669708 -0.9246036410331726 -0.5497843027114868 -0.2713192999362946 -0.1040229573845863
258 0.07221012287175141 -0.07110203463560534 0.2269089967012405 -0.4797595143318176 -0.5298953652381897 -0.2409312576055527 -0.9246397018432617 -0.5500709414482117 -0.2715441584587097 -0.1039673835039139
259 0.07221665948264773 -0.07111443278452369 0.2269181907176971 -0.4797539114952087 -0.5298976302146912 -0.2409438043832779 -0.9246411323547363 -0.5502436757087708 -0.271690160036087 -0.1038747951388359
260 0.07222091080226226 -0.07113534107889719 0.2269311100244522 -0.4797458350658417 -0.5298938155174255 -0.2409476786851883 -0.924627423286438 -0.5503302812576294 -0.2717790007591248 -0.1037676483392715
261 0.07222011356196083 -0.07116431520370944 0.2269400954246521 -0.4797378778457642 -0.529880702495575 -0.2409430593252182 -0.9246119260787964 -0.5503426790237427 -0.2718151211738586 -0.1036643534898758
262 0.07222018142619394 -0.07119539554968332 0.2269528955221176 -0.4797219932079315 -0.5298647284507751 -0.2409360557794571 -0.9246076941490173 -0.5502749085426331 -0.2717884182929993 -0.1035844013094902
263 0.07222477215002863 -0.07121838625362048 0.2269723415374756 -0.479703426361084 -0.529849648475647 -0.2409291714429855 -0.9246060252189636 -0.5501024723052979 -0.2716642916202545 -0.1035299152135849
264 0.07223105017121907 -0.07122300806404969 0.2269842177629471 -0.4796921014785767 -0.5298364162445068 -0.240924745798111 -0.9245787858963013 -0.5498135089874268 -0.2714366614818573 -0.1035032719373703
265 0.07223827186772425 -0.07120722496270758 0.2269952744245529 -0.4796808660030365 -0.5298275947570801 -0.2409221082925797 -0.9245012402534485 -0.5494033694267273 -0.2710780799388885 -0.1034837290644646
266 0.07224745838844422 -0.07117189782381891 0.2269958853721619 -0.4796793460845947 -0.5298239588737488 -0.2409209609031677 -0.9243431687355042 -0.5488991141319275 -0.2706393599510193 -0.1034679338335991
267 0.07225524345070694 -0.07112107623991096 0.226978987455368 -0.4796891808509827 -0.5298256874084473 -0.2409206628799438 -0.9240955710411072 -0.5483466982841492 -0.2701854705810547 -0.1034454703330994
268 0.07226403770029666 -0.07106193438536411 0.2269503027200699 -0.4797055125236511 -0.5298367142677307 -0.2409224510192871 -0.9238055348396301 -0.5478652119636536 -0.2698211967945099 -0.1034263595938683
269 0.07226844483638162 -0.07100979288188715 0.2269104272127151 -0.4797337055206299 -0.5298539400100708 -0.2409249395132065 -0.9235628843307495 -0.5476088523864746 -0.2696678638458252 -0.1034329384565353
270 0.07226184693352866 -0.07097815708700257 0.2268597483634949 -0.4797688126564026 -0.5298711657524109 -0.2409274131059647 -0.9234727025032043 -0.5476962924003601 -0.2697844207286835 -0.1034766957163811
271 0.0722499615585008 -0.07097537670159926 0.2268239706754684 -0.4797915518283844 -0.5298896431922913 -0.2409288436174393 -0.9235689043998718 -0.548125684261322 -0.2701594531536102 -0.1035603508353233
272 0.07223849455254477 -0.07099863993705922 0.2268078178167343 -0.4798069596290588 -0.5299052000045776 -0.2409266531467438 -0.9238236546516418 -0.5488135814666748 -0.2707019746303558 -0.1036650538444519
273 0.07222594344005284 -0.07104707119604148 0.2268023192882538 -0.4798181354999542 -0.5299134254455566 -0.2409197390079498 -0.9241591691970825 -0.5496066808700562 -0.2712882161140442 -0.1037739142775536
274 0.07221766166602364 -0.07111440340285378 0.2268136590719223 -0.4798139929771423 -0.5299142003059387 -0.2409066259860992 -0.9244876503944397 -0.5503688454627991 -0.2718416750431061 -0.1038748025894165
275 0.07221531945314706 -0.0711941374123104 0.2268369048833847 -0.4798020124435425 -0.5299091935157776 -0.2408857494592667 -0.9247429370880127 -0.5510143041610718 -0.2723519206047058 -0.1039667800068855
276 0.07221400394772097 -0.07128224490895572 0.2268617153167725 -0.4797870814800262 -0.5298947691917419 -0.240857407450676 -0.9249179363250732 -0.5515309572219849 -0.2728435695171356 -0.1040612310171127
277 0.07221826568104658 -0.07137711547877128 0.2268930524587631 -0.4797626137733459 -0.5298737287521362 -0.2408234179019928 -0.9250068664550781 -0.5519264340400696 -0.2733577787876129 -0.1041699349880219
278 0.07222934134474732 -0.07147177768189408 0.2269265949726105 -0.4797361791133881 -0.529848575592041 -0.2407896965742111 -0.925047755241394 -0.5522357821464539 -0.2738977074623108 -0.1042994186282158
279 0.07224283533733528 -0.0715608328282108 0.2269599288702011 -0.4797081351280212 -0.5298214554786682 -0.240762323141098 -0.9250903725624084 -0.5524904131889343 -0.2744392156600952 -0.1044431552290916
280 0.07225412587967013 -0.07164120431693252 0.2269992828369141 -0.4796760976314545 -0.5298002362251282 -0.2407488822937012 -0.92519611120224 -0.552735447883606 -0.2749534547328949 -0.1045983210206032
281 0.0722616277581619 -0.07170556364067414 0.2270419001579285 -0.4796494543552399 -0.5297856330871582 -0.2407518327236176 -0.9253572821617126 -0.5529466271400452 -0.2753951251506805 -0.1047625690698624
282 0.0722600321179984 -0.07174338337512046 0.2270785123109818 -0.4796302914619446 -0.5297765135765076 -0.240773931145668 -0.9255520701408386 -0.5530487298965454 -0.2756496369838715 -0.1048986539244652
283 0.0722544653996728 -0.0717449873906405 0.227112889289856 -0.4796126782894135 -0.5297799706459045 -0.2408138960599899 -0.9256991147994995 -0.5529122948646545 -0.2755674421787262 -0.1049527302384377
284 0.07224652262734473 -0.07169629979961251 0.2271365076303482 -0.4796075820922852 -0.5297920107841492 -0.2408634126186371 -0.9257015585899353 -0.5523894429206848 -0.2749869823455811 -0.104858823120594
285 0.07223149590401776 -0.07160086202224784 0.2271308898925781 -0.4796214401721954 -0.5298075079917908 -0.2409149706363678 -0.9254931807518005 -0.5514399409294128 -0.2738769948482513 -0.1046033352613449
286 0.07221806252510214 -0.0714685205711381 0.2271013259887695 -0.4796430766582489 -0.5298259258270264 -0.2409617453813553 -0.9250736236572266 -0.5501765012741089 -0.2723845541477203 -0.104200541973114
287 0.07220892593287802 -0.07132074426567148 0.2270516604185104 -0.4796728491783142 -0.5298441052436829 -0.2409950792789459 -0.9245102405548096 -0.5488453507423401 -0.270827054977417 -0.1037329658865929
288 0.07219666675181058 -0.07117992016725652 0.2269834727048874 -0.4797094166278839 -0.5298562049865723 -0.2410110980272293 -0.92396080493927 -0.5477428436279297 -0.2695235013961792 -0.1033005341887474
289 0.07218063391824471 -0.07107008844817014 0.2269176691770554 -0.4797392785549164 -0.5298644304275513 -0.2410104870796204 -0.9235783219337463 -0.5470865368843079 -0.2686982154846191 -0.1029872074723244
290 0.07216507745758668 -0.07100529132247785 0.2268670201301575 -0.4797599017620087 -0.5298644304275513 -0.2409914582967758 -0.9234507083892822 -0.5469670295715332 -0.2684123814105988 -0.1028383150696754
291 0.07215219672224382 -0.07099082458304451 0.2268396317958832 -0.4797652661800385 -0.5298543572425842 -0.2409559339284897 -0.92356938123703 -0.5473158359527588 -0.2685890197753906 -0.1028361842036247
292 0.0721466920185744 -0.07102049981903182 0.2268417477607727 -0.4797529578208923 -0.5298402309417725 -0.2409099191427231 -0.9238649010658264 -0.5479851365089417 -0.2690781950950623 -0.1029379889369011
293 0.07214870385830981 -0.07108544177688066 0.2268668115139008 -0.4797326326370239 -0.5298210978507996 -0.2408560663461685 -0.924243152141571 -0.5488173365592957 -0.2697557508945465 -0.1031088083982468
294 0.07215490217088437 -0.07117359865429089 0.2269009947776794 -0.4797081649303436 -0.5297953486442566 -0.2407995611429214 -0.9246314167976379 -0.5496912598609924 -0.2705105841159821 -0.1033133342862129
295 0.07217294446777026 -0.07127699091985897 0.2269512414932251 -0.4796706438064575 -0.529769241809845 -0.2407446205615997 -0.9249708652496338 -0.5505081415176392 -0.2712660729885101 -0.1035294458270073
296 0.07219846656154433 -0.07138032953219958 0.2270053029060364 -0.4796350598335266 -0.5297438502311707 -0.2406935095787048 -0.9252358078956604 -0.5511947274208069 -0.2719199955463409 -0.103726290166378
297 0.07222517372217011 -0.0714801678084729 0.2270522117614746 -0.4796053171157837 -0.5297161340713501 -0.2406481504440308 -0.9253998398780823 -0.5516917705535889 -0.2724704742431641 -0.1039010137319565
298 0.07225315352997809 -0.07157692379387973 0.227095752954483 -0.4795737862586975 -0.5296910405158997 -0.2406133860349655 -0.9254741668701172 -0.5520249009132385 -0.2729663550853729 -0.1040648594498634
299 0.07228177652671919 -0.07166215851035899 0.2271325886249542 -0.4795491397380829 -0.5296743512153625 -0.2405940741300583 -0.9254807829856873 -0.5522316098213196 -0.2734321057796478 -0.1042124256491661
300 0.07230791700896365 -0.0717309356441712 0.2271555662155151 -0.4795361161231995 -0.5296642184257507 -0.2405925244092941 -0.9254292249679565 -0.5523437261581421 -0.273898720741272 -0.1043606176972389
